BL51 BANKED LINKER/LOCATER V6.22                                                        08/31/2022  18:11:48  PAGE 1


BL51 BANKED LINKER/LOCATER V6.22, INVOKED BY:
D:\KEIL5\C51\BIN\BL51.EXE .\Objects\inputs.obj, .\Objects\interrupt_s.obj, .\Objects\mcu.obj, .\Objects\outputs.obj, .\O
>> bjects\gesture.obj, .\Objects\display.obj, .\Objects\main.obj, .\Objects\system.obj, .\Objects\app_timer.obj, .\Objec
>> ts\buzzer.obj, .\Objects\key_v2.3.obj, .\Objects\key_v2.3_lib.obj, .\Objects\misc.obj, .\Objects\tm1640.obj, .\Object
>> s\uart.obj, .\Objects\protocol.obj, .\Objects\handgesture.obj, .\Objects\tm16xx.obj, .\Objects\eeprom.obj, .\Objects\
>> sino_tk_isr.obj, ..\src\sino_touchkey\Lib_Src\TouchKey_JHB_Large_V5.2.LIB TO .\Objects\GY_MB_MN_K2205 PRINT (.\Listin
>> gs\GY_MB_MN_K2205.m51) RAMSIZE (256) DISABLEWARNING (16) CODE (0X0000-0X7FFF) XDATA (0X0000-0X04FF)


MEMORY MODEL: LARGE


INPUT MODULES INCLUDED:
  .\Objects\inputs.obj (INPUTS)
  .\Objects\interrupt_s.obj (INTERRUPT_S)
  .\Objects\mcu.obj (MCU)
  .\Objects\outputs.obj (OUTPUTS)
  .\Objects\gesture.obj (GESTURE)
  .\Objects\display.obj (DISPLAY)
  .\Objects\main.obj (MAIN)
  .\Objects\system.obj (SYSTEM)
  .\Objects\app_timer.obj (APP_TIMER)
  .\Objects\buzzer.obj (BUZZER)
  .\Objects\key_v2.3.obj (KEY_V2_3)
  .\Objects\key_v2.3_lib.obj (KEY_V2_3_LIB)
  .\Objects\misc.obj (MISC)
  .\Objects\tm1640.obj (TM1640)
  .\Objects\uart.obj (UART)
  .\Objects\protocol.obj (PROTOCOL)
  .\Objects\handgesture.obj (HANDGESTURE)
  .\Objects\tm16xx.obj (TM16XX)
  .\Objects\eeprom.obj (EEPROM)
  .\Objects\sino_tk_isr.obj (SINO_TK_ISR)
  ..\src\sino_touchkey\Lib_Src\TouchKey_JHB_Large_V5.2.LIB (SINO_TOUCHKEY)
  D:\KEIL5\C51\LIB\C51L.LIB (?C_STARTUP)
  D:\KEIL5\C51\LIB\C51L.LIB (?C?COPY)
  D:\KEIL5\C51\LIB\C51L.LIB (?C?CLDPTR)
  D:\KEIL5\C51\LIB\C51L.LIB (?C?CLDIPTR)
  D:\KEIL5\C51\LIB\C51L.LIB (?C?CLDOPTR)
  D:\KEIL5\C51\LIB\C51L.LIB (?C?CILDPTR)
  D:\KEIL5\C51\LIB\C51L.LIB (?C?CILDOPTR)
  D:\KEIL5\C51\LIB\C51L.LIB (?C?CSTPTR)
  D:\KEIL5\C51\LIB\C51L.LIB (?C?CSTOPTR)
  D:\KEIL5\C51\LIB\C51L.LIB (?C?IMUL)
  D:\KEIL5\C51\LIB\C51L.LIB (?C?UIDIV)
  D:\KEIL5\C51\LIB\C51L.LIB (?C?IILDX)
  D:\KEIL5\C51\LIB\C51L.LIB (?C?ILDIX)
  D:\KEIL5\C51\LIB\C51L.LIB (?C?ILDPTR)
  D:\KEIL5\C51\LIB\C51L.LIB (?C?ILDOPTR)
  D:\KEIL5\C51\LIB\C51L.LIB (?C?IILDPTR)
  D:\KEIL5\C51\LIB\C51L.LIB (?C?IILDOPTR)
  D:\KEIL5\C51\LIB\C51L.LIB (?C?ISTPTR)
  D:\KEIL5\C51\LIB\C51L.LIB (?C?ISTOPTR)
  D:\KEIL5\C51\LIB\C51L.LIB (?C?ULDIV)
  D:\KEIL5\C51\LIB\C51L.LIB (?C?LNOT)
  D:\KEIL5\C51\LIB\C51L.LIB (?C?ULCMP)
  D:\KEIL5\C51\LIB\C51L.LIB (?C?ULSHR)
  D:\KEIL5\C51\LIB\C51L.LIB (?C?LSHL)
BL51 BANKED LINKER/LOCATER V6.22                                                      08/31/2022  18:11:48  PAGE 2


  D:\KEIL5\C51\LIB\C51L.LIB (?C?LSTXDATA)
  D:\KEIL5\C51\LIB\C51L.LIB (?C?LSTKXDATA)
  D:\KEIL5\C51\LIB\C51L.LIB (?C?OFFXADD)
  D:\KEIL5\C51\LIB\C51L.LIB (?C?ICASE)
  D:\KEIL5\C51\LIB\C51L.LIB (ABS)
  D:\KEIL5\C51\LIB\C51L.LIB (?C_INIT)


LINK MAP OF MODULE:  .\Objects\GY_MB_MN_K2205 (INPUTS)


            TYPE    BASE      LENGTH    RELOCATION   SEGMENT NAME
            -----------------------------------------------------

            * * * * * * *   D A T A   M E M O R Y   * * * * * * *
            REG     0000H     0008H     ABSOLUTE     "REG BANK 0"
            DATA    0008H     0002H     UNIT         ?DT?SINO_TK_ISR
            IDATA   000AH     0010H     UNIT         ?ID?APP_TIMER
            IDATA   001AH     0004H     UNIT         ?ID?KEY_V2_3
            IDATA   001EH     0002H     UNIT         ?ID?DISPLAY
            BIT     0020H.0   0002H.0   UNIT         ?BI?SINO_TK_ISR
            BIT     0022H.0   0000H.4   UNIT         ?BI?APP_TIMER
            BIT     0022H.4   0000H.2   UNIT         ?BI?_GET_PIN_STATE2?MISC
            BIT     0022H.6   0000H.2   UNIT         _BIT_GROUP_
            BIT     0023H.0   0000H.1   UNIT         ?BI?INTERRUPT_S
                    0023H.1   0000H.7                *** GAP ***
            IDATA   0024H     0001H     UNIT         ?STACK

            * * * * * * *  X D A T A   M E M O R Y  * * * * * * *
            XDATA   0000H     01FCH     UNIT         ?XD?SINO_TK_ISR
            XDATA   01FCH     0039H     UNIT         ?XD?HANDGESTURE
            XDATA   0235H     0036H     UNIT         ?XD?PROTOCOL
            XDATA   026BH     0035H     UNIT         ?XD?SYSTEM
            XDATA   02A0H     001CH     UNIT         _XDATA_GROUP_
            XDATA   02BCH     0014H     UNIT         ?XD?TM16XX
            XDATA   02D0H     0012H     UNIT         ?XD?TM1640
            XDATA   02E2H     000BH     UNIT         ?XD?_SIMPLE_ITOA?MISC
            XDATA   02EDH     0009H     UNIT         ?XD?BUZZER
            XDATA   02F6H     0008H     UNIT         ?XD?_BUBBLE_SORT?MISC
            XDATA   02FEH     0006H     UNIT         ?XD?GESTURE
            XDATA   0304H     0006H     UNIT         ?XD?EEPROM
            XDATA   030AH     0005H     UNIT         ?XD?_VERIFY_CHECK_SUM?MISC
            XDATA   030FH     0004H     UNIT         ?XD?INTERRUPT_S
            XDATA   0313H     0004H     UNIT         ?XD?KEY_V2_3_LIB
            XDATA   0317H     0003H     UNIT         ?XD?MAIN
            XDATA   031AH     0003H     UNIT         ?XD?APP_TIMER
            XDATA   031DH     0002H     UNIT         ?XD?KEY_V2_3
            XDATA   031FH     0002H     UNIT         ?XD?_READ_U16_INT51?MISC

            * * * * * * *   C O D E   M E M O R Y   * * * * * * *
            CODE    0000H     0003H     ABSOLUTE     
            CODE    0003H     0008H     UNIT         ?PR?DISPLAY_ALL?DISPLAY
            CODE    000BH     0003H     ABSOLUTE     
            CODE    000EH     000DH     UNIT         ?PR?GESTURE_PWM_OFF?GESTURE
            CODE    001BH     0003H     ABSOLUTE     
            CODE    001EH     000DH     UNIT         ?PR?GESTURE_PWM_ON?GESTURE
            CODE    002BH     0003H     ABSOLUTE     
BL51 BANKED LINKER/LOCATER V6.22                                                      08/31/2022  18:11:48  PAGE 3


            CODE    002EH     001DH     UNIT         ?PR?UPDATE_ALL_INPUTS?INPUTS
            CODE    004BH     0003H     ABSOLUTE     
            CODE    004EH     0033H     UNIT         ?PR?TIMER3_INT?INTERRUPT_S
            CODE    0081H     0001H     UNIT         ?PR?DIS_DIGITAL_SCREEN?DISPLAY
            CODE    0082H     0001H     UNIT         ?PR?DIS_LEVEL_LIGHT?DISPLAY
            CODE    0083H     0003H     ABSOLUTE     
            CODE    0086H     18BBH     UNIT         ?PR?KEY_JUDGE?SINO_TOUCHKEY
            CODE    1941H     0538H     UNIT         ?C?LIB_CODE
            CODE    1E79H     035AH     UNIT         ?PR?SETTING_TASK_FUNCTION?SYSTEM
            CODE    21D3H     0300H     UNIT         ?CO?MISC
            CODE    24D3H     0291H     UNIT         ?PR?GETINITIALTOUCHKEYDATA?SINO_TOUCHKEY
            CODE    2764H     0283H     UNIT         ?PR?FCT_TEST_TASK?MAIN
            CODE    29E7H     0283H     UNIT         ?PR?POWER_OFF_TASK_FUNCTION?SYSTEM
            CODE    2C6AH     0245H     UNIT         ?PR?_TM16XX_SHOW_STALL?TM16XX
            CODE    2EAFH     021BH     UNIT         ?PR?UPDATE_HAND_GESTURE?HANDGESTURE
            CODE    30CAH     016EH     UNIT         ?PR?SEND_PANEL_COMM?PROTOCOL
            CODE    3238H     016EH     UNIT         ?PR?TK_PARA_INIT?SINO_TK_ISR
            CODE    33A6H     0131H     UNIT         ?PR?HAND_SCAN?HANDGESTURE
            CODE    34D7H     0112H     UNIT         ?PR?_ENIO?SINO_TK_ISR
            CODE    35E9H     0109H     UNIT         ?PR?_ENTK?SINO_TK_ISR
            CODE    36F2H     0106H     UNIT         ?PR?_KEY_BOARD_SCAN?KEY_V2_3_LIB
            CODE    37F8H     0104H     UNIT         ?PR?TOUCHKEY_SAMP_FRE_SET?SINO_TOUCHKEY
            CODE    38FCH     00FFH     UNIT         ?PR?_TM16XX_SHOW_NUM?TM16XX
            CODE    39FBH     00F8H     UNIT         ?PR?_BUBBLE_SORT?MISC
            CODE    3AF3H     00EDH     UNIT         ?PR?TOUCHKEYINIT?SINO_TOUCHKEY
            CODE    3BE0H     00E3H     UNIT         ?PR?_UART_RECV_BYTE_ISR?UART
            CODE    3CC3H     00E3H     UNIT         ?PR?_PROCESS_PACKET?PROTOCOL
            CODE    3DA6H     00E0H     UNIT         ?CO?SINO_TK_ISR
            CODE    3E86H     00CEH     UNIT         ?PR?ISR_TK?SINO_TK_ISR
            CODE    3F54H     00C9H     UNIT         ?PR?_HAND_GESTURE_SCAN?HANDGESTURE
            CODE    401DH     00C6H     UNIT         ?PR?MUSIC_BUZZ_CTRL?BUZZER
            CODE    40E3H     00BDH     UNIT         ?C_INITSEG
            CODE    41A0H     00B9H     UNIT         ?PR?MCU_INIT?MCU
            CODE    4259H     00B3H     UNIT         ?PR?TOGGLE_TASK?SYSTEM
            CODE    430CH     00A2H     UNIT         ?PR?DOWN_CLOCK?APP_TIMER
            CODE    43AEH     009DH     UNIT         ?PR?_TM1640_SHOW_NUM?TM1640
            CODE    444BH     009DH     UNIT         ?PR?READ_PARA_BLOCK?EEPROM
            CODE    44E8H     009BH     UNIT         ?PR?_SIMPLE_ITOA?MISC
            CODE    4583H     009AH     UNIT         ?PR?_TM16XX_SHOW_HEX?TM16XX
            CODE    461DH     0092H     UNIT         ?PR?_CLOCK?APP_TIMER
            CODE    46AFH     008EH     UNIT         ?PR?KEY_SCAN?KEY_V2_3
            CODE    473DH     008CH     UNIT         ?C_C51STARTUP
            CODE    47C9H     008AH     UNIT         ?CO?BUZZER
            CODE    4853H     0087H     UNIT         ?PR?MAIN?MAIN
            CODE    48DAH     0080H     UNIT         ?PR?_KEY_TIME_COUNT?KEY_V2_3
            CODE    495AH     007FH     UNIT         ?PR?TM1640_SHOW_TIME?TM1640
            CODE    49D9H     007FH     UNIT         ?PR?_EEPROM_WRITE?EEPROM
            CODE    4A58H     007EH     UNIT         ?PR?_UART_SEND_BYTE_ISR?UART
            CODE    4AD6H     007DH     UNIT         ?PR?_CRC16_CAL?MISC
            CODE    4B53H     007CH     UNIT         ?PR?ROBAM_TASK_CTRL?APP_TIMER
            CODE    4BCFH     006EH     UNIT         ?PR?TIMERNMS_COUNT?APP_TIMER
            CODE    4C3DH     006EH     UNIT         ?PR?_PANEL_PACKET_CHECK?UART
            CODE    4CABH     006CH     UNIT         ?PR?_VERIFY_CHECK_CRC16?MISC
            CODE    4D17H     006AH     UNIT         ?PR?TIMER4_INT?INTERRUPT_S
            CODE    4D81H     0064H     UNIT         ?PR?SAVE_PARA_BLOCK?EEPROM
            CODE    4DE5H     005BH     UNIT         ?PR?UART2_INT?INTERRUPT_S
            CODE    4E40H     0059H     UNIT         ?PR?TM1640_TEST?TM1640
BL51 BANKED LINKER/LOCATER V6.22                                                      08/31/2022  18:11:48  PAGE 4


            CODE    4E99H     0059H     UNIT         ?PR?TM16XX_DRIVE?TM16XX
            CODE    4EF2H     0058H     UNIT         ?PR?_HAND_TIME_COUNT?HANDGESTURE
            CODE    4F4AH     0051H     UNIT         ?PR?_CLOCK_INIT?APP_TIMER
            CODE    4F9BH     0051H     UNIT         ?PR?_GET_CHECK_SUM?MISC
            CODE    4FECH     004DH     UNIT         ?PR?DISPLAY_DRIVE?DISPLAY
            CODE    5039H     0048H     UNIT         ?PR?_READ_E2_BYTES?EEPROM
            CODE    5081H     0048H     UNIT         ?PR?_READ_E3_BYTES?EEPROM
            CODE    50C9H     0047H     UNIT         ?PR?_UART_PACKET_DEAL?UART
            CODE    5110H     0044H     UNIT         ?PR?HANDTUBE_CTRL?HANDGESTURE
            CODE    5154H     0040H     UNIT         ?PR?_EEPROM_ERASE?EEPROM
            CODE    5194H     003FH     UNIT         ?PR?TIMER5_INT?INTERRUPT_S
            CODE    51D3H     003FH     UNIT         ?PR?TK_SAMP_FRE_SET?SINO_TK_ISR
            CODE    5212H     003BH     UNIT         ?PR?SYSTEM_INIT?SYSTEM
            CODE    524DH     003BH     UNIT         ?PR?_VERIFY_CHECK_SUM?MISC
            CODE    5288H     0037H     UNIT         ?PR?_UART_RECV_BYTE?UART
            CODE    52BFH     0032H     UNIT         ?PR?_HAND_UP_DEAL?HANDGESTURE
            CODE    52F1H     0031H     UNIT         ?PR?_KEY_UP_DEAL?KEY_V2_3_LIB
            CODE    5322H     002FH     UNIT         ?PR?TM1640_SHOW_FULLY?TM1640
            CODE    5351H     002BH     UNIT         ?PR?GET_TK_BASELINE?SINO_TOUCHKEY
            CODE    537CH     002AH     UNIT         ?PR?_TM16XX_SHOW_3_NUM?TM16XX
            CODE    53A6H     0028H     UNIT         ?PR?RESET_PARA_VALUE?SYSTEM
            CODE    53CEH     0028H     UNIT         ?PR?_MUSIC_BUZZ_START?BUZZER
            CODE    53F6H     0028H     UNIT         ?PR?_UART_SEND_BYTE?UART
            CODE    541EH     0026H     UNIT         ?PR?SYSTEM_TASKS?SYSTEM
            CODE    5444H     0026H     UNIT         ?CO?TM16XX
            CODE    546AH     0025H     UNIT         ?PR?TM16XX_ALL_SHOW?TM16XX
            CODE    548FH     0024H     UNIT         ?PR?TM16XX_CLSER?TM16XX
            CODE    54B3H     0023H     UNIT         ?PR?GESTURE_CTRL?GESTURE
            CODE    54D6H     0023H     UNIT         ?PR?_GET_PIN_STATE2?MISC
            CODE    54F9H     0023H     UNIT         ?PR?_READ_U16_INT51?MISC
            CODE    551CH     0021H     UNIT         ?PR?TM1640_SHOW_CLS?TM1640
            CODE    553DH     001EH     UNIT         ?PR?_KEY_BOARD_INIT?KEY_V2_3_LIB
            CODE    555BH     001EH     UNIT         ?PR?_KEY_BOARD_WAITUP?KEY_V2_3_LIB
            CODE    5579H     001EH     UNIT         ?PR?_SEND_BYTE?TM16XX
            CODE    5597H     001EH     UNIT         ?PR?TOUCHKEY_GO?SINO_TOUCHKEY
            CODE    55B5H     001DH     UNIT         ?PR?_TM1640_SEND_CHAR?TM1640
            CODE    55D2H     001DH     UNIT         ?PR?_HAND_GESTURE_INIT?HANDGESTURE
            CODE    55EFH     001DH     UNIT         ?PR?_WRITE_E2_BYTES?EEPROM
            CODE    560CH     001DH     UNIT         ?PR?_WRITE_E3_BYTES?EEPROM
            CODE    5629H     001CH     UNIT         ?PR?_CRC8_CALC?MISC
            CODE    5645H     001CH     UNIT         ?PR?GET_TK_STATES?SINO_TOUCHKEY
            CODE    5661H     001BH     UNIT         ?PR?_INC_DATA_16?MISC
            CODE    567CH     0019H     UNIT         ?PR?_MUSIC_BUZZ_SETFREQ?BUZZER
            CODE    5695H     0019H     UNIT         ?PR?INIT_TKERRCHK?SINO_TK_ISR
            CODE    56AEH     0016H     UNIT         ?PR?_LIM_MAX_16?MISC
            CODE    56C4H     0016H     UNIT         ?PR?_LIM_MIN_16?MISC
            CODE    56DAH     0015H     UNIT         ?PR?START_INTERRUPTS?MCU
            CODE    56EFH     0015H     UNIT         ?PR?_DEC_DATA_16?MISC
            CODE    5704H     0015H     UNIT         ?PR?PROTOCOL_INIT?PROTOCOL
            CODE    5719H     0014H     UNIT         ?PR?_LIM_MIN_8?MISC
            CODE    572DH     0014H     UNIT         ?PR?_U16_UP?MISC
            CODE    5741H     0012H     UNIT         ?PR?_UART_INIT?UART
            CODE    5753H     0011H     UNIT         ?PR?_INC_DATA_8?MISC
            CODE    5764H     0011H     UNIT         ?PR?_WRITE_U16_INT51?MISC
            CODE    5775H     0011H     UNIT         ?PR?_TM1640_SHOW_CHARACTER?TM1640
            CODE    5786H     0011H     UNIT         ?PR?_TM1640_SHOW_ICON?TM1640
            CODE    5797H     0011H     UNIT         ?PR?_UART_BYTE_TMR_DN?UART
BL51 BANKED LINKER/LOCATER V6.22                                                      08/31/2022  18:11:48  PAGE 5


            CODE    57A8H     0010H     UNIT         ?PR?_DEC_DATA_8?MISC
            CODE    57B8H     0010H     UNIT         ?PR?TM16XX_SHOW_COLON?TM16XX
            CODE    57C8H     0010H     UNIT         ?PR?DISTK?SINO_TK_ISR
            CODE    57D8H     000FH     UNIT         ?PR?_LIM_MAX_8?MISC
            CODE    57E7H     000FH     UNIT         ?PR?_U16_DN?MISC
            CODE    57F6H     000FH     UNIT         ?PR?TM1640_START?TM1640
            CODE    5805H     000FH     UNIT         ?PR?TM1640_END?TM1640
            CODE    5814H     000EH     UNIT         ?PR?PRODUCT_TASK?MAIN
            CODE    5822H     000EH     UNIT         ?PR?_U8_UP?MISC
            CODE    5830H     000EH     UNIT         ?PR?_TM1640_SHOW_DATA?TM1640
            CODE    583EH     000CH     UNIT         ?PR?MUSIC_BUZZ_INIT?BUZZER
            CODE    584AH     000CH     UNIT         ?PR?TK_RESETCHK?SINO_TK_ISR
            CODE    5856H     000CH     UNIT         ?PR?_ABS?ABS
            CODE    5862H     000BH     UNIT         ?PR?_DELAY_10US?APP_TIMER
            CODE    586DH     000BH     UNIT         ?PR?_U8_DN?MISC
            CODE    5878H     000BH     UNIT         ?PR?DELAY?TM1640
            CODE    5883H     000AH     UNIT         ?PR?CLEAR_WDT?MCU
            CODE    588DH     000AH     UNIT         ?PR?MUSIC_BUZZ_FRQOFF?BUZZER
            CODE    5897H     000AH     UNIT         ?PR?_TM16XX_SHOW_NUM_STALL?TM16XX
            CODE    58A1H     0009H     UNIT         ?PR?_TM1640_SEND_COMMAND?TM1640
            CODE    58AAH     0008H     UNIT         ?PR?DISPLAY_CLEAR?DISPLAY
            CODE    58B2H     0007H     UNIT         ?PR?_N_NOP?TM16XX
            CODE    58B9H     0006H     UNIT         ?PR?UPDATE_ALL_OUTPUT?OUTPUTS
            CODE    58BFH     0004H     UNIT         ?PR?TK_START?SINO_TK_ISR
            CODE    58C3H     0004H     UNIT         ?PR?RST_WDT?SINO_TK_ISR
            CODE    58C7H     0003H     UNIT         ?PR?CLEAR_ALL_OUTPUT?OUTPUTS
            CODE    58CAH     0003H     UNIT         ?PR?_TM1640_SEND_ADDRESS?TM1640
            CODE    58CDH     0001H     UNIT         ?PR?WHEEL_DISPLAY?DISPLAY
            CODE    58CEH     0001H     UNIT         ?PR?SH79F328_LED_INIT?DISPLAY
            CODE    58CFH     0001H     UNIT         ?PR?RUN_TASK_FUNCTION?SYSTEM
            CODE    58D0H     0001H     UNIT         ?PR?ERROR_TASK_FUNCTION?SYSTEM
            CODE    58D1H     0001H     UNIT         ?PR?GET_SCAN_VALUE?KEY_V2_3
            CODE    58D2H     0001H     UNIT         ?CO?KEY_V2_3



OVERLAY MAP OF MODULE:   .\Objects\GY_MB_MN_K2205 (INPUTS)


SEGMENT                                             BIT_GROUP          XDATA_GROUP
  +--> CALLED SEGMENT                            START    LENGTH     START    LENGTH
------------------------------------------------------------------------------------
?PR?TIMER4_INT?INTERRUPT_S                       -----    -----      -----    -----
  +--> ?PR?_UART_BYTE_TMR_DN?UART
  +--> ?PR?HANDTUBE_CTRL?HANDGESTURE

*** NEW ROOT ***************************************************

?PR?TIMER5_INT?INTERRUPT_S                       -----    -----      -----    -----
  +--> ?PR?UPDATE_HAND_GESTURE?HANDGESTURE

*** NEW ROOT ***************************************************

?PR?UART2_INT?INTERRUPT_S                        -----    -----      -----    -----
  +--> ?PR?_UART_RECV_BYTE_ISR?UART
  +--> ?PR?_UART_SEND_BYTE_ISR?UART

BL51 BANKED LINKER/LOCATER V6.22                                                      08/31/2022  18:11:48  PAGE 6


?PR?_UART_RECV_BYTE_ISR?UART                     -----    -----      02A0H    0004H
  +--> ?PR?_UART_RECV_BYTE?UART

?PR?_UART_RECV_BYTE?UART                         -----    -----      02A4H    0001H

?PR?_UART_SEND_BYTE_ISR?UART                     -----    -----      02A0H    0003H
  +--> ?PR?_UART_SEND_BYTE?UART

*** NEW ROOT ***************************************************

?PR?ISR_TK?SINO_TK_ISR                           -----    -----      -----    -----
  +--> ?CO?SINO_TK_ISR
  +--> ?PR?DISTK?SINO_TK_ISR
  +--> ?PR?_ENTK?SINO_TK_ISR

?PR?_ENTK?SINO_TK_ISR                            -----    -----      -----    -----
  +--> ?CO?SINO_TK_ISR

*** NEW ROOT ***************************************************

?C_C51STARTUP                                    -----    -----      -----    -----
  +--> ?PR?MAIN?MAIN
  +--> ?C_INITSEG

?PR?MAIN?MAIN                                    -----    -----      02A5H    0001H
  +--> ?PR?MCU_INIT?MCU
  +--> ?PR?_READ_E2_BYTES?EEPROM
  +--> ?PR?_READ_E3_BYTES?EEPROM
  +--> ?PR?READ_PARA_BLOCK?EEPROM
  +--> ?PR?SYSTEM_INIT?SYSTEM
  +--> ?PR?START_INTERRUPTS?MCU
  +--> ?PR?CLEAR_WDT?MCU
  +--> ?PR?DOWN_CLOCK?APP_TIMER
  +--> ?PR?_CLOCK?APP_TIMER
  +--> ?PR?TIMERNMS_COUNT?APP_TIMER
  +--> ?PR?ROBAM_TASK_CTRL?APP_TIMER
  +--> ?PR?_UART_PACKET_DEAL?UART
  +--> ?PR?UPDATE_ALL_INPUTS?INPUTS
  +--> ?PR?_HAND_GESTURE_SCAN?HANDGESTURE
  +--> ?PR?PRODUCT_TASK?MAIN
  +--> ?PR?UPDATE_ALL_OUTPUT?OUTPUTS

?PR?MCU_INIT?MCU                                 -----    -----      -----    -----
  +--> ?PR?CLEAR_WDT?MCU
  +--> ?PR?_DELAY_10US?APP_TIMER

?PR?CLEAR_WDT?MCU                                -----    -----      02A6H    0001H

?PR?_READ_E2_BYTES?EEPROM                        -----    -----      02A6H    0005H

?PR?_READ_E3_BYTES?EEPROM                        -----    -----      02A6H    0005H

?PR?READ_PARA_BLOCK?EEPROM                       -----    -----      02A6H    0006H

?PR?SYSTEM_INIT?SYSTEM                           -----    -----      -----    -----
  +--> ?PR?CLEAR_ALL_OUTPUT?OUTPUTS
  +--> ?PR?PROTOCOL_INIT?PROTOCOL
BL51 BANKED LINKER/LOCATER V6.22                                                      08/31/2022  18:11:48  PAGE 7


  +--> ?PR?TOUCHKEYINIT?SINO_TOUCHKEY
  +--> ?PR?_CLOCK_INIT?APP_TIMER
  +--> ?PR?_KEY_BOARD_INIT?KEY_V2_3_LIB
  +--> ?PR?GET_TK_BASELINE?SINO_TOUCHKEY
  +--> ?PR?_HAND_GESTURE_INIT?HANDGESTURE
  +--> ?PR?RESET_PARA_VALUE?SYSTEM

?PR?CLEAR_ALL_OUTPUT?OUTPUTS                     -----    -----      -----    -----
  +--> ?PR?DISPLAY_CLEAR?DISPLAY

?PR?DISPLAY_CLEAR?DISPLAY                        -----    -----      -----    -----
  +--> ?PR?TM16XX_CLSER?TM16XX

?PR?PROTOCOL_INIT?PROTOCOL                       -----    -----      -----    -----
  +--> ?PR?_UART_INIT?UART

?PR?TOUCHKEYINIT?SINO_TOUCHKEY                   -----    -----      -----    -----
  +--> ?PR?TK_PARA_INIT?SINO_TK_ISR

?PR?TK_PARA_INIT?SINO_TK_ISR                     -----    -----      02A6H    0001H
  +--> ?CO?SINO_TK_ISR
  +--> ?PR?_ENIO?SINO_TK_ISR
  +--> ?PR?_ENTK?SINO_TK_ISR
  +--> ?PR?TK_SAMP_FRE_SET?SINO_TK_ISR

?PR?TK_SAMP_FRE_SET?SINO_TK_ISR                  -----    -----      -----    -----
  +--> ?PR?DISTK?SINO_TK_ISR
  +--> ?PR?_ENTK?SINO_TK_ISR
  +--> ?CO?SINO_TK_ISR

?PR?_CLOCK_INIT?APP_TIMER                        -----    -----      02A6H    0003H

?PR?GET_TK_BASELINE?SINO_TOUCHKEY                -----    -----      -----    -----
  +--> ?PR?RST_WDT?SINO_TK_ISR
  +--> ?PR?TK_SAMP_FRE_SET?SINO_TK_ISR
  +--> ?PR?TK_START?SINO_TK_ISR
  +--> ?PR?GETINITIALTOUCHKEYDATA?SINO_TOUCHKEY
  +--> ?PR?INIT_TKERRCHK?SINO_TK_ISR

?PR?GETINITIALTOUCHKEYDATA?SINO_TOUCHKEY         -----    -----      02A6H    0006H
  +--> ?PR?TOUCHKEY_SAMP_FRE_SET?SINO_TOUCHKEY
  +--> ?CO?SINO_TK_ISR

?PR?TOUCHKEY_SAMP_FRE_SET?SINO_TOUCHKEY          -----    -----      -----    -----
  +--> ?CO?SINO_TK_ISR
  +--> ?PR?TK_SAMP_FRE_SET?SINO_TK_ISR

?PR?DOWN_CLOCK?APP_TIMER                         -----    -----      -----    -----
  +--> ?PR?_TM16XX_SHOW_NUM?TM16XX

?PR?_TM16XX_SHOW_NUM?TM16XX                      -----    -----      -----    -----
  +--> ?CO?TM16XX

?PR?_CLOCK?APP_TIMER                             -----    -----      02A6H    0003H
  +--> ?PR?_WRITE_E3_BYTES?EEPROM

?PR?_WRITE_E3_BYTES?EEPROM                       -----    -----      -----    -----
BL51 BANKED LINKER/LOCATER V6.22                                                      08/31/2022  18:11:48  PAGE 8


  +--> ?PR?_EEPROM_ERASE?EEPROM
  +--> ?PR?_EEPROM_WRITE?EEPROM

?PR?_EEPROM_ERASE?EEPROM                         0022H.6  0000H.1    -----    -----

?PR?_EEPROM_WRITE?EEPROM                         0022H.6  0000H.1    02A9H    0006H

?PR?ROBAM_TASK_CTRL?APP_TIMER                    -----    -----      -----    -----
  +--> ?PR?SAVE_PARA_BLOCK?EEPROM

?PR?SAVE_PARA_BLOCK?EEPROM                       -----    -----      -----    -----
  +--> ?PR?_EEPROM_ERASE?EEPROM
  +--> ?PR?_EEPROM_WRITE?EEPROM

?PR?_UART_PACKET_DEAL?UART                       0022H.6  0000H.1    02A6H    0003H
  +--> ?PR?_PANEL_PACKET_CHECK?UART
  +--> ?PR?_PROCESS_PACKET?PROTOCOL

?PR?_PANEL_PACKET_CHECK?UART                     0022H.7  0000H.1    02A9H    0004H
  +--> ?PR?_VERIFY_CHECK_CRC16?MISC
  +--> ?PR?_GET_CHECK_SUM?MISC

?PR?_VERIFY_CHECK_CRC16?MISC                     -----    -----      02ADH    0007H
  +--> ?PR?_CRC16_CAL?MISC

?PR?_CRC16_CAL?MISC                              -----    -----      02B4H    0008H
  +--> ?CO?MISC

?PR?_GET_CHECK_SUM?MISC                          -----    -----      02ADH    0006H

?PR?UPDATE_ALL_INPUTS?INPUTS                     -----    -----      -----    -----
  +--> ?PR?GET_TK_STATES?SINO_TOUCHKEY
  +--> ?PR?_KEY_BOARD_SCAN?KEY_V2_3_LIB

?PR?GET_TK_STATES?SINO_TOUCHKEY                  -----    -----      -----    -----
  +--> ?PR?TOUCHKEY_GO?SINO_TOUCHKEY
  +--> ?PR?KEY_JUDGE?SINO_TOUCHKEY
  +--> ?PR?TK_SAMP_FRE_SET?SINO_TK_ISR
  +--> ?PR?TK_RESETCHK?SINO_TK_ISR

?PR?TOUCHKEY_GO?SINO_TOUCHKEY                    -----    -----      -----    -----
  +--> ?PR?TK_START?SINO_TK_ISR

?PR?KEY_JUDGE?SINO_TOUCHKEY                      0022H.6  0000H.1    02A6H    0015H
  +--> ?CO?SINO_TK_ISR
  +--> ?PR?_ABS?ABS
  +--> ?PR?TOUCHKEY_SAMP_FRE_SET?SINO_TOUCHKEY

?PR?TK_RESETCHK?SINO_TK_ISR                      -----    -----      -----    -----
  +--> ?PR?GETINITIALTOUCHKEYDATA?SINO_TOUCHKEY

?PR?_KEY_BOARD_SCAN?KEY_V2_3_LIB                 -----    -----      02A6H    0003H
  +--> ?PR?KEY_SCAN?KEY_V2_3
  +--> ?CO?KEY_V2_3
  +--> ?PR?_KEY_UP_DEAL?KEY_V2_3_LIB
  +--> ?PR?_KEY_TIME_COUNT?KEY_V2_3

BL51 BANKED LINKER/LOCATER V6.22                                                      08/31/2022  18:11:48  PAGE 9


?PR?_HAND_GESTURE_SCAN?HANDGESTURE               -----    -----      02A6H    0003H
  +--> ?PR?HAND_SCAN?HANDGESTURE
  +--> ?PR?_HAND_TIME_COUNT?HANDGESTURE

?PR?HAND_SCAN?HANDGESTURE                        -----    -----      -----    -----
  +--> ?PR?_U16_DN?MISC
  +--> ?PR?_U8_UP?MISC
  +--> ?PR?_U16_UP?MISC

?PR?PRODUCT_TASK?MAIN                            -----    -----      -----    -----
  +--> ?PR?FCT_TEST_TASK?MAIN
  +--> ?PR?SYSTEM_TASKS?SYSTEM

?PR?FCT_TEST_TASK?MAIN                           -----    -----      02A6H    0002H
  +--> ?PR?_U8_DN?MISC
  +--> ?PR?_U16_DN?MISC
  +--> ?PR?DISPLAY_ALL?DISPLAY
  +--> ?PR?DISPLAY_CLEAR?DISPLAY
  +--> ?PR?_TM16XX_SHOW_NUM?TM16XX
  +--> ?PR?_TM16XX_SHOW_STALL?TM16XX
  +--> ?PR?_TM16XX_SHOW_HEX?TM16XX

?PR?DISPLAY_ALL?DISPLAY                          -----    -----      -----    -----
  +--> ?PR?TM16XX_ALL_SHOW?TM16XX

?PR?_TM16XX_SHOW_HEX?TM16XX                      -----    -----      -----    -----
  +--> ?CO?TM16XX

?PR?SYSTEM_TASKS?SYSTEM                          -----    -----      -----    -----
  +--> ?PR?TOGGLE_TASK?SYSTEM
  +--> ?PR?POWER_OFF_TASK_FUNCTION?SYSTEM
  +--> ?PR?SETTING_TASK_FUNCTION?SYSTEM
  +--> ?PR?RUN_TASK_FUNCTION?SYSTEM
  +--> ?PR?ERROR_TASK_FUNCTION?SYSTEM

?PR?TOGGLE_TASK?SYSTEM                           -----    -----      -----    -----
  +--> ?PR?TM16XX_SHOW_COLON?TM16XX

?PR?POWER_OFF_TASK_FUNCTION?SYSTEM               -----    -----      02A6H    0002H
  +--> ?PR?CLEAR_ALL_OUTPUT?OUTPUTS
  +--> ?PR?_WRITE_E3_BYTES?EEPROM
  +--> ?PR?_U16_DN?MISC

?PR?SETTING_TASK_FUNCTION?SYSTEM                 -----    -----      02A6H    0002H
  +--> ?PR?TM16XX_CLSER?TM16XX
  +--> ?PR?_LIM_MIN_8?MISC
  +--> ?PR?_LIM_MAX_8?MISC
  +--> ?PR?_WRITE_E2_BYTES?EEPROM
  +--> ?PR?_TM16XX_SHOW_3_NUM?TM16XX
  +--> ?PR?_TM16XX_SHOW_STALL?TM16XX

?PR?_WRITE_E2_BYTES?EEPROM                       -----    -----      -----    -----
  +--> ?PR?_EEPROM_ERASE?EEPROM
  +--> ?PR?_EEPROM_WRITE?EEPROM

?PR?_TM16XX_SHOW_3_NUM?TM16XX                    -----    -----      -----    -----
  +--> ?CO?TM16XX
BL51 BANKED LINKER/LOCATER V6.22                                                      08/31/2022  18:11:48  PAGE 10



?PR?UPDATE_ALL_OUTPUT?OUTPUTS                    -----    -----      -----    -----
  +--> ?PR?DISPLAY_DRIVE?DISPLAY
  +--> ?PR?SEND_PANEL_COMM?PROTOCOL

?PR?DISPLAY_DRIVE?DISPLAY                        -----    -----      -----    -----
  +--> ?PR?TM16XX_DRIVE?TM16XX

?PR?TM16XX_DRIVE?TM16XX                          -----    -----      -----    -----
  +--> ?PR?_SEND_BYTE?TM16XX

?PR?SEND_PANEL_COMM?PROTOCOL                     -----    -----      02A6H    0002H
  +--> ?PR?_CRC16_CAL?MISC
  +--> ?PR?_UART_SEND_BYTE?UART



SYMBOL TABLE OF MODULE:  .\Objects\GY_MB_MN_K2205 (INPUTS)

  VALUE           TYPE          NAME
  ----------------------------------

  -------         MODULE        INPUTS
  C:0000H         SYMBOL        _ICE_DUMMY_
  D:0080H         PUBLIC        P0
  D:0090H         PUBLIC        P1
  D:00A0H         PUBLIC        P2
  D:00B0H         PUBLIC        P3
  D:00C0H         PUBLIC        P4
  D:0080H         PUBLIC        P5
  C:002EH         PUBLIC        update_all_inputs
  -------         PROC          UPDATE_ALL_INPUTS
  C:002EH         LINE#         4
  C:002EH         LINE#         5
  C:002EH         LINE#         6
  C:0031H         LINE#         7
  C:0042H         LINE#         8
  -------         ENDPROC       UPDATE_ALL_INPUTS
  -------         ENDMOD        INPUTS

  -------         MODULE        INTERRUPT_S
  C:0000H         SYMBOL        _ICE_DUMMY_
  D:0080H         PUBLIC        P0
  D:0090H         PUBLIC        P1
  D:00A0H         PUBLIC        P2
  D:00B0H         PUBLIC        P3
  C:004EH         PUBLIC        Timer3_INT
  D:00C0H         PUBLIC        P4
  C:4D17H         PUBLIC        Timer4_INT
  D:0080H         PUBLIC        P5
  C:5194H         PUBLIC        Timer5_INT
  X:0312H         PUBLIC        time_10ms_ct
  B:0023H.0       PUBLIC        run_sec_f
  C:4DE5H         PUBLIC        UART2_INT
  D:0086H         PUBLIC        INSCON
  B:0090H.0       PUBLIC        RI2
  B:0090H.1       PUBLIC        TI2
BL51 BANKED LINKER/LOCATER V6.22                                                      08/31/2022  18:11:48  PAGE 11


  -------         PROC          TIMER3_INT
  -------         DO            
  X:030FH         SYMBOL        t_1s_ct
  -------         ENDDO         
  C:004EH         LINE#         9
  C:005BH         LINE#         12
  C:005DH         LINE#         13
  C:0060H         LINE#         15
  C:0063H         LINE#         16
  C:0070H         LINE#         17
  C:0070H         LINE#         18
  C:0072H         LINE#         19
  C:0074H         LINE#         20
  C:0074H         LINE#         22
  C:0076H         LINE#         23
  -------         ENDPROC       TIMER3_INT
  -------         PROC          TIMER4_INT
  -------         DO            
  X:0310H         SYMBOL        t10ms_ct
  X:0311H         SYMBOL        t1ms_ct
  -------         ENDDO         
  C:4D17H         LINE#         26
  C:4D34H         LINE#         30
  C:4D36H         LINE#         32
  C:4D39H         LINE#         33
  C:4D46H         LINE#         34
  C:4D46H         LINE#         35
  C:4D48H         LINE#         36
  C:4D4AH         LINE#         37
  C:4D4AH         LINE#         39
  C:4D50H         LINE#         40
  C:4D56H         LINE#         41
  C:4D56H         LINE#         42
  C:4D58H         LINE#         44
  C:4D61H         LINE#         45
  C:4D61H         LINE#         47
  C:4D64H         LINE#         48
  C:4D66H         LINE#         49
  -------         ENDPROC       TIMER4_INT
  -------         PROC          TIMER5_INT
  C:5194H         LINE#         53
  C:51B1H         LINE#         55
  C:51B3H         LINE#         57
  C:51B6H         LINE#         59
  C:51B8H         LINE#         60
  -------         ENDPROC       TIMER5_INT
  -------         PROC          UART2_INT
  C:4DE5H         LINE#         63
  C:4E02H         LINE#         65
  C:4E04H         LINE#         66
  C:4E07H         LINE#         68
  C:4E0AH         LINE#         69
  C:4E0AH         LINE#         70
  C:4E0CH         LINE#         71
  C:4E15H         LINE#         72
  C:4E15H         LINE#         74
  C:4E18H         LINE#         75
BL51 BANKED LINKER/LOCATER V6.22                                                      08/31/2022  18:11:48  PAGE 12


  C:4E18H         LINE#         76
  C:4E1AH         LINE#         77
  C:4E23H         LINE#         78
  C:4E23H         LINE#         80
  C:4E25H         LINE#         81
  -------         ENDPROC       UART2_INT
  -------         ENDMOD        INTERRUPT_S

  -------         MODULE        MCU
  C:0000H         SYMBOL        _ICE_DUMMY_
  D:0080H         PUBLIC        P0
  D:0090H         PUBLIC        P1
  D:00A0H         PUBLIC        P2
  D:00B0H         PUBLIC        P3
  D:00E2H         PUBLIC        UART0CR
  D:00C0H         PUBLIC        P4
  D:00E3H         PUBLIC        UART1CR
  D:0080H         PUBLIC        P5
  B:00A8H.7       PUBLIC        EA
  D:00D9H         PUBLIC        PWM0CON
  D:00C1H         PUBLIC        PWM1CON
  D:00E6H         PUBLIC        PWMCR
  D:00A9H         PUBLIC        IEN1
  D:00AAH         PUBLIC        IEN2
  D:00E1H         PUBLIC        P0CR
  D:00E2H         PUBLIC        P1CR
  D:00E3H         PUBLIC        P2CR
  D:00E4H         PUBLIC        P3CR
  D:00E5H         PUBLIC        P4CR
  D:00E1H         PUBLIC        P5CR
  D:0096H         PUBLIC        SFINE2
  D:00DDH         PUBLIC        PWM0DH
  D:00C5H         PUBLIC        PWM1DH
  D:00DCH         PUBLIC        PWM0DL
  D:00C4H         PUBLIC        PWM1DL
  D:0095H         PUBLIC        SBRTH2
  D:00B1H         PUBLIC        RSTSTAT
  C:5883H         PUBLIC        clear_wdt
  D:0094H         PUBLIC        SBRTL2
  D:00B2H         PUBLIC        CLKCON
  D:00DBH         PUBLIC        PWM0PH
  D:00C3H         PUBLIC        PWM1PH
  D:00DAH         PUBLIC        PWM0PL
  D:00C2H         PUBLIC        PWM1PL
  B:00A8H.5       PUBLIC        ET3
  D:0086H         PUBLIC        INSCON
  B:00A8H.3       PUBLIC        ET5
  D:008DH         PUBLIC        TH3
  D:00CDH         PUBLIC        TH4
  D:00CFH         PUBLIC        TH5
  D:008CH         PUBLIC        TL3
  D:00CCH         PUBLIC        TL4
  D:00CEH         PUBLIC        TL5
  B:0088H.2       PUBLIC        TR3
  B:00C8H.1       PUBLIC        TR4
  B:00C0H.1       PUBLIC        TR5
  C:41A0H         PUBLIC        mcu_init
BL51 BANKED LINKER/LOCATER V6.22                                                      08/31/2022  18:11:48  PAGE 13


  D:0090H         PUBLIC        SCON2
  D:00E9H         PUBLIC        P0PCR
  D:00EAH         PUBLIC        P1PCR
  D:0088H         PUBLIC        T3CON
  D:00EBH         PUBLIC        P2PCR
  D:00ECH         PUBLIC        P3PCR
  D:00EDH         PUBLIC        P4PCR
  D:00E9H         PUBLIC        P5PCR
  C:56DAH         PUBLIC        start_interrupts
  -------         PROC          CLEAR_WDT
  -------         DO            
  X:02A6H         SYMBOL        val
  -------         ENDDO         
  C:5883H         LINE#         5
  C:5883H         LINE#         6
  C:5883H         LINE#         7
  C:5889H         LINE#         8
  C:588CH         LINE#         9
  -------         ENDPROC       CLEAR_WDT
  -------         PROC          MCU_INIT
  C:41A0H         LINE#         19
  C:41A0H         LINE#         20
  C:41A0H         LINE#         21
  C:41A3H         LINE#         26
  C:41A6H         LINE#         27
  C:41A9H         LINE#         28
  C:41ACH         LINE#         30
  C:41AEH         LINE#         31
  C:41B0H         LINE#         32
  C:41B3H         LINE#         34
  C:41B6H         LINE#         35
  C:41B9H         LINE#         36
  C:41BCH         LINE#         38
  C:41BEH         LINE#         39
  C:41C1H         LINE#         40
  C:41C3H         LINE#         42
  C:41C6H         LINE#         43
  C:41C9H         LINE#         44
  C:41CCH         LINE#         46
  C:41CFH         LINE#         47
  C:41D1H         LINE#         48
  C:41D4H         LINE#         49
  C:41D6H         LINE#         52
  C:41D8H         LINE#         53
  C:41DAH         LINE#         55
  C:41DDH         LINE#         66
  C:41E0H         LINE#         67
  C:41E6H         LINE#         68
  C:41E9H         LINE#         75
  C:41ECH         LINE#         76
  C:41EFH         LINE#         78
  C:41F2H         LINE#         79
  C:41F5H         LINE#         80
  C:41F8H         LINE#         82
  C:41FAH         LINE#         86
  C:41FDH         LINE#         88
  C:4200H         LINE#         89
BL51 BANKED LINKER/LOCATER V6.22                                                      08/31/2022  18:11:48  PAGE 14


  C:4203H         LINE#         90
  C:4206H         LINE#         92
  C:4209H         LINE#         95
  C:420CH         LINE#         96
  C:420FH         LINE#         97
  C:4212H         LINE#         99
  C:4215H         LINE#         101
  C:4217H         LINE#         104
  C:421AH         LINE#         105
  C:421DH         LINE#         106
  C:4220H         LINE#         110
  C:4223H         LINE#         111
  C:4225H         LINE#         112
  C:4228H         LINE#         113
  C:422AH         LINE#         114
  C:422DH         LINE#         117
  C:4230H         LINE#         118
  C:4233H         LINE#         119
  C:4235H         LINE#         120
  C:4238H         LINE#         121
  C:423AH         LINE#         122
  C:423DH         LINE#         123
  C:4240H         LINE#         163
  C:4243H         LINE#         165
  C:4246H         LINE#         166
  C:4249H         LINE#         167
  C:424CH         LINE#         168
  C:424FH         LINE#         169
  C:4252H         LINE#         171
  C:4255H         LINE#         173
  C:4258H         LINE#         183
  -------         ENDPROC       MCU_INIT
  -------         PROC          START_INTERRUPTS
  C:56DAH         LINE#         185
  C:56DAH         LINE#         186
  C:56DAH         LINE#         196
  C:56DCH         LINE#         197
  C:56DFH         LINE#         198
  C:56E1H         LINE#         199
  C:56E3H         LINE#         200
  C:56E5H         LINE#         201
  C:56E8H         LINE#         202
  C:56EBH         LINE#         203
  C:56EEH         LINE#         205
  -------         ENDPROC       START_INTERRUPTS
  -------         ENDMOD        MCU

  -------         MODULE        OUTPUTS
  C:0000H         SYMBOL        _ICE_DUMMY_
  D:0080H         PUBLIC        P0
  D:0090H         PUBLIC        P1
  D:00A0H         PUBLIC        P2
  D:00B0H         PUBLIC        P3
  D:00C0H         PUBLIC        P4
  D:0080H         PUBLIC        P5
  C:58B9H         PUBLIC        update_all_output
  C:58C7H         PUBLIC        clear_all_output
BL51 BANKED LINKER/LOCATER V6.22                                                      08/31/2022  18:11:48  PAGE 15


  -------         PROC          CLEAR_ALL_OUTPUT
  C:58C7H         LINE#         16
  C:58C7H         LINE#         17
  C:58C7H         LINE#         18
  -------         ENDPROC       CLEAR_ALL_OUTPUT
  -------         PROC          UPDATE_ALL_OUTPUT
  C:58B9H         LINE#         24
  C:58B9H         LINE#         25
  C:58B9H         LINE#         26
  C:58BCH         LINE#         27
  -------         ENDPROC       UPDATE_ALL_OUTPUT
  -------         ENDMOD        OUTPUTS

  -------         MODULE        GESTURE
  C:0000H         SYMBOL        _ICE_DUMMY_
  D:0080H         PUBLIC        P0
  D:0090H         PUBLIC        P1
  D:00A0H         PUBLIC        P2
  D:00B0H         PUBLIC        P3
  D:00C0H         PUBLIC        P4
  D:0080H         PUBLIC        P5
  D:00D9H         PUBLIC        PWM0CON
  D:00C1H         PUBLIC        PWM1CON
  X:0300H         PUBLIC        gesture_right_count
  C:54B3H         PUBLIC        gesture_ctrl
  X:0302H         PUBLIC        gesture_left_count
  D:0086H         PUBLIC        INSCON
  C:000EH         PUBLIC        gesture_pwm_off
  C:001EH         PUBLIC        gesture_pwm_on
  -------         PROC          GESTURE_PWM_OFF
  C:000EH         LINE#         5
  C:000EH         LINE#         6
  C:000EH         LINE#         7
  C:0011H         LINE#         9
  C:0014H         LINE#         10
  C:0017H         LINE#         11
  C:001AH         LINE#         12
  -------         ENDPROC       GESTURE_PWM_OFF
  -------         PROC          GESTURE_PWM_ON
  C:001EH         LINE#         14
  C:001EH         LINE#         15
  C:001EH         LINE#         16
  C:0021H         LINE#         18
  C:0024H         LINE#         19
  C:0027H         LINE#         20
  C:002AH         LINE#         21
  -------         ENDPROC       GESTURE_PWM_ON
  -------         PROC          GESTURE_CTRL
  -------         DO            
  X:02FEH         SYMBOL        gesture_time
  X:02FFH         SYMBOL        gesture_off_time
  -------         ENDDO         
  C:54B3H         LINE#         25
  C:54B3H         LINE#         26
  C:54B3H         LINE#         30
  C:54B9H         LINE#         31
  C:54B9H         LINE#         32
BL51 BANKED LINKER/LOCATER V6.22                                                      08/31/2022  18:11:48  PAGE 16


  C:54BBH         LINE#         33
  C:54C6H         LINE#         34
  C:54C6H         LINE#         35
  C:54C9H         LINE#         36
  C:54C9H         LINE#         38
  C:54C9H         LINE#         39
  C:54CCH         LINE#         40
  C:54CCH         LINE#         41
  C:54CCH         LINE#         43
  C:54CCH         LINE#         44
  C:54D2H         LINE#         45
  C:54D5H         LINE#         46
  C:54D5H         LINE#         47
  -------         ENDPROC       GESTURE_CTRL
  -------         ENDMOD        GESTURE

  -------         MODULE        DISPLAY
  C:0000H         SYMBOL        _ICE_DUMMY_
  C:58CEH         PUBLIC        sh79f328_led_init
  D:0080H         PUBLIC        P0
  D:0090H         PUBLIC        P1
  D:00A0H         PUBLIC        P2
  D:00B0H         PUBLIC        P3
  D:00C0H         PUBLIC        P4
  D:0080H         PUBLIC        P5
  B:00A0H.2       PUBLIC        P2_2
  B:00B0H.2       PUBLIC        P3_2
  C:0003H         PUBLIC        display_all
  B:00A0H.4       PUBLIC        P2_4
  B:00B0H.3       PUBLIC        P3_3
  B:00A0H.5       PUBLIC        P2_5
  B:0080H.2       PUBLIC        P5_2
  B:00B0H.6       PUBLIC        P3_6
  B:00B0H.7       PUBLIC        P3_7
  I:001EH         PUBLIC        leds
  C:0082H         PUBLIC        dis_level_light
  D:0086H         PUBLIC        INSCON
  C:58AAH         PUBLIC        display_clear
  C:0081H         PUBLIC        dis_digital_screen
  C:58CDH         PUBLIC        wheel_display
  C:4FECH         PUBLIC        display_drive
  -------         PROC          DISPLAY_ALL
  C:0003H         LINE#         17
  C:0003H         LINE#         18
  C:0003H         LINE#         19
  C:0006H         LINE#         20
  C:000AH         LINE#         21
  -------         ENDPROC       DISPLAY_ALL
  -------         PROC          DISPLAY_CLEAR
  C:58AAH         LINE#         23
  C:58AAH         LINE#         24
  C:58AAH         LINE#         25
  C:58ADH         LINE#         26
  C:58B1H         LINE#         27
  -------         ENDPROC       DISPLAY_CLEAR
  -------         PROC          DIS_DIGITAL_SCREEN
  C:0081H         LINE#         29
BL51 BANKED LINKER/LOCATER V6.22                                                      08/31/2022  18:11:48  PAGE 17


  C:0081H         LINE#         30
  C:0081H         LINE#         33
  -------         ENDPROC       DIS_DIGITAL_SCREEN
  -------         PROC          DIS_LEVEL_LIGHT
  C:0082H         LINE#         35
  C:0082H         LINE#         36
  C:0082H         LINE#         38
  -------         ENDPROC       DIS_LEVEL_LIGHT
  -------         PROC          WHEEL_DISPLAY
  C:58CDH         LINE#         40
  C:58CDH         LINE#         41
  C:58CDH         LINE#         43
  -------         ENDPROC       WHEEL_DISPLAY
  -------         PROC          DISPLAY_DRIVE
  C:4FECH         LINE#         45
  C:4FECH         LINE#         46
  C:4FECH         LINE#         47
  C:4FEFH         LINE#         48
  C:4FF6H         LINE#         49
  C:4FFCH         LINE#         50
  C:5005H         LINE#         51
  C:500EH         LINE#         52
  C:5016H         LINE#         53
  C:501EH         LINE#         54
  C:5028H         LINE#         55
  C:502BH         LINE#         56
  C:5035H         LINE#         57
  C:5038H         LINE#         58
  -------         ENDPROC       DISPLAY_DRIVE
  -------         PROC          SH79F328_LED_INIT
  C:58CEH         LINE#         69
  C:58CEH         LINE#         70
  C:58CEH         LINE#         80
  -------         ENDPROC       SH79F328_LED_INIT
  -------         ENDMOD        DISPLAY

  -------         MODULE        MAIN
  C:0000H         SYMBOL        _ICE_DUMMY_
  D:0080H         PUBLIC        P0
  D:0090H         PUBLIC        P1
  D:00A0H         PUBLIC        P2
  D:00B0H         PUBLIC        P3
  D:00C0H         PUBLIC        P4
  D:0080H         PUBLIC        P5
  B:00A8H.7       PUBLIC        EA
  C:5814H         PUBLIC        product_task
  C:4853H         PUBLIC        main
  C:2764H         SYMBOL        fct_test_task
  -------         PROC          MAIN
  -------         DO            
  X:02A5H         SYMBOL        pon_1s
  -------         ENDDO         
  C:4853H         LINE#         3
  C:4853H         LINE#         4
  C:4853H         LINE#         5
  C:4859H         LINE#         6
  C:485BH         LINE#         7
BL51 BANKED LINKER/LOCATER V6.22                                                      08/31/2022  18:11:48  PAGE 18


  C:485EH         LINE#         8
  C:4869H         LINE#         9
  C:4874H         LINE#         10
  C:4877H         LINE#         11
  C:487AH         LINE#         12
  C:487DH         LINE#         13
  C:487DH         LINE#         14
  C:487DH         LINE#         15
  C:4880H         LINE#         16
  C:4883H         LINE#         17
  C:4883H         LINE#         18
  C:4885H         LINE#         19
  C:4888H         LINE#         20
  C:4891H         LINE#         21
  C:4894H         LINE#         22
  C:4897H         LINE#         23
  C:48A0H         LINE#         24
  C:48A3H         LINE#         25
  C:48A9H         LINE#         26
  C:48A9H         LINE#         27
  C:48AFH         LINE#         28
  C:48AFH         LINE#         29
  C:48B8H         LINE#         30
  C:48B8H         LINE#         31
  C:48BAH         LINE#         33
  C:48BAH         LINE#         34
  C:48C0H         LINE#         35
  C:48C0H         LINE#         36
  C:48C6H         LINE#         37
  C:48C6H         LINE#         38
  C:48C8H         LINE#         39
  C:48CCH         LINE#         40
  C:48CFH         LINE#         41
  C:48D0H         LINE#         42
  C:48D2H         LINE#         44
  C:48D2H         LINE#         45
  C:48D5H         LINE#         46
  C:48D5H         LINE#         49
  C:48D8H         LINE#         51
  C:48D8H         LINE#         52
  -------         ENDPROC       MAIN
  -------         PROC          FCT_TEST_TASK
  -------         DO            
  X:0317H         SYMBOL        step
  X:0318H         SYMBOL        step_tmr
  X:02A6H         SYMBOL        kv
  X:02A7H         SYMBOL        hv
  -------         ENDDO         
  C:2764H         LINE#         55
  C:2764H         LINE#         56
  C:2764H         LINE#         60
  C:276BH         LINE#         61
  C:2773H         LINE#         62
  C:277CH         LINE#         63
  C:2785H         LINE#         64
  C:278BH         LINE#         65
  C:278BH         LINE#         66
BL51 BANKED LINKER/LOCATER V6.22                                                      08/31/2022  18:11:48  PAGE 19


  C:2791H         LINE#         67
  C:2797H         LINE#         68
  C:279AH         LINE#         70
  C:279AH         LINE#         72
  C:27A1H         LINE#         73
  C:27A1H         LINE#         74
  C:27A4H         LINE#         75
  C:27B1H         LINE#         76
  C:27B1H         LINE#         77
  C:27B9H         LINE#         78
  C:27BFH         LINE#         79
  C:27C0H         LINE#         82
  C:27C0H         LINE#         84
  C:27C3H         LINE#         85
  C:27CCH         LINE#         86
  C:27CCH         LINE#         87
  C:27D4H         LINE#         88
  C:27D4H         LINE#         89
  C:27DCH         LINE#         90
  C:27E2H         LINE#         91
  C:27E8H         LINE#         92
  C:27E8H         LINE#         93
  C:27FEH         LINE#         94
  C:27FEH         LINE#         95
  C:2805H         LINE#         96
  C:280CH         LINE#         97
  C:2813H         LINE#         98
  C:281AH         LINE#         99
  C:281AH         LINE#         101
  C:281AH         LINE#         103
  C:2823H         LINE#         104
  C:2823H         LINE#         105
  C:282BH         LINE#         106
  C:282BH         LINE#         107
  C:2833H         LINE#         108
  C:2839H         LINE#         109
  C:2839H         LINE#         111
  C:284EH         LINE#         113
  C:284EH         LINE#         115
  C:2858H         LINE#         116
  C:2858H         LINE#         117
  C:2860H         LINE#         118
  C:2860H         LINE#         119
  C:2868H         LINE#         120
  C:286EH         LINE#         121
  C:286EH         LINE#         122
  C:289BH         LINE#         123
  C:289BH         LINE#         124
  C:28A2H         LINE#         125
  C:28A9H         LINE#         126
  C:28B0H         LINE#         127
  C:28B7H         LINE#         128
  C:28BEH         LINE#         129
  C:28C5H         LINE#         130
  C:28CCH         LINE#         131
  C:28D3H         LINE#         132
  C:28D3H         LINE#         134
BL51 BANKED LINKER/LOCATER V6.22                                                      08/31/2022  18:11:48  PAGE 20


  C:28D3H         LINE#         135
  C:28D9H         LINE#         136
  C:28D9H         LINE#         137
  C:28E3H         LINE#         138
  C:28E3H         LINE#         139
  C:28EBH         LINE#         140
  C:28F1H         LINE#         141
  C:28F1H         LINE#         142
  C:28FBH         LINE#         144
  C:28FBH         LINE#         145
  C:2909H         LINE#         146
  C:2913H         LINE#         147
  C:2921H         LINE#         148
  C:292BH         LINE#         149
  C:2938H         LINE#         150
  C:2946H         LINE#         151
  C:2950H         LINE#         152
  C:295DH         LINE#         153
  C:296BH         LINE#         154
  C:2975H         LINE#         155
  C:2981H         LINE#         156
  C:298DH         LINE#         157
  C:2999H         LINE#         158
  C:29A5H         LINE#         159
  C:29B1H         LINE#         160
  C:29BDH         LINE#         161
  C:29C9H         LINE#         162
  C:29D5H         LINE#         163
  C:29DBH         LINE#         164
  C:29DBH         LINE#         165
  C:29DFH         LINE#         166
  C:29E6H         LINE#         167
  C:29E6H         LINE#         168
  -------         ENDPROC       FCT_TEST_TASK
  -------         PROC          PRODUCT_TASK
  C:5814H         LINE#         170
  C:5814H         LINE#         171
  C:5814H         LINE#         173
  C:581BH         LINE#         174
  C:581BH         LINE#         175
  C:581EH         LINE#         177
  C:581EH         LINE#         178
  C:5821H         LINE#         179
  -------         ENDPROC       PRODUCT_TASK
  -------         ENDMOD        MAIN

  -------         MODULE        SYSTEM
  C:0000H         SYMBOL        _ICE_DUMMY_
  D:0080H         PUBLIC        P0
  D:0090H         PUBLIC        P1
  D:00A0H         PUBLIC        P2
  X:026CH         PUBLIC        Robam_info
  X:0275H         PUBLIC        device_info
  D:00B0H         PUBLIC        P3
  D:00C0H         PUBLIC        P4
  D:0080H         PUBLIC        P5
  X:0279H         PUBLIC        robam_delay
BL51 BANKED LINKER/LOCATER V6.22                                                      08/31/2022  18:11:48  PAGE 21


  X:027BH         PUBLIC        pushrod_state
  C:58D0H         SYMBOL        error_task_function
  X:027CH         PUBLIC        robam_gear
  X:027DH         PUBLIC        robam_state
  C:4259H         SYMBOL        toggle_task
  X:027EH         PUBLIC        hour_twinkle
  X:027FH         PUBLIC        Key_Flag_Sys
  X:0287H         PUBLIC        system_state
  C:53A6H         PUBLIC        reset_para_value
  C:29E7H         SYMBOL        power_off_task_function
  C:541EH         PUBLIC        system_tasks
  X:0288H         PUBLIC        robam_gear_old
  X:0289H         PUBLIC        status_info
  C:58CFH         SYMBOL        run_task_function
  C:5212H         PUBLIC        system_init
  X:0295H         PUBLIC        pon_2s
  X:0296H         PUBLIC        pon_3s
  X:0298H         PUBLIC        buzz_mode
  C:1E79H         SYMBOL        setting_task_function
  X:0299H         PUBLIC        add_50hour_up
  X:029DH         PUBLIC        minute_twinkle
  X:029EH         PUBLIC        clock_eeprom
  -------         PROC          POWER_OFF_TASK_FUNCTION
  -------         DO            
  X:026BH         SYMBOL        execute_one
  X:02A6H         SYMBOL        hv
  X:02A7H         SYMBOL        kv
  -------         ENDDO         
  C:29E7H         LINE#         21
  C:29E7H         LINE#         22
  C:29E7H         LINE#         24
  C:29EFH         LINE#         25
  C:29F4H         LINE#         27
  C:29FAH         LINE#         28
  C:29FAH         LINE#         29
  C:29FDH         LINE#         30
  C:2A02H         LINE#         31
  C:2A02H         LINE#         33
  C:2A14H         LINE#         34
  C:2A14H         LINE#         35
  C:2A18H         LINE#         36
  C:2A1CH         LINE#         39
  C:2A3AH         LINE#         40
  C:2A3AH         LINE#         41
  C:2A40H         LINE#         42
  C:2A46H         LINE#         43
  C:2A4BH         LINE#         44
  C:2A50H         LINE#         45
  C:2A53H         LINE#         47
  C:2A5DH         LINE#         48
  C:2A5DH         LINE#         49
  C:2A63H         LINE#         50
  C:2A65H         LINE#         51
  C:2A65H         LINE#         52
  C:2A67H         LINE#         54
  C:2A75H         LINE#         55
  C:2A75H         LINE#         56
BL51 BANKED LINKER/LOCATER V6.22                                                      08/31/2022  18:11:48  PAGE 22


  C:2A7BH         LINE#         57
  C:2A7CH         LINE#         58
  C:2A7CH         LINE#         59
  C:2A7EH         LINE#         61
  C:2A8DH         LINE#         62
  C:2A8DH         LINE#         63
  C:2A92H         LINE#         64
  C:2A96H         LINE#         65
  C:2A98H         LINE#         66
  C:2A98H         LINE#         67
  C:2A9BH         LINE#         69
  C:2AA6H         LINE#         70
  C:2AA6H         LINE#         71
  C:2AABH         LINE#         72
  C:2AAFH         LINE#         73
  C:2AAFH         LINE#         74
  C:2AAFH         LINE#         75
  C:2AB1H         LINE#         77
  C:2ABFH         LINE#         78
  C:2ABFH         LINE#         79
  C:2AC5H         LINE#         80
  C:2AC9H         LINE#         81
  C:2AD1H         LINE#         82
  C:2AD2H         LINE#         83
  C:2AD5H         LINE#         85
  C:2AE4H         LINE#         86
  C:2AE4H         LINE#         87
  C:2AE7H         LINE#         88
  C:2AEDH         LINE#         89
  C:2AF2H         LINE#         90
  C:2AF5H         LINE#         92
  C:2B02H         LINE#         93
  C:2B02H         LINE#         94
  C:2B03H         LINE#         95
  C:2B09H         LINE#         96
  C:2B0EH         LINE#         97
  C:2B12H         LINE#         98
  C:2B15H         LINE#         99
  C:2B2BH         LINE#         100
  C:2B36H         LINE#         101
  C:2B39H         LINE#         102
  C:2B3BH         LINE#         104
  C:2B49H         LINE#         105
  C:2B49H         LINE#         106
  C:2B52H         LINE#         107
  C:2B52H         LINE#         108
  C:2B54H         LINE#         109
  C:2B54H         LINE#         110
  C:2B57H         LINE#         111
  C:2B59H         LINE#         113
  C:2B68H         LINE#         114
  C:2B68H         LINE#         115
  C:2B71H         LINE#         116
  C:2B71H         LINE#         117
  C:2B73H         LINE#         118
  C:2B73H         LINE#         119
  C:2B76H         LINE#         120
BL51 BANKED LINKER/LOCATER V6.22                                                      08/31/2022  18:11:48  PAGE 23


  C:2B78H         LINE#         122
  C:2B83H         LINE#         123
  C:2B83H         LINE#         124
  C:2B8CH         LINE#         125
  C:2B8CH         LINE#         126
  C:2B8EH         LINE#         127
  C:2B8EH         LINE#         128
  C:2B91H         LINE#         129
  C:2B93H         LINE#         131
  C:2BA1H         LINE#         132
  C:2BA1H         LINE#         133
  C:2BAAH         LINE#         134
  C:2BAAH         LINE#         135
  C:2BACH         LINE#         136
  C:2BACH         LINE#         137
  C:2BB2H         LINE#         138
  C:2BB2H         LINE#         139
  C:2BB2H         LINE#         141
  C:2BB9H         LINE#         142
  C:2BB9H         LINE#         143
  C:2BBAH         LINE#         144
  C:2BC0H         LINE#         146
  C:2BCEH         LINE#         147
  C:2BCEH         LINE#         148
  C:2BD7H         LINE#         149
  C:2BDDH         LINE#         150
  C:2BE3H         LINE#         151
  C:2BE5H         LINE#         153
  C:2BEFH         LINE#         154
  C:2BEFH         LINE#         155
  C:2BF1H         LINE#         156
  C:2BF7H         LINE#         157
  C:2BF9H         LINE#         159
  C:2C1CH         LINE#         160
  C:2C1CH         LINE#         161
  C:2C26H         LINE#         162
  C:2C2CH         LINE#         163
  C:2C2CH         LINE#         164
  C:2C2CH         LINE#         166
  C:2C39H         LINE#         167
  C:2C39H         LINE#         168
  C:2C42H         LINE#         169
  C:2C42H         LINE#         171
  C:2C53H         LINE#         172
  C:2C53H         LINE#         173
  C:2C57H         LINE#         174
  C:2C5BH         LINE#         175
  C:2C5DH         LINE#         176
  C:2C63H         LINE#         177
  C:2C66H         LINE#         178
  C:2C69H         LINE#         179
  C:2C69H         LINE#         181
  -------         ENDPROC       POWER_OFF_TASK_FUNCTION
  -------         PROC          SETTING_TASK_FUNCTION
  -------         DO            
  X:02A6H         SYMBOL        hv
  X:02A7H         SYMBOL        kv
BL51 BANKED LINKER/LOCATER V6.22                                                      08/31/2022  18:11:48  PAGE 24


  -------         ENDDO         
  C:1E79H         LINE#         183
  C:1E79H         LINE#         184
  C:1E79H         LINE#         185
  C:1E81H         LINE#         186
  C:1E86H         LINE#         188
  C:1E8CH         LINE#         189
  C:1E8CH         LINE#         190
  C:1E92H         LINE#         191
  C:1E95H         LINE#         192
  C:1E98H         LINE#         193
  C:1E9EH         LINE#         195
  C:1EA1H         LINE#         196
  C:1EA5H         LINE#         197
  C:1EA7H         LINE#         198
  C:1EACH         LINE#         200
  C:1EACH         LINE#         202
  C:1EBEH         LINE#         203
  C:1EBEH         LINE#         204
  C:1EC2H         LINE#         205
  C:1EC6H         LINE#         208
  C:1ED5H         LINE#         209
  C:1ED5H         LINE#         210
  C:1EDEH         LINE#         211
  C:1EE2H         LINE#         212
  C:1EE5H         LINE#         213
  C:1EEBH         LINE#         214
  C:1EF0H         LINE#         215
  C:1EF0H         LINE#         216
  C:1EF3H         LINE#         218
  C:1F06H         LINE#         219
  C:1F06H         LINE#         220
  C:1F0BH         LINE#         221
  C:1F0FH         LINE#         222
  C:1F13H         LINE#         223
  C:1F17H         LINE#         224
  C:1F1BH         LINE#         225
  C:1F1DH         LINE#         226
  C:1F23H         LINE#         227
  C:1F26H         LINE#         229
  C:1F35H         LINE#         230
  C:1F35H         LINE#         231
  C:1F3BH         LINE#         232
  C:1F3FH         LINE#         233
  C:1F41H         LINE#         234
  C:1F44H         LINE#         239
  C:1F58H         LINE#         240
  C:1F58H         LINE#         241
  C:1F5EH         LINE#         242
  C:1F69H         LINE#         243
  C:1F69H         LINE#         244
  C:1F69H         LINE#         245
  C:1F69H         LINE#         246
  C:1F69H         LINE#         247
  C:1F6BH         LINE#         249
  C:1F82H         LINE#         250
  C:1F82H         LINE#         251
BL51 BANKED LINKER/LOCATER V6.22                                                      08/31/2022  18:11:48  PAGE 25


  C:1F88H         LINE#         252
  C:1F93H         LINE#         253
  C:1F97H         LINE#         254
  C:1F99H         LINE#         255
  C:1F9FH         LINE#         256
  C:1FAAH         LINE#         257
  C:1FADH         LINE#         261
  C:1FC3H         LINE#         262
  C:1FC3H         LINE#         263
  C:1FD1H         LINE#         264
  C:1FD5H         LINE#         265
  C:1FD8H         LINE#         266
  C:1FE4H         LINE#         267
  C:1FE7H         LINE#         269
  C:1FFEH         LINE#         270
  C:1FFEH         LINE#         271
  C:200CH         LINE#         272
  C:2010H         LINE#         273
  C:2013H         LINE#         274
  C:201FH         LINE#         275
  C:2022H         LINE#         277
  C:202DH         LINE#         278
  C:202DH         LINE#         279
  C:2033H         LINE#         280
  C:203AH         LINE#         281
  C:203EH         LINE#         282
  C:2041H         LINE#         283
  C:2049H         LINE#         284
  C:204FH         LINE#         285
  C:2054H         LINE#         286
  C:2054H         LINE#         287
  C:2056H         LINE#         288
  C:2064H         LINE#         289
  C:2064H         LINE#         290
  C:2066H         LINE#         291
  C:2069H         LINE#         292
  C:206BH         LINE#         293
  C:2073H         LINE#         294
  C:2079H         LINE#         295
  C:2079H         LINE#         296
  C:207BH         LINE#         298
  C:2089H         LINE#         299
  C:2089H         LINE#         300
  C:208FH         LINE#         301
  C:2092H         LINE#         302
  C:2092H         LINE#         303
  C:2094H         LINE#         304
  C:209FH         LINE#         305
  C:209FH         LINE#         306
  C:20A5H         LINE#         307
  C:20A7H         LINE#         308
  C:20ADH         LINE#         309
  C:20ADH         LINE#         311
  C:20ADH         LINE#         313
  C:20B4H         LINE#         314
  C:20B4H         LINE#         315
  C:20B5H         LINE#         316
BL51 BANKED LINKER/LOCATER V6.22                                                      08/31/2022  18:11:48  PAGE 26


  C:20BBH         LINE#         317
  C:20C2H         LINE#         318
  C:20C2H         LINE#         319
  C:20C4H         LINE#         320
  C:20C7H         LINE#         321
  C:20C9H         LINE#         322
  C:20D1H         LINE#         323
  C:20D7H         LINE#         324
  C:20D9H         LINE#         325
  C:20E0H         LINE#         326
  C:20E0H         LINE#         327
  C:20E5H         LINE#         328
  C:20E9H         LINE#         329
  C:20EDH         LINE#         330
  C:20EFH         LINE#         331
  C:20EFH         LINE#         332
  C:20EFH         LINE#         334
  C:20F5H         LINE#         335
  C:20F5H         LINE#         336
  C:20F7H         LINE#         337
  C:20FDH         LINE#         338
  C:2120H         LINE#         339
  C:2120H         LINE#         340
  C:212AH         LINE#         341
  C:2130H         LINE#         342
  C:2130H         LINE#         343
  C:2130H         LINE#         344
  C:2162H         LINE#         345
  C:2162H         LINE#         346
  C:216AH         LINE#         347
  C:2172H         LINE#         348
  C:217AH         LINE#         349
  C:2182H         LINE#         350
  C:218AH         LINE#         351
  C:2192H         LINE#         352
  C:219AH         LINE#         353
  C:21A0H         LINE#         354
  C:21A0H         LINE#         355
  C:21AFH         LINE#         356
  C:21AFH         LINE#         357
  C:21BAH         LINE#         358
  C:21BAH         LINE#         360
  C:21C3H         LINE#         361
  C:21C3H         LINE#         362
  C:21CBH         LINE#         363
  C:21CBH         LINE#         364
  -------         ENDPROC       SETTING_TASK_FUNCTION
  -------         PROC          RUN_TASK_FUNCTION
  C:58CFH         LINE#         367
  C:58CFH         LINE#         368
  C:58CFH         LINE#         370
  -------         ENDPROC       RUN_TASK_FUNCTION
  -------         PROC          ERROR_TASK_FUNCTION
  C:58D0H         LINE#         371
  C:58D0H         LINE#         372
  C:58D0H         LINE#         374
  -------         ENDPROC       ERROR_TASK_FUNCTION
BL51 BANKED LINKER/LOCATER V6.22                                                      08/31/2022  18:11:48  PAGE 27


  -------         PROC          TOGGLE_TASK
  C:4259H         LINE#         375
  C:4259H         LINE#         376
  C:4259H         LINE#         377
  C:4262H         LINE#         378
  C:4262H         LINE#         379
  C:4268H         LINE#         380
  C:4268H         LINE#         381
  C:426BH         LINE#         382
  C:426BH         LINE#         383
  C:4287H         LINE#         384
  C:4287H         LINE#         385
  C:4292H         LINE#         386
  C:4298H         LINE#         387
  C:4298H         LINE#         388
  C:429FH         LINE#         389
  C:429FH         LINE#         390
  C:42AAH         LINE#         391
  C:42B0H         LINE#         392
  C:42B0H         LINE#         393
  C:42B7H         LINE#         394
  C:42B7H         LINE#         395
  C:42C2H         LINE#         396
  C:42C8H         LINE#         397
  C:42C8H         LINE#         398
  C:42D0H         LINE#         399
  C:42D0H         LINE#         400
  C:42DAH         LINE#         401
  C:42E0H         LINE#         402
  C:42E0H         LINE#         403
  C:42E4H         LINE#         404
  C:42E4H         LINE#         405
  C:42EEH         LINE#         406
  C:42F4H         LINE#         407
  C:42F4H         LINE#         408
  C:42FBH         LINE#         409
  C:42FBH         LINE#         410
  C:4305H         LINE#         411
  C:430BH         LINE#         412
  C:430BH         LINE#         413
  C:430BH         LINE#         414
  -------         ENDPROC       TOGGLE_TASK
  -------         PROC          SYSTEM_TASKS
  C:541EH         LINE#         420
  C:541EH         LINE#         421
  C:541EH         LINE#         422
  C:5421H         LINE#         423
  C:5432H         LINE#         424
  C:5432H         LINE#         425
  C:5432H         LINE#         426
  C:5435H         LINE#         427
  C:5435H         LINE#         429
  C:5435H         LINE#         431
  C:5438H         LINE#         432
  C:5438H         LINE#         434
  C:5438H         LINE#         435
  C:543BH         LINE#         436
BL51 BANKED LINKER/LOCATER V6.22                                                      08/31/2022  18:11:48  PAGE 28


  C:543BH         LINE#         438
  C:543BH         LINE#         439
  C:543EH         LINE#         440
  C:543EH         LINE#         442
  C:543EH         LINE#         443
  C:5443H         LINE#         444
  C:5443H         LINE#         447
  -------         ENDPROC       SYSTEM_TASKS
  -------         PROC          RESET_PARA_VALUE
  C:53A6H         LINE#         454
  C:53A6H         LINE#         455
  C:53A6H         LINE#         456
  C:53ACH         LINE#         457
  C:53B0H         LINE#         458
  C:53B3H         LINE#         459
  C:53B7H         LINE#         460
  C:53BBH         LINE#         461
  C:53BFH         LINE#         462
  C:53C1H         LINE#         463
  C:53C3H         LINE#         464
  C:53C5H         LINE#         465
  C:53C7H         LINE#         466
  C:53C9H         LINE#         467
  C:53CBH         LINE#         468
  C:53CDH         LINE#         469
  -------         ENDPROC       RESET_PARA_VALUE
  -------         PROC          SYSTEM_INIT
  C:5212H         LINE#         471
  C:5212H         LINE#         472
  C:5212H         LINE#         473
  C:5215H         LINE#         474
  C:521AH         LINE#         475
  C:5220H         LINE#         476
  C:5226H         LINE#         477
  C:5229H         LINE#         478
  C:522CH         LINE#         479
  C:5235H         LINE#         480
  C:523EH         LINE#         481
  C:5241H         LINE#         482
  C:524AH         LINE#         483
  -------         ENDPROC       SYSTEM_INIT
  -------         ENDMOD        SYSTEM

  -------         MODULE        APP_TIMER
  C:0000H         SYMBOL        _ICE_DUMMY_
  D:0080H         PUBLIC        P0
  B:0022H.0       PUBLIC        half_sec_f
  D:0090H         PUBLIC        P1
  D:00A0H         PUBLIC        P2
  D:00B0H         PUBLIC        P3
  D:00C0H         PUBLIC        P4
  D:0080H         PUBLIC        P5
  B:0022H.1       PUBLIC        base_10ms_f
  I:000AH         PUBLIC        clock
  I:000DH         PUBLIC        Down_Tmer
  C:4F4AH         PUBLIC        _clock_init
  B:0022H.2       PUBLIC        rtc_sec_f
BL51 BANKED LINKER/LOCATER V6.22                                                      08/31/2022  18:11:48  PAGE 29


  C:5862H         PUBLIC        _delay_10us
  C:4BCFH         PUBLIC        TimerNms_count
  C:4B53H         PUBLIC        robam_task_ctrl
  I:0015H         PUBLIC        cycle_tmr
  I:0019H         PUBLIC        system_tmrs
  C:430CH         PUBLIC        Down_Clock
  C:461DH         PUBLIC        _Clock
  B:0022H.3       PUBLIC        sec_flash_f
  -------         PROC          _DELAY_10US
  D:0006H         SYMBOL        i
  C:5862H         LINE#         42
  C:5862H         LINE#         43
  C:5862H         LINE#         44
  C:586CH         LINE#         45
  -------         ENDPROC       _DELAY_10US
  -------         PROC          ROBAM_TASK_CTRL
  -------         DO            
  X:031AH         SYMBOL        add_15min_up
  -------         ENDDO         
  C:4B53H         LINE#         47
  C:4B53H         LINE#         48
  C:4B53H         LINE#         50
  C:4B59H         LINE#         51
  C:4B59H         LINE#         52
  C:4B5FH         LINE#         53
  C:4B5FH         LINE#         54
  C:4B7EH         LINE#         55
  C:4B8CH         LINE#         56
  C:4B8CH         LINE#         57
  C:4BA8H         LINE#         58
  C:4BA8H         LINE#         59
  C:4BAEH         LINE#         60
  C:4BB8H         LINE#         61
  C:4BB8H         LINE#         63
  C:4BC7H         LINE#         64
  C:4BC7H         LINE#         65
  C:4BCBH         LINE#         66
  C:4BCEH         LINE#         67
  C:4BCEH         LINE#         68
  C:4BCEH         LINE#         69
  -------         ENDPROC       ROBAM_TASK_CTRL
  -------         PROC          DOWN_CLOCK
  C:430CH         LINE#         76
  C:430CH         LINE#         77
  C:430CH         LINE#         78
  C:4311H         LINE#         79
  C:4311H         LINE#         80
  C:431AH         LINE#         81
  C:431AH         LINE#         82
  C:432CH         LINE#         83
  C:433EH         LINE#         84
  C:4352H         LINE#         85
  C:4366H         LINE#         86
  C:436DH         LINE#         87
  C:436DH         LINE#         88
  C:4370H         LINE#         89
  C:4372H         LINE#         90
BL51 BANKED LINKER/LOCATER V6.22                                                      08/31/2022  18:11:48  PAGE 30


  C:4375H         LINE#         91
  C:4377H         LINE#         93
  C:4377H         LINE#         94
  C:437BH         LINE#         95
  C:4383H         LINE#         96
  C:4383H         LINE#         97
  C:4383H         LINE#         98
  C:4385H         LINE#         100
  C:4385H         LINE#         101
  C:439DH         LINE#         102
  C:439DH         LINE#         103
  C:43A2H         LINE#         104
  C:43A2H         LINE#         105
  C:43ADH         LINE#         106
  C:43ADH         LINE#         108
  -------         ENDPROC       DOWN_CLOCK
  -------         PROC          _CLOCK
  X:02A6H         SYMBOL        clock
  C:461DH         LINE#         116
  C:4628H         LINE#         117
  C:4628H         LINE#         118
  C:462EH         LINE#         119
  C:462EH         LINE#         120
  C:4630H         LINE#         121
  C:4648H         LINE#         122
  C:4648H         LINE#         123
  C:464FH         LINE#         124
  C:466BH         LINE#         125
  C:4676H         LINE#         126
  C:468EH         LINE#         127
  C:468EH         LINE#         128
  C:4695H         LINE#         130
  C:469FH         LINE#         131
  C:469FH         LINE#         132
  C:46AEH         LINE#         133
  C:46AEH         LINE#         134
  C:46AEH         LINE#         135
  C:46AEH         LINE#         136
  C:46AEH         LINE#         138
  -------         ENDPROC       _CLOCK
  -------         PROC          _CLOCK_INIT
  X:02A6H         SYMBOL        clock
  C:4F4AH         LINE#         146
  C:4F55H         LINE#         147
  C:4F55H         LINE#         148
  C:4F73H         LINE#         149
  C:4F94H         LINE#         150
  -------         ENDPROC       _CLOCK_INIT
  -------         PROC          TIMERNMS_COUNT
  -------         DO            
  X:031CH         SYMBOL        nms_ct
  -------         ENDDO         
  C:4BCFH         LINE#         159
  C:4BCFH         LINE#         160
  C:4BCFH         LINE#         163
  C:4BE9H         LINE#         165
  C:4BEDH         LINE#         167
BL51 BANKED LINKER/LOCATER V6.22                                                      08/31/2022  18:11:48  PAGE 31


  C:4BF8H         LINE#         168
  C:4BFAH         LINE#         170
  C:4C02H         LINE#         171
  C:4C08H         LINE#         173
  C:4C11H         LINE#         174
  C:4C17H         LINE#         176
  C:4C20H         LINE#         177
  C:4C20H         LINE#         178
  C:4C26H         LINE#         179
  C:4C2BH         LINE#         180
  C:4C2BH         LINE#         182
  C:4C31H         LINE#         183
  C:4C31H         LINE#         184
  C:4C37H         LINE#         185
  C:4C3CH         LINE#         186
  C:4C3CH         LINE#         203
  -------         ENDPROC       TIMERNMS_COUNT
  -------         ENDMOD        APP_TIMER

  -------         MODULE        BUZZER
  C:0000H         SYMBOL        _ICE_DUMMY_
  D:0080H         PUBLIC        P0
  D:0090H         PUBLIC        P1
  D:00A0H         PUBLIC        P2
  D:00B0H         PUBLIC        P3
  D:00C0H         PUBLIC        P4
  D:0080H         PUBLIC        P5
  D:00D9H         PUBLIC        PWM0CON
  X:02F3H         SYMBOL        pTone
  B:00B0H.5       PUBLIC        P3_5
  B:00B0H.6       PUBLIC        P3_6
  D:00DDH         PUBLIC        PWM0DH
  D:00DCH         PUBLIC        PWM0DL
  D:00DBH         PUBLIC        PWM0PH
  D:00DAH         PUBLIC        PWM0PL
  C:47C9H         PUBLIC        Tone1
  C:47E7H         PUBLIC        Tone2
  C:47FFH         PUBLIC        Tone3
  C:4817H         PUBLIC        Tone4
  C:4823H         PUBLIC        Tone5
  C:482FH         PUBLIC        Tone6
  C:4841H         PUBLIC        tone_tbl
  C:53CEH         PUBLIC        _music_buzz_start
  C:583EH         PUBLIC        music_buzz_init
  C:401DH         PUBLIC        music_buzz_ctrl
  X:02F5H         PUBLIC        buzz_step
  C:567CH         PUBLIC        _music_buzz_SetFreq
  C:588DH         PUBLIC        music_buzz_FrqOff
  -------         PROC          MUSIC_BUZZ_FRQOFF
  C:588DH         LINE#         25
  C:588DH         LINE#         26
  C:588DH         LINE#         27
  C:588FH         LINE#         29
  C:5892H         LINE#         30
  C:5894H         LINE#         31
  C:5896H         LINE#         32
  -------         ENDPROC       MUSIC_BUZZ_FRQOFF
BL51 BANKED LINKER/LOCATER V6.22                                                      08/31/2022  18:11:48  PAGE 32


  -------         PROC          _MUSIC_BUZZ_SETFREQ
  D:0004H         SYMBOL        f
  C:567CH         LINE#         42
  C:5680H         LINE#         43
  C:5680H         LINE#         44
  C:5683H         LINE#         45
  C:5686H         LINE#         46
  C:568EH         LINE#         47
  C:5691H         LINE#         49
  C:5694H         LINE#         50
  -------         ENDPROC       _MUSIC_BUZZ_SETFREQ
  -------         PROC          _MUSIC_BUZZ_START
  D:0007H         SYMBOL        type
  C:53CEH         LINE#         109
  C:53CEH         LINE#         110
  C:53CEH         LINE#         111
  C:53D4H         LINE#         113
  C:53F2H         LINE#         115
  C:53F5H         LINE#         116
  -------         ENDPROC       _MUSIC_BUZZ_START
  -------         PROC          MUSIC_BUZZ_CTRL
  -------         DO            
  X:02EDH         SYMBOL        Tone
  -------         ENDDO         
  C:401DH         LINE#         124
  C:401DH         LINE#         125
  C:401DH         LINE#         128
  C:402AH         LINE#         129
  C:402AH         LINE#         130
  C:402AH         LINE#         131
  C:4043H         LINE#         134
  C:4059H         LINE#         135
  C:4059H         LINE#         136
  C:405FH         LINE#         137
  C:4060H         LINE#         138
  C:4060H         LINE#         140
  C:4074H         LINE#         141
  C:408FH         LINE#         143
  C:4095H         LINE#         144
  C:4096H         LINE#         146
  C:4096H         LINE#         147
  C:40A0H         LINE#         148
  C:40A0H         LINE#         149
  C:40AEH         LINE#         150
  C:40C3H         LINE#         151
  C:40C3H         LINE#         152
  C:40C5H         LINE#         153
  C:40C6H         LINE#         155
  C:40C6H         LINE#         156
  C:40C8H         LINE#         157
  C:40C8H         LINE#         158
  C:40C9H         LINE#         160
  C:40C9H         LINE#         161
  C:40D7H         LINE#         162
  C:40DCH         LINE#         163
  C:40DCH         LINE#         164
  C:40DDH         LINE#         166
BL51 BANKED LINKER/LOCATER V6.22                                                      08/31/2022  18:11:48  PAGE 33


  C:40DDH         LINE#         167
  C:40DFH         LINE#         168
  C:40E2H         LINE#         169
  C:40E2H         LINE#         170
  C:40E2H         LINE#         171
  -------         ENDPROC       MUSIC_BUZZ_CTRL
  -------         PROC          MUSIC_BUZZ_INIT
  C:583EH         LINE#         179
  C:583EH         LINE#         180
  C:583EH         LINE#         181
  C:5840H         LINE#         182
  C:5843H         LINE#         183
  C:5849H         LINE#         184
  -------         ENDPROC       MUSIC_BUZZ_INIT
  -------         ENDMOD        BUZZER

  -------         MODULE        KEY_V2_3
  C:0000H         SYMBOL        _ICE_DUMMY_
  D:0080H         PUBLIC        P0
  D:0090H         PUBLIC        P1
  D:00A0H         PUBLIC        P2
  D:00B0H         PUBLIC        P3
  D:00C0H         PUBLIC        P4
  D:0080H         PUBLIC        P5
  C:58D1H         PUBLIC        get_scan_value
  I:001AH         PUBLIC        kb
  C:58D2H         PUBLIC        Down_ct
  X:031DH         PUBLIC        scan_key
  C:46AFH         PUBLIC        key_scan
  C:48DAH         PUBLIC        _key_time_count
  -------         PROC          GET_SCAN_VALUE
  C:58D1H         LINE#         25
  C:58D1H         LINE#         26
  C:58D1H         LINE#         47
  -------         ENDPROC       GET_SCAN_VALUE
  -------         PROC          KEY_SCAN
[...]
  C:05E7H         LINE#         340
  C:05F0H         LINE#         341
  C:061BH         LINE#         342
  C:0660H         LINE#         343
  C:06A5H         LINE#         345
  C:06DCH         LINE#         347
  C:0726H         LINE#         348
  C:0726H         LINE#         349
  C:072EH         LINE#         350
  C:072EH         LINE#         351
  C:0730H         LINE#         352
  C:0730H         LINE#         353
  C:0732H         LINE#         354
  C:0732H         LINE#         355
  C:078EH         LINE#         356
  C:078EH         LINE#         357
  C:0796H         LINE#         358
  C:0796H         LINE#         359
  C:0798H         LINE#         360
  C:0798H         LINE#         361
  C:079AH         LINE#         362
  C:079AH         LINE#         363
  C:07A0H         LINE#         364
  C:07A0H         LINE#         365
  C:07DAH         LINE#         366
  C:07FFH         LINE#         367
  C:0844H         LINE#         368
  C:0844H         LINE#         369
  C:084CH         LINE#         370
  C:084CH         LINE#         371
  C:084EH         LINE#         372
  C:084EH         LINE#         373
  C:0850H         LINE#         374
BL51 BANKED LINKER/LOCATER V6.22                                                      08/31/2022  18:11:48  PAGE 80


  C:0857H         LINE#         375
  C:085CH         LINE#         376
  C:085CH         LINE#         377
  C:085CH         LINE#         378
  C:0897H         LINE#         379
  C:08AFH         LINE#         381
  C:08E5H         LINE#         382
  C:08E5H         LINE#         383
  C:08FCH         LINE#         384
  C:090EH         LINE#         385
  C:0913H         LINE#         386
  C:0959H         LINE#         387
  C:0986H         LINE#         388
  C:0986H         LINE#         389
  C:099DH         LINE#         390
  C:09AFH         LINE#         392
  C:09BFH         LINE#         393
  C:09BFH         LINE#         396
  C:09C9H         LINE#         397
  C:09C9H         LINE#         399
  C:09E3H         LINE#         400
  C:09E3H         LINE#         401
  C:0A6DH         LINE#         402
  C:0A6DH         LINE#         403
  C:0A6DH         LINE#         404
  C:0A6FH         LINE#         406
  C:0A6FH         LINE#         407
  C:0A74H         LINE#         408
  C:0A74H         LINE#         409
  C:0A77H         LINE#         411
  C:0A77H         LINE#         412
  C:0A77H         LINE#         413
  C:0A77H         LINE#         414
  C:0A79H         LINE#         417
  C:0A79H         LINE#         418
  C:0A7CH         LINE#         419
  C:0A7CH         LINE#         420
  C:0A7FH         LINE#         422
  C:0A7FH         LINE#         423
  C:0A84H         LINE#         424
  C:0A84H         LINE#         425
  C:0A87H         LINE#         427
  C:0A87H         LINE#         428
  C:0A8CH         LINE#         429
  C:0AA3H         LINE#         431
  C:0ACCH         LINE#         432
  C:0ACCH         LINE#         433
  C:0ADEH         LINE#         434
  C:0ADEH         LINE#         436
  C:0AFAH         LINE#         437
  C:0AFAH         LINE#         438
  C:0B02H         LINE#         439
  C:0B02H         LINE#         440
  C:0B1BH         LINE#         441
  C:0B1BH         LINE#         442
  C:0B2AH         LINE#         443
  C:0B2AH         LINE#         444
BL51 BANKED LINKER/LOCATER V6.22                                                      08/31/2022  18:11:48  PAGE 81


  C:0B74H         LINE#         445
  C:0B74H         LINE#         446
  C:0B90H         LINE#         447
  C:0B90H         LINE#         448
  C:0B9BH         LINE#         449
  C:0B9BH         LINE#         451
  C:0C07H         LINE#         452
  C:0C07H         LINE#         453
  C:0C07H         LINE#         454
  C:0C09H         LINE#         456
  C:0C09H         LINE#         457
  C:0C1FH         LINE#         458
  C:0C1FH         LINE#         459
  C:0C22H         LINE#         461
  C:0C22H         LINE#         462
  C:0C2FH         LINE#         463
  C:0C2FH         LINE#         465
  C:0C2FH         LINE#         466
  C:0C32H         LINE#         468
  C:0C32H         LINE#         469
  C:0C49H         LINE#         470
  C:0C8EH         LINE#         471
  C:0C93H         LINE#         472
  C:0CA5H         LINE#         474
  C:0CDAH         LINE#         475
  C:0CDAH         LINE#         476
  C:0CDFH         LINE#         477
  C:0D66H         LINE#         478
  C:0D66H         LINE#         479
  C:0D7DH         LINE#         480
  C:0D80H         LINE#         482
  C:0D80H         LINE#         483
  C:0D97H         LINE#         484
  C:0DA2H         LINE#         485
  C:0DA2H         LINE#         486
  C:0DF8H         LINE#         487
  C:0DF8H         LINE#         488
  C:0DF8H         LINE#         489
  C:0DFBH         LINE#         491
  C:0DFBH         LINE#         492
  C:0E12H         LINE#         493
  C:0E23H         LINE#         495
  C:0E6DH         LINE#         496
  C:0E6DH         LINE#         498
  C:0E7FH         LINE#         499
  C:0E8CH         LINE#         500
  C:0E8CH         LINE#         501
  C:0E94H         LINE#         502
  C:0E94H         LINE#         503
  C:0EF3H         LINE#         504
  C:0EF3H         LINE#         505
  C:0EF3H         LINE#         506
  C:0EF5H         LINE#         508
  C:0EF5H         LINE#         509
  C:0EFBH         LINE#         510
  C:0EFBH         LINE#         511
  C:0EFDH         LINE#         513
BL51 BANKED LINKER/LOCATER V6.22                                                      08/31/2022  18:11:48  PAGE 82


  C:0EFDH         LINE#         514
  C:0F02H         LINE#         515
  C:0F02H         LINE#         516
  C:0F1DH         LINE#         517
  C:0F1DH         LINE#         518
  C:0F25H         LINE#         519
  C:0F25H         LINE#         520
  C:0F3EH         LINE#         521
  C:0F3EH         LINE#         523
  C:0F4DH         LINE#         524
  C:0F4DH         LINE#         526
  C:0F4DH         LINE#         527
  C:0F4DH         LINE#         528
  C:0F59H         LINE#         529
  C:0F59H         LINE#         530
  C:0F9AH         LINE#         531
  C:0F9AH         LINE#         532
  C:0FB1H         LINE#         533
  C:0FCCH         LINE#         534
  C:0FCCH         LINE#         535
  C:1006H         LINE#         536
  C:1006H         LINE#         537
  C:1006H         LINE#         538
  C:1008H         LINE#         540
  C:1008H         LINE#         541
  C:101EH         LINE#         542
  C:101EH         LINE#         543
  C:101EH         LINE#         544
  C:102FH         LINE#         545
  C:102FH         LINE#         546
  C:1039H         LINE#         547
  C:1056H         LINE#         548
  C:106EH         LINE#         549
  C:1083H         LINE#         550
  C:1085H         LINE#         552
  C:1085H         LINE#         553
  C:108FH         LINE#         554
  C:10A9H         LINE#         555
  C:10C1H         LINE#         556
  C:10DBH         LINE#         557
  C:10DBH         LINE#         558
  C:10E4H         LINE#         559
  C:10FAH         LINE#         560
  C:10FAH         LINE#         562
  C:1117H         LINE#         563
  C:1117H         LINE#         564
  C:1151H         LINE#         565
  C:1168H         LINE#         566
  C:1168H         LINE#         567
  C:1183H         LINE#         568
  C:1186H         LINE#         569
  C:1186H         LINE#         570
  C:118BH         LINE#         571
  C:118BH         LINE#         572
  C:1199H         LINE#         573
  C:1199H         LINE#         574
  C:11DDH         LINE#         575
BL51 BANKED LINKER/LOCATER V6.22                                                      08/31/2022  18:11:48  PAGE 83


  C:11F2H         LINE#         576
  C:11F4H         LINE#         577
  C:11FAH         LINE#         578
  C:11FAH         LINE#         579
  C:1241H         LINE#         580
  C:1241H         LINE#         581
  C:124AH         LINE#         583
  C:1254H         LINE#         584
  C:1254H         LINE#         585
  C:126AH         LINE#         586
  C:126AH         LINE#         588
  C:1274H         LINE#         589
  C:1274H         LINE#         590
  C:1293H         LINE#         591
  C:1293H         LINE#         592
  C:12FCH         LINE#         593
  C:12FCH         LINE#         594
  C:1333H         LINE#         595
  C:1333H         LINE#         596
  C:1335H         LINE#         603
  C:1335H         LINE#         604
  C:1364H         LINE#         605
  C:136AH         LINE#         606
  C:136AH         LINE#         607
  C:136DH         LINE#         609
  C:136DH         LINE#         610
  C:13D0H         LINE#         611
  C:13D0H         LINE#         612
  C:13D6H         LINE#         613
  C:1406H         LINE#         614
  C:1408H         LINE#         616
  C:1408H         LINE#         617
  C:1442H         LINE#         618
  C:1442H         LINE#         619
  C:1442H         LINE#         620
  C:144BH         LINE#         621
  C:144BH         LINE#         623
  C:144BH         LINE#         624
  C:1453H         LINE#         625
  C:1453H         LINE#         626
  C:146FH         LINE#         627
  C:146FH         LINE#         628
  C:146FH         LINE#         630
  C:148CH         LINE#         631
  C:148CH         LINE#         632
  C:14A2H         LINE#         633
  C:14A2H         LINE#         634
  C:14DCH         LINE#         635
  C:14EEH         LINE#         636
  C:1503H         LINE#         637
  C:1513H         LINE#         638
  C:1516H         LINE#         639
  C:1516H         LINE#         640
  C:1528H         LINE#         641
  C:152FH         LINE#         642
  C:1546H         LINE#         643
  C:1548H         LINE#         645
BL51 BANKED LINKER/LOCATER V6.22                                                      08/31/2022  18:11:48  PAGE 84


  C:1548H         LINE#         646
  C:155AH         LINE#         647
  C:1561H         LINE#         648
  C:1578H         LINE#         649
  C:1578H         LINE#         650
  C:1581H         LINE#         651
  C:158BH         LINE#         652
  C:158BH         LINE#         653
  C:159BH         LINE#         654
  C:159BH         LINE#         655
  C:15B0H         LINE#         656
  C:15B0H         LINE#         657
  C:15B3H         LINE#         658
  C:15B3H         LINE#         659
  C:15BAH         LINE#         660
  C:15F4H         LINE#         661
  C:15F4H         LINE#         662
  C:1606H         LINE#         663
  C:161BH         LINE#         664
  C:162BH         LINE#         665
  C:163BH         LINE#         666
  C:163BH         LINE#         667
  C:1645H         LINE#         668
  C:1657H         LINE#         669
  C:1659H         LINE#         671
  C:1659H         LINE#         672
  C:1663H         LINE#         673
  C:1675H         LINE#         674
  C:1675H         LINE#         675
  C:167EH         LINE#         676
  C:1688H         LINE#         677
  C:1688H         LINE#         679
  C:1692H         LINE#         680
  C:1692H         LINE#         681
  C:16A8H         LINE#         682
  C:16A8H         LINE#         683
  C:16ABH         LINE#         684
  C:16D8H         LINE#         685
  C:16DEH         LINE#         686
  C:1710H         LINE#         687
  C:1716H         LINE#         688
  C:171DH         LINE#         689
  C:171DH         LINE#         690
  C:1733H         LINE#         691
  C:1733H         LINE#         692
  C:1738H         LINE#         693
  C:1738H         LINE#         694
  C:175FH         LINE#         695
  C:175FH         LINE#         696
  C:175FH         LINE#         697
  C:175FH         LINE#         698
  C:175FH         LINE#         699
  C:175FH         LINE#         700
  C:1761H         LINE#         701
  C:1769H         LINE#         702
  C:1769H         LINE#         703
  C:178DH         LINE#         704
BL51 BANKED LINKER/LOCATER V6.22                                                      08/31/2022  18:11:48  PAGE 85


  C:178DH         LINE#         705
  C:17B3H         LINE#         706
  C:17D9H         LINE#         707
  C:17DAH         LINE#         708
  C:17DAH         LINE#         709
  C:17DCH         LINE#         711
  C:17DCH         LINE#         712
  C:17EFH         LINE#         713
  C:17EFH         LINE#         714
  C:17F8H         LINE#         715
  C:17F8H         LINE#         719
  C:1803H         LINE#         720
  C:1803H         LINE#         721
  C:1809H         LINE#         722
  C:1809H         LINE#         723
  C:180CH         LINE#         724
  C:180CH         LINE#         725
  C:1814H         LINE#         726
  C:1814H         LINE#         727
  C:1816H         LINE#         728
  C:1816H         LINE#         729
  C:1818H         LINE#         730
  C:181BH         LINE#         732
  C:181BH         LINE#         733
  C:1830H         LINE#         734
  C:1830H         LINE#         735
  C:186AH         LINE#         736
  C:187CH         LINE#         737
  C:1891H         LINE#         738
  C:18A1H         LINE#         739
  C:18B1H         LINE#         740
  C:18B1H         LINE#         741
  C:18BBH         LINE#         742
  C:18CDH         LINE#         743
  C:18CFH         LINE#         745
  C:18CFH         LINE#         746
  C:18D9H         LINE#         747
  C:18EBH         LINE#         748
  C:18EBH         LINE#         749
  C:18F4H         LINE#         750
  C:18FEH         LINE#         751
  C:18FEH         LINE#         752
  C:18FEH         LINE#         753
  C:18FEH         LINE#         755
  C:1904H         LINE#         757
  C:1908H         LINE#         758
  C:1908H         LINE#         759
  C:190AH         LINE#         760
  C:1912H         LINE#         761
  C:1912H         LINE#         762
  C:1914H         LINE#         763
  C:1914H         LINE#         764
  C:1914H         LINE#         766
  C:191CH         LINE#         767
  C:191CH         LINE#         768
  C:1920H         LINE#         769
  C:1920H         LINE#         770
BL51 BANKED LINKER/LOCATER V6.22                                                      08/31/2022  18:11:48  PAGE 86


  C:192BH         LINE#         771
  C:192BH         LINE#         772
  C:192CH         LINE#         773
  C:192CH         LINE#         774
  C:192FH         LINE#         775
  C:192FH         LINE#         776
  C:1931H         LINE#         777
  C:1931H         LINE#         778
  C:1939H         LINE#         779
  C:1939H         LINE#         780
  C:193DH         LINE#         781
  C:1940H         LINE#         782
  C:1940H         LINE#         783
  -------         ENDPROC       KEY_JUDGE
  -------         PROC          TOUCHKEYINIT
  -------         DO            
  D:0003H         SYMBOL        i
  -------         ENDDO         
  C:3AF3H         LINE#         787
  C:3AF3H         LINE#         788
  C:3AF3H         LINE#         791
  C:3AF6H         LINE#         792
  C:3AF9H         LINE#         793
  C:3AFBH         LINE#         795
  C:3AFFH         LINE#         797
  C:3B0DH         LINE#         798
  C:3B0DH         LINE#         799
  C:3B1DH         LINE#         800
  C:3B29H         LINE#         801
  C:3B35H         LINE#         802
  C:3B41H         LINE#         803
  C:3B4BH         LINE#         804
  C:3B57H         LINE#         805
  C:3B59H         LINE#         808
  C:3B69H         LINE#         809
  C:3B75H         LINE#         810
  C:3B81H         LINE#         811
  C:3B8DH         LINE#         812
  C:3B97H         LINE#         813
  C:3BA3H         LINE#         814
  C:3BA5H         LINE#         817
  C:3BB1H         LINE#         819
  C:3BBEH         LINE#         820
  C:3BCBH         LINE#         822
  C:3BDBH         LINE#         823
  C:3BDFH         LINE#         824
  -------         ENDPROC       TOUCHKEYINIT
  -------         ENDMOD        SINO_TOUCHKEY

  -------         MODULE        ?C?COPY
  C:1A11H         PUBLIC        ?C?COPY
  -------         ENDMOD        ?C?COPY

  -------         MODULE        ?C?CLDPTR
  C:1A37H         PUBLIC        ?C?CLDPTR
  -------         ENDMOD        ?C?CLDPTR

BL51 BANKED LINKER/LOCATER V6.22                                                      08/31/2022  18:11:48  PAGE 87


  -------         MODULE        ?C?CLDIPTR
  C:1A50H         PUBLIC        ?C?CLDIPTR
  -------         ENDMOD        ?C?CLDIPTR

  -------         MODULE        ?C?CLDOPTR
  C:1A74H         PUBLIC        ?C?CLDOPTR
  -------         ENDMOD        ?C?CLDOPTR

  -------         MODULE        ?C?CILDPTR
  C:1AA1H         PUBLIC        ?C?CILDPTR
  -------         ENDMOD        ?C?CILDPTR

  -------         MODULE        ?C?CILDOPTR
  C:1AC3H         PUBLIC        ?C?CILDOPTR
  -------         ENDMOD        ?C?CILDOPTR

  -------         MODULE        ?C?CSTPTR
  C:1AF6H         PUBLIC        ?C?CSTPTR
  -------         ENDMOD        ?C?CSTPTR

  -------         MODULE        ?C?CSTOPTR
  C:1B08H         PUBLIC        ?C?CSTOPTR
  -------         ENDMOD        ?C?CSTOPTR

  -------         MODULE        ?C?IMUL
  C:1B2AH         PUBLIC        ?C?IMUL
  -------         ENDMOD        ?C?IMUL

  -------         MODULE        ?C?UIDIV
  C:1B3CH         PUBLIC        ?C?UIDIV
  -------         ENDMOD        ?C?UIDIV

  -------         MODULE        ?C?IILDX
  C:1B91H         PUBLIC        ?C?IILDX
  -------         ENDMOD        ?C?IILDX

  -------         MODULE        ?C?ILDIX
  C:1BA7H         PUBLIC        ?C?ILDIX
  -------         ENDMOD        ?C?ILDIX

  -------         MODULE        ?C?ILDPTR
  C:1BBDH         PUBLIC        ?C?ILDPTR
  -------         ENDMOD        ?C?ILDPTR

  -------         MODULE        ?C?ILDOPTR
  C:1BE8H         PUBLIC        ?C?ILDOPTR
  -------         ENDMOD        ?C?ILDOPTR

  -------         MODULE        ?C?IILDPTR
  C:1C20H         PUBLIC        ?C?IILDPTR
  -------         ENDMOD        ?C?IILDPTR

  -------         MODULE        ?C?IILDOPTR
  C:1C58H         PUBLIC        ?C?IILDOPTR
  -------         ENDMOD        ?C?IILDOPTR

  -------         MODULE        ?C?ISTPTR
BL51 BANKED LINKER/LOCATER V6.22                                                      08/31/2022  18:11:48  PAGE 88


  C:1CA5H         PUBLIC        ?C?ISTPTR
  -------         ENDMOD        ?C?ISTPTR

  -------         MODULE        ?C?ISTOPTR
  C:1CC4H         PUBLIC        ?C?ISTOPTR
  -------         ENDMOD        ?C?ISTOPTR

  -------         MODULE        ?C?ULDIV
  C:1D2DH         PUBLIC        ?C?ULDIV
  -------         ENDMOD        ?C?ULDIV

  -------         MODULE        ?C?LNOT
  C:1DBFH         PUBLIC        ?C?LNOT
  -------         ENDMOD        ?C?LNOT

  -------         MODULE        ?C?ULCMP
  C:1DCCH         PUBLIC        ?C?ULCMP
  -------         ENDMOD        ?C?ULCMP

  -------         MODULE        ?C?ULSHR
  C:1DDDH         PUBLIC        ?C?ULSHR
  -------         ENDMOD        ?C?ULSHR

  -------         MODULE        ?C?LSHL
  C:1DF0H         PUBLIC        ?C?LSHL
  -------         ENDMOD        ?C?LSHL

  -------         MODULE        ?C?LSTXDATA
  C:1E03H         PUBLIC        ?C?LSTXDATA
  -------         ENDMOD        ?C?LSTXDATA

  -------         MODULE        ?C?LSTKXDATA
  C:1E0FH         PUBLIC        ?C?LSTKXDATA
  -------         ENDMOD        ?C?LSTKXDATA

  -------         MODULE        ?C?OFFXADD
  C:1E40H         PUBLIC        ?C?OFFXADD
  -------         ENDMOD        ?C?OFFXADD

  -------         MODULE        ?C?ICASE
  C:1E4CH         PUBLIC        ?C?ICASE
  -------         ENDMOD        ?C?ICASE

  -------         MODULE        ABS
  C:5856H         PUBLIC        _ABS
  -------         ENDMOD        ABS

Program Size: data=36.1 xdata=801 code=22739
LINK/LOCATE RUN COMPLETE.  0 WARNING(S),  0 ERROR(S)
