BL51 BANKED LINKER/LOCATER V6.22                                                        08/25/2022  14:01:04  PAGE 1


BL51 BANKED LINKER/LOCATER V6.22, INVOKED BY:
D:\KEIL5\C51\BIN\BL51.EXE .\Objects\inputs.obj, .\Objects\interrupt_s.obj, .\Objects\mcu.obj, .\Objects\outputs.obj, .\O
>> bjects\gesture.obj, .\Objects\display.obj, .\Objects\main.obj, .\Objects\system.obj, .\Objects\app_timer.obj, .\Objec
>> ts\buzzer.obj, .\Objects\key_v2.3.obj, .\Objects\key_v2.3_lib.obj, .\Objects\misc.obj, .\Objects\tm1640.obj, .\Object
>> s\uart.obj, .\Objects\protocol.obj, .\Objects\handgesture.obj, .\Objects\tm16xx.obj, .\Objects\eeprom.obj, .\Objects\
>> sino_tk_isr.obj, ..\src\sino_touchkey\Lib_Src\TouchKey_JHB_Large_V5.2.LIB TO .\Objects\MB022_1.0 PRINT (.\Listings\MB
>> 022_1.m51) RAMSIZE (256) DISABLEWARNING (16) CODE (0X0000-0X7FFF) XDATA (0X0000-0X04FF)


MEMORY MODEL: LARGE


INPUT MODULES INCLUDED:
  .\Objects\inputs.obj (INPUTS)
  .\Objects\interrupt_s.obj (INTERRUPT_S)
  .\Objects\mcu.obj (MCU)
  .\Objects\outputs.obj (OUTPUTS)
  .\Objects\gesture.obj (GESTURE)
  .\Objects\display.obj (DISPLAY)
  .\Objects\main.obj (MAIN)
  .\Objects\system.obj (SYSTEM)
  .\Objects\app_timer.obj (APP_TIMER)
  .\Objects\buzzer.obj (BUZZER)
  .\Objects\key_v2.3.obj (KEY_V2_3)
  .\Objects\key_v2.3_lib.obj (KEY_V2_3_LIB)
  .\Objects\misc.obj (MISC)
  .\Objects\tm1640.obj (TM1640)
  .\Objects\uart.obj (UART)
  .\Objects\protocol.obj (PROTOCOL)
  .\Objects\handgesture.obj (HANDGESTURE)
  .\Objects\tm16xx.obj (TM16XX)
  .\Objects\eeprom.obj (EEPROM)
  .\Objects\sino_tk_isr.obj (SINO_TK_ISR)
  ..\src\sino_touchkey\Lib_Src\TouchKey_JHB_Large_V5.2.LIB (SINO_TOUCHKEY)
  D:\KEIL5\C51\LIB\C51L.LIB (?C_STARTUP)
  D:\KEIL5\C51\LIB\C51L.LIB (?C?COPY)
  D:\KEIL5\C51\LIB\C51L.LIB (?C?CLDPTR)
  D:\KEIL5\C51\LIB\C51L.LIB (?C?CLDIPTR)
  D:\KEIL5\C51\LIB\C51L.LIB (?C?CLDOPTR)
  D:\KEIL5\C51\LIB\C51L.LIB (?C?CILDPTR)
  D:\KEIL5\C51\LIB\C51L.LIB (?C?CILDOPTR)
  D:\KEIL5\C51\LIB\C51L.LIB (?C?CSTPTR)
  D:\KEIL5\C51\LIB\C51L.LIB (?C?CSTOPTR)
  D:\KEIL5\C51\LIB\C51L.LIB (?C?IMUL)
  D:\KEIL5\C51\LIB\C51L.LIB (?C?UIDIV)
  D:\KEIL5\C51\LIB\C51L.LIB (?C?IILDX)
  D:\KEIL5\C51\LIB\C51L.LIB (?C?ILDIX)
  D:\KEIL5\C51\LIB\C51L.LIB (?C?ILDPTR)
  D:\KEIL5\C51\LIB\C51L.LIB (?C?ILDOPTR)
  D:\KEIL5\C51\LIB\C51L.LIB (?C?IILDPTR)
  D:\KEIL5\C51\LIB\C51L.LIB (?C?IILDOPTR)
  D:\KEIL5\C51\LIB\C51L.LIB (?C?ISTPTR)
  D:\KEIL5\C51\LIB\C51L.LIB (?C?ISTOPTR)
  D:\KEIL5\C51\LIB\C51L.LIB (?C?ULDIV)
  D:\KEIL5\C51\LIB\C51L.LIB (?C?LNOT)
  D:\KEIL5\C51\LIB\C51L.LIB (?C?ULCMP)
  D:\KEIL5\C51\LIB\C51L.LIB (?C?ULSHR)
  D:\KEIL5\C51\LIB\C51L.LIB (?C?LSHL)
BL51 BANKED LINKER/LOCATER V6.22                                                      08/25/2022  14:01:04  PAGE 2


  D:\KEIL5\C51\LIB\C51L.LIB (?C?LSTXDATA)
  D:\KEIL5\C51\LIB\C51L.LIB (?C?LSTKXDATA)
  D:\KEIL5\C51\LIB\C51L.LIB (?C?OFFXADD)
  D:\KEIL5\C51\LIB\C51L.LIB (?C?ICASE)
  D:\KEIL5\C51\LIB\C51L.LIB (ABS)
  D:\KEIL5\C51\LIB\C51L.LIB (?C_INIT)


LINK MAP OF MODULE:  .\Objects\MB022_1.0 (INPUTS)


            TYPE    BASE      LENGTH    RELOCATION   SEGMENT NAME
            -----------------------------------------------------

            * * * * * * *   D A T A   M E M O R Y   * * * * * * *
            REG     0000H     0008H     ABSOLUTE     "REG BANK 0"
            DATA    0008H     0002H     UNIT         ?DT?SINO_TK_ISR
            IDATA   000AH     0010H     UNIT         ?ID?APP_TIMER
            IDATA   001AH     0004H     UNIT         ?ID?KEY_V2_3
            IDATA   001EH     0002H     UNIT         ?ID?DISPLAY
            BIT     0020H.0   0002H.0   UNIT         ?BI?SINO_TK_ISR
            BIT     0022H.0   0000H.4   UNIT         ?BI?APP_TIMER
            BIT     0022H.4   0000H.2   UNIT         ?BI?_GET_PIN_STATE2?MISC
            BIT     0022H.6   0000H.2   UNIT         _BIT_GROUP_
            BIT     0023H.0   0000H.1   UNIT         ?BI?INTERRUPT_S
                    0023H.1   0000H.7                *** GAP ***
            IDATA   0024H     0001H     UNIT         ?STACK

            * * * * * * *  X D A T A   M E M O R Y  * * * * * * *
            XDATA   0000H     01FCH     UNIT         ?XD?SINO_TK_ISR
            XDATA   01FCH     00AEH     UNIT         ?XD?PROTOCOL
            XDATA   02AAH     0039H     UNIT         ?XD?HANDGESTURE
            XDATA   02E3H     001BH     UNIT         _XDATA_GROUP_
            XDATA   02FEH     0017H     UNIT         ?XD?SYSTEM
            XDATA   0315H     0014H     UNIT         ?XD?TM16XX
            XDATA   0329H     0012H     UNIT         ?XD?TM1640
            XDATA   033BH     000BH     UNIT         ?XD?_SIMPLE_ITOA?MISC
            XDATA   0346H     0009H     UNIT         ?XD?BUZZER
            XDATA   034FH     0008H     UNIT         ?XD?_BUBBLE_SORT?MISC
            XDATA   0357H     0006H     UNIT         ?XD?GESTURE
            XDATA   035DH     0006H     UNIT         ?XD?EEPROM
            XDATA   0363H     0005H     UNIT         ?XD?_VERIFY_CHECK_SUM?MISC
            XDATA   0368H     0004H     UNIT         ?XD?INTERRUPT_S
            XDATA   036CH     0004H     UNIT         ?XD?KEY_V2_3_LIB
            XDATA   0370H     0003H     UNIT         ?XD?MAIN
            XDATA   0373H     0003H     UNIT         ?XD?APP_TIMER
            XDATA   0376H     0002H     UNIT         ?XD?KEY_V2_3
            XDATA   0378H     0002H     UNIT         ?XD?_READ_U16_INT51?MISC

            * * * * * * *   C O D E   M E M O R Y   * * * * * * *
            CODE    0000H     0003H     ABSOLUTE     
            CODE    0003H     0008H     UNIT         ?PR?DISPLAY_ALL?DISPLAY
            CODE    000BH     0003H     ABSOLUTE     
            CODE    000EH     000DH     UNIT         ?PR?GESTURE_PWM_OFF?GESTURE
            CODE    001BH     0003H     ABSOLUTE     
            CODE    001EH     000DH     UNIT         ?PR?GESTURE_PWM_ON?GESTURE
            CODE    002BH     0003H     ABSOLUTE     
BL51 BANKED LINKER/LOCATER V6.22                                                      08/25/2022  14:01:04  PAGE 3


            CODE    002EH     001CH     UNIT         ?PR?_INC_DATA_16?MISC
            CODE    004AH     0001H     UNIT         ?PR?DIS_DIGITAL_SCREEN?DISPLAY
            CODE    004BH     0003H     ABSOLUTE     
            CODE    004EH     0035H     UNIT         ?PR?TIMER3_INT?INTERRUPT_S
            CODE    0083H     0003H     ABSOLUTE     
            CODE    0086H     18BBH     UNIT         ?PR?KEY_JUDGE?SINO_TOUCHKEY
            CODE    1941H     0538H     UNIT         ?C?LIB_CODE
            CODE    1E79H     0316H     UNIT         ?PR?SETTING_TASK_FUNCTION?SYSTEM
            CODE    218FH     0300H     UNIT         ?CO?MISC
            CODE    248FH     02BAH     UNIT         ?PR?_TM16XX_SHOW_STALL?TM16XX
            CODE    2749H     0291H     UNIT         ?PR?GETINITIALTOUCHKEYDATA?SINO_TOUCHKEY
            CODE    29DAH     023CH     UNIT         ?PR?POWER_OFF_TASK_FUNCTION?SYSTEM
            CODE    2C16H     021BH     UNIT         ?PR?UPDATE_HAND_GESTURE?HANDGESTURE
            CODE    2E31H     016EH     UNIT         ?PR?TK_PARA_INIT?SINO_TK_ISR
            CODE    2F9FH     015CH     UNIT         ?PR?SEND_PANEL_COMM?PROTOCOL
            CODE    30FBH     013AH     UNIT         ?PR?_KEY_BOARD_SCAN?KEY_V2_3_LIB
            CODE    3235H     0137H     UNIT         ?PR?HAND_SCAN?HANDGESTURE
            CODE    336CH     0118H     UNIT         ?PR?_ENIO?SINO_TK_ISR
            CODE    3484H     0104H     UNIT         ?PR?TOUCHKEY_SAMP_FRE_SET?SINO_TOUCHKEY
            CODE    3588H     0100H     UNIT         ?PR?_ENTK?SINO_TK_ISR
            CODE    3688H     00FDH     UNIT         ?PR?_BUBBLE_SORT?MISC
            CODE    3785H     00EDH     UNIT         ?PR?TOUCHKEYINIT?SINO_TOUCHKEY
            CODE    3872H     00E6H     UNIT         ?PR?ISR_TK?SINO_TK_ISR
            CODE    3958H     00E5H     UNIT         ?PR?_UART_RECV_BYTE_ISR?UART
            CODE    3A3DH     00E0H     UNIT         ?CO?SINO_TK_ISR
            CODE    3B1DH     00DCH     UNIT         ?PR?_HAND_GESTURE_SCAN?HANDGESTURE
            CODE    3BF9H     00D5H     UNIT         ?PR?_PROCESS_PACKET?PROTOCOL
            CODE    3CCEH     00CBH     UNIT         ?PR?_TM16XX_SHOW_NUM?TM16XX
            CODE    3D99H     00C6H     UNIT         ?PR?MUSIC_BUZZ_CTRL?BUZZER
            CODE    3E5FH     00B9H     UNIT         ?C_INITSEG
            CODE    3F18H     00B9H     UNIT         ?PR?MCU_INIT?MCU
            CODE    3FD1H     00A2H     UNIT         ?PR?DOWN_CLOCK?APP_TIMER
            CODE    4073H     00A1H     UNIT         ?PR?READ_PARA_BLOCK?EEPROM
            CODE    4114H     009EH     UNIT         ?PR?_TM1640_SHOW_NUM?TM1640
            CODE    41B2H     009CH     UNIT         ?PR?_SIMPLE_ITOA?MISC
            CODE    424EH     0091H     UNIT         ?PR?KEY_SCAN?KEY_V2_3
            CODE    42DFH     008FH     UNIT         ?PR?_KEY_TIME_COUNT?KEY_V2_3
            CODE    436EH     008DH     UNIT         ?PR?_UART_SEND_BYTE_ISR?UART
            CODE    43FBH     008CH     UNIT         ?C_C51STARTUP
            CODE    4487H     008AH     UNIT         ?CO?BUZZER
            CODE    4511H     0082H     UNIT         ?PR?ROBAM_TASK_CTRL?APP_TIMER
            CODE    4593H     007FH     UNIT         ?PR?TM1640_SHOW_TIME?TM1640
            CODE    4612H     007FH     UNIT         ?PR?_EEPROM_WRITE?EEPROM
            CODE    4691H     007DH     UNIT         ?PR?_CRC16_CAL?MISC
            CODE    470EH     0074H     UNIT         ?PR?SAVE_PARA_BLOCK?EEPROM
            CODE    4782H     006FH     UNIT         ?PR?TOGGLE_TASK?SYSTEM
            CODE    47F1H     006FH     UNIT         ?PR?TIMERNMS_COUNT?APP_TIMER
            CODE    4860H     006EH     UNIT         ?PR?_VERIFY_CHECK_CRC16?MISC
            CODE    48CEH     006EH     UNIT         ?PR?_PANEL_PACKET_CHECK?UART
            CODE    493CH     006CH     UNIT         ?PR?MAIN?MAIN
            CODE    49A8H     006AH     UNIT         ?PR?TIMER4_INT?INTERRUPT_S
            CODE    4A12H     005DH     UNIT         ?PR?_HAND_TIME_COUNT?HANDGESTURE
            CODE    4A6FH     005BH     UNIT         ?PR?UART2_INT?INTERRUPT_S
            CODE    4ACAH     005AH     UNIT         ?PR?TM1640_TEST?TM1640
            CODE    4B24H     0059H     UNIT         ?PR?TM16XX_DRIVE?TM16XX
            CODE    4B7DH     0055H     UNIT         ?PR?TK_SAMP_FRE_SET?SINO_TK_ISR
            CODE    4BD2H     0051H     UNIT         ?PR?_GET_CHECK_SUM?MISC
BL51 BANKED LINKER/LOCATER V6.22                                                      08/25/2022  14:01:04  PAGE 4


            CODE    4C23H     004EH     UNIT         ?PR?SYSTEM_INIT?SYSTEM
            CODE    4C71H     004DH     UNIT         ?PR?DISPLAY_DRIVE?DISPLAY
            CODE    4CBEH     0048H     UNIT         ?PR?_READ_E2_BYTES?EEPROM
            CODE    4D06H     0047H     UNIT         ?PR?_UART_PACKET_DEAL?UART
            CODE    4D4DH     0044H     UNIT         ?PR?HANDTUBE_CTRL?HANDGESTURE
            CODE    4D91H     0040H     UNIT         ?PR?_EEPROM_ERASE?EEPROM
            CODE    4DD1H     003FH     UNIT         ?PR?TIMER5_INT?INTERRUPT_S
            CODE    4E10H     003DH     UNIT         ?PR?_CLOCK?APP_TIMER
            CODE    4E4DH     003BH     UNIT         ?PR?_VERIFY_CHECK_SUM?MISC
            CODE    4E88H     0036H     UNIT         ?PR?_HAND_UP_DEAL?HANDGESTURE
            CODE    4EBEH     0031H     UNIT         ?PR?_UART_RECV_BYTE?UART
            CODE    4EEFH     0030H     UNIT         ?PR?TM1640_SHOW_FULLY?TM1640
            CODE    4F1FH     002BH     UNIT         ?PR?GET_TK_BASELINE?SINO_TOUCHKEY
            CODE    4F4AH     002AH     UNIT         ?PR?SYSTEM_TASKS?SYSTEM
            CODE    4F74H     002AH     UNIT         ?PR?_MUSIC_BUZZ_START?BUZZER
            CODE    4F9EH     002AH     UNIT         ?PR?_TM16XX_SHOW_3_NUM?TM16XX
            CODE    4FC8H     0026H     UNIT         ?PR?_TM1640_SEND_CHAR?TM1640
            CODE    4FEEH     0026H     UNIT         ?PR?TM1640_SHOW_CLS?TM1640
            CODE    5014H     0025H     UNIT         ?PR?GESTURE_CTRL?GESTURE
            CODE    5039H     0025H     UNIT         ?PR?_KEY_UP_DEAL?KEY_V2_3_LIB
            CODE    505EH     0025H     UNIT         ?PR?TM16XX_ALL_SHOW?TM16XX
            CODE    5083H     0024H     UNIT         ?PR?TM16XX_CLSER?TM16XX
            CODE    50A7H     0023H     UNIT         ?PR?_GET_PIN_STATE2?MISC
            CODE    50CAH     0023H     UNIT         ?PR?_READ_U16_INT51?MISC
            CODE    50EDH     0022H     UNIT         ?PR?_UART_SEND_BYTE?UART
            CODE    510FH     0021H     UNIT         ?PR?_SEND_BYTE?TM16XX
            CODE    5130H     0020H     UNIT         ?PR?UPDATE_ALL_INPUTS?INPUTS
            CODE    5150H     001FH     UNIT         ?PR?_KEY_BOARD_WAITUP?KEY_V2_3_LIB
            CODE    516FH     001EH     UNIT         ?PR?_KEY_BOARD_INIT?KEY_V2_3_LIB
            CODE    518DH     001EH     UNIT         ?PR?_HAND_GESTURE_INIT?HANDGESTURE
            CODE    51ABH     001EH     UNIT         ?CO?TM16XX
            CODE    51C9H     001EH     UNIT         ?PR?_WRITE_E2_BYTES?EEPROM
            CODE    51E7H     001EH     UNIT         ?PR?TOUCHKEY_GO?SINO_TOUCHKEY
            CODE    5205H     001CH     UNIT         ?PR?_CRC8_CALC?MISC
            CODE    5221H     001CH     UNIT         ?PR?GET_TK_STATES?SINO_TOUCHKEY
            CODE    523DH     0019H     UNIT         ?PR?_MUSIC_BUZZ_SETFREQ?BUZZER
            CODE    5256H     0019H     UNIT         ?PR?INIT_TKERRCHK?SINO_TK_ISR
            CODE    526FH     0016H     UNIT         ?PR?_LIM_MAX_16?MISC
            CODE    5285H     0016H     UNIT         ?PR?_LIM_MIN_16?MISC
            CODE    529BH     0016H     UNIT         ?PR?PROTOCOL_INIT?PROTOCOL
            CODE    52B1H     0015H     UNIT         ?PR?START_INTERRUPTS?MCU
            CODE    52C6H     0015H     UNIT         ?PR?_CLOCK_INIT?APP_TIMER
            CODE    52DBH     0015H     UNIT         ?PR?_DEC_DATA_16?MISC
            CODE    52F0H     0015H     UNIT         ?PR?TM1640_START?TM1640
            CODE    5305H     0015H     UNIT         ?PR?TM1640_END?TM1640
            CODE    531AH     0014H     UNIT         ?PR?_LIM_MIN_8?MISC
            CODE    532EH     0014H     UNIT         ?PR?_U16_UP?MISC
            CODE    5342H     0013H     UNIT         ?PR?_UART_INIT?UART
            CODE    5355H     0012H     UNIT         ?PR?_TM1640_SHOW_CHARACTER?TM1640
            CODE    5367H     0012H     UNIT         ?PR?_TM1640_SHOW_ICON?TM1640
            CODE    5379H     0011H     UNIT         ?PR?_INC_DATA_8?MISC
            CODE    538AH     0011H     UNIT         ?PR?_WRITE_U16_INT51?MISC
            CODE    539BH     0011H     UNIT         ?PR?_UART_BYTE_TMR_DN?UART
            CODE    53ACH     0010H     UNIT         ?PR?_DEC_DATA_8?MISC
            CODE    53BCH     0010H     UNIT         ?PR?TM16XX_SHOW_COLON?TM16XX
            CODE    53CCH     0010H     UNIT         ?PR?DISTK?SINO_TK_ISR
            CODE    53DCH     000FH     UNIT         ?PR?_LIM_MAX_8?MISC
BL51 BANKED LINKER/LOCATER V6.22                                                      08/25/2022  14:01:04  PAGE 5


            CODE    53EBH     000FH     UNIT         ?PR?_U16_DN?MISC
            CODE    53FAH     000FH     UNIT         ?PR?_TM1640_SHOW_DATA?TM1640
            CODE    5409H     000EH     UNIT         ?PR?_U8_UP?MISC
            CODE    5417H     000CH     UNIT         ?PR?DISPLAY_CLEAR?DISPLAY
            CODE    5423H     000CH     UNIT         ?PR?MUSIC_BUZZ_INIT?BUZZER
            CODE    542FH     000CH     UNIT         ?PR?TK_RESETCHK?SINO_TK_ISR
            CODE    543BH     000CH     UNIT         ?PR?_ABS?ABS
            CODE    5447H     000BH     UNIT         ?PR?_DELAY_10US?APP_TIMER
            CODE    5452H     000BH     UNIT         ?PR?_U8_DN?MISC
            CODE    545DH     000BH     UNIT         ?PR?_TM16XX_SHOW_NUM_STALL?TM16XX
            CODE    5468H     000AH     UNIT         ?PR?CLEAR_WDT?MCU
            CODE    5472H     000AH     UNIT         ?PR?MUSIC_BUZZ_FRQOFF?BUZZER
            CODE    547CH     000AH     UNIT         ?PR?_TM1640_SEND_COMMAND?TM1640
            CODE    5486H     0007H     UNIT         ?PR?UPDATE_ALL_OUTPUT?OUTPUTS
            CODE    548DH     0007H     UNIT         ?PR?_N_NOP?TM16XX
            CODE    5494H     0006H     UNIT         ?PR?DELAY?TM1640
            CODE    549AH     0004H     UNIT         ?PR?CLEAR_ALL_OUTPUT?OUTPUTS
            CODE    549EH     0004H     UNIT         ?PR?PRODUCT_TASK?MAIN
            CODE    54A2H     0004H     UNIT         ?PR?_TM1640_SEND_ADDRESS?TM1640
            CODE    54A6H     0004H     UNIT         ?PR?TK_START?SINO_TK_ISR
            CODE    54AAH     0004H     UNIT         ?PR?RST_WDT?SINO_TK_ISR
            CODE    54AEH     0001H     UNIT         ?PR?DIS_LEVEL_LIGHT?DISPLAY
            CODE    54AFH     0001H     UNIT         ?PR?WHEEL_DISPLAY?DISPLAY
            CODE    54B0H     0001H     UNIT         ?PR?SH79F328_LED_INIT?DISPLAY
            CODE    54B1H     0001H     UNIT         ?PR?RUN_TASK_FUNCTION?SYSTEM
            CODE    54B2H     0001H     UNIT         ?PR?ERROR_TASK_FUNCTION?SYSTEM
            CODE    54B3H     0001H     UNIT         ?PR?RESET_PARA_VALUE?SYSTEM
            CODE    54B4H     0001H     UNIT         ?PR?GET_SCAN_VALUE?KEY_V2_3
            CODE    54B5H     0001H     UNIT         ?CO?KEY_V2_3



OVERLAY MAP OF MODULE:   .\Objects\MB022_1.0 (INPUTS)


SEGMENT                                             BIT_GROUP          XDATA_GROUP
  +--> CALLED SEGMENT                            START    LENGTH     START    LENGTH
------------------------------------------------------------------------------------
?PR?TIMER4_INT?INTERRUPT_S                       -----    -----      -----    -----
  +--> ?PR?_UART_BYTE_TMR_DN?UART
  +--> ?PR?HANDTUBE_CTRL?HANDGESTURE

*** NEW ROOT ***************************************************

?PR?TIMER5_INT?INTERRUPT_S                       -----    -----      -----    -----
  +--> ?PR?UPDATE_HAND_GESTURE?HANDGESTURE

*** NEW ROOT ***************************************************

?PR?UART2_INT?INTERRUPT_S                        -----    -----      -----    -----
  +--> ?PR?_UART_RECV_BYTE_ISR?UART
  +--> ?PR?_UART_SEND_BYTE_ISR?UART

?PR?_UART_RECV_BYTE_ISR?UART                     -----    -----      02E3H    0004H
  +--> ?PR?_UART_RECV_BYTE?UART

?PR?_UART_RECV_BYTE?UART                         -----    -----      02E7H    0001H
BL51 BANKED LINKER/LOCATER V6.22                                                      08/25/2022  14:01:04  PAGE 6



?PR?_UART_SEND_BYTE_ISR?UART                     -----    -----      02E3H    0003H
  +--> ?PR?_UART_SEND_BYTE?UART

*** NEW ROOT ***************************************************

?PR?ISR_TK?SINO_TK_ISR                           -----    -----      -----    -----
  +--> ?CO?SINO_TK_ISR
  +--> ?PR?DISTK?SINO_TK_ISR
  +--> ?PR?_ENTK?SINO_TK_ISR

*** NEW ROOT ***************************************************

?C_C51STARTUP                                    -----    -----      -----    -----
  +--> ?PR?MAIN?MAIN
  +--> ?C_INITSEG

?PR?MAIN?MAIN                                    -----    -----      -----    -----
  +--> ?PR?MCU_INIT?MCU
  +--> ?PR?_READ_E2_BYTES?EEPROM
  +--> ?PR?READ_PARA_BLOCK?EEPROM
  +--> ?PR?SYSTEM_INIT?SYSTEM
  +--> ?PR?START_INTERRUPTS?MCU
  +--> ?PR?CLEAR_ALL_OUTPUT?OUTPUTS
  +--> ?PR?CLEAR_WDT?MCU
  +--> ?PR?DOWN_CLOCK?APP_TIMER
  +--> ?PR?_CLOCK?APP_TIMER
  +--> ?PR?TIMERNMS_COUNT?APP_TIMER
  +--> ?PR?ROBAM_TASK_CTRL?APP_TIMER
  +--> ?PR?_UART_PACKET_DEAL?UART
  +--> ?PR?UPDATE_ALL_INPUTS?INPUTS
  +--> ?PR?_HAND_GESTURE_SCAN?HANDGESTURE
  +--> ?PR?PRODUCT_TASK?MAIN
  +--> ?PR?UPDATE_ALL_OUTPUT?OUTPUTS

?PR?MCU_INIT?MCU                                 -----    -----      -----    -----
  +--> ?PR?CLEAR_WDT?MCU
  +--> ?PR?_DELAY_10US?APP_TIMER

?PR?CLEAR_WDT?MCU                                -----    -----      02E8H    0001H

?PR?_READ_E2_BYTES?EEPROM                        -----    -----      02E8H    0005H

?PR?READ_PARA_BLOCK?EEPROM                       -----    -----      02E8H    0006H

?PR?SYSTEM_INIT?SYSTEM                           -----    -----      -----    -----
  +--> ?PR?PROTOCOL_INIT?PROTOCOL
  +--> ?PR?TOUCHKEYINIT?SINO_TOUCHKEY
  +--> ?PR?_CLOCK_INIT?APP_TIMER
  +--> ?PR?_KEY_BOARD_INIT?KEY_V2_3_LIB
  +--> ?PR?GET_TK_BASELINE?SINO_TOUCHKEY
  +--> ?PR?_HAND_GESTURE_INIT?HANDGESTURE

?PR?PROTOCOL_INIT?PROTOCOL                       -----    -----      -----    -----
  +--> ?PR?_UART_INIT?UART

?PR?TOUCHKEYINIT?SINO_TOUCHKEY                   -----    -----      -----    -----
BL51 BANKED LINKER/LOCATER V6.22                                                      08/25/2022  14:01:04  PAGE 7


  +--> ?PR?TK_PARA_INIT?SINO_TK_ISR

?PR?TK_PARA_INIT?SINO_TK_ISR                     -----    -----      02E8H    0001H
  +--> ?CO?SINO_TK_ISR
  +--> ?PR?_ENIO?SINO_TK_ISR
  +--> ?PR?_ENTK?SINO_TK_ISR
  +--> ?PR?TK_SAMP_FRE_SET?SINO_TK_ISR

?PR?TK_SAMP_FRE_SET?SINO_TK_ISR                  -----    -----      -----    -----
  +--> ?PR?DISTK?SINO_TK_ISR
  +--> ?CO?SINO_TK_ISR
  +--> ?PR?_ENTK?SINO_TK_ISR

?PR?GET_TK_BASELINE?SINO_TOUCHKEY                -----    -----      -----    -----
  +--> ?PR?RST_WDT?SINO_TK_ISR
  +--> ?PR?TK_SAMP_FRE_SET?SINO_TK_ISR
  +--> ?PR?TK_START?SINO_TK_ISR
  +--> ?PR?GETINITIALTOUCHKEYDATA?SINO_TOUCHKEY
  +--> ?PR?INIT_TKERRCHK?SINO_TK_ISR

?PR?GETINITIALTOUCHKEYDATA?SINO_TOUCHKEY         -----    -----      02E8H    0006H
  +--> ?PR?TOUCHKEY_SAMP_FRE_SET?SINO_TOUCHKEY
  +--> ?CO?SINO_TK_ISR

?PR?TOUCHKEY_SAMP_FRE_SET?SINO_TOUCHKEY          -----    -----      -----    -----
  +--> ?CO?SINO_TK_ISR
  +--> ?PR?TK_SAMP_FRE_SET?SINO_TK_ISR

?PR?CLEAR_ALL_OUTPUT?OUTPUTS                     -----    -----      -----    -----
  +--> ?PR?DISPLAY_CLEAR?DISPLAY

?PR?DISPLAY_CLEAR?DISPLAY                        -----    -----      -----    -----
  +--> ?PR?TM16XX_CLSER?TM16XX

?PR?DOWN_CLOCK?APP_TIMER                         -----    -----      -----    -----
  +--> ?PR?_TM16XX_SHOW_NUM?TM16XX

?PR?_TM16XX_SHOW_NUM?TM16XX                      -----    -----      -----    -----
  +--> ?CO?TM16XX

?PR?ROBAM_TASK_CTRL?APP_TIMER                    -----    -----      -----    -----
  +--> ?PR?SAVE_PARA_BLOCK?EEPROM

?PR?SAVE_PARA_BLOCK?EEPROM                       -----    -----      -----    -----
  +--> ?PR?_EEPROM_ERASE?EEPROM
  +--> ?PR?_EEPROM_WRITE?EEPROM

?PR?_EEPROM_ERASE?EEPROM                         0022H.6  0000H.1    -----    -----

?PR?_EEPROM_WRITE?EEPROM                         0022H.6  0000H.1    02E8H    0006H

?PR?_UART_PACKET_DEAL?UART                       0022H.6  0000H.1    02E8H    0003H
  +--> ?PR?_PANEL_PACKET_CHECK?UART
  +--> ?PR?_PROCESS_PACKET?PROTOCOL

?PR?_PANEL_PACKET_CHECK?UART                     0022H.7  0000H.1    02EBH    0004H
  +--> ?PR?_VERIFY_CHECK_CRC16?MISC
BL51 BANKED LINKER/LOCATER V6.22                                                      08/25/2022  14:01:04  PAGE 8


  +--> ?PR?_GET_CHECK_SUM?MISC

?PR?_VERIFY_CHECK_CRC16?MISC                     -----    -----      02EFH    0007H
  +--> ?PR?_CRC16_CAL?MISC

?PR?_CRC16_CAL?MISC                              -----    -----      02F6H    0008H
  +--> ?CO?MISC

?PR?_GET_CHECK_SUM?MISC                          -----    -----      02EFH    0006H

?PR?UPDATE_ALL_INPUTS?INPUTS                     -----    -----      -----    -----
  +--> ?PR?GET_TK_STATES?SINO_TOUCHKEY
  +--> ?PR?_KEY_BOARD_SCAN?KEY_V2_3_LIB

?PR?GET_TK_STATES?SINO_TOUCHKEY                  -----    -----      -----    -----
  +--> ?PR?TOUCHKEY_GO?SINO_TOUCHKEY
  +--> ?PR?KEY_JUDGE?SINO_TOUCHKEY
  +--> ?PR?TK_SAMP_FRE_SET?SINO_TK_ISR
  +--> ?PR?TK_RESETCHK?SINO_TK_ISR

?PR?TOUCHKEY_GO?SINO_TOUCHKEY                    -----    -----      -----    -----
  +--> ?PR?TK_START?SINO_TK_ISR

?PR?KEY_JUDGE?SINO_TOUCHKEY                      0022H.6  0000H.1    02E8H    0015H
  +--> ?CO?SINO_TK_ISR
  +--> ?PR?_ABS?ABS
  +--> ?PR?TOUCHKEY_SAMP_FRE_SET?SINO_TOUCHKEY

?PR?TK_RESETCHK?SINO_TK_ISR                      -----    -----      -----    -----
  +--> ?PR?GETINITIALTOUCHKEYDATA?SINO_TOUCHKEY

?PR?_KEY_BOARD_SCAN?KEY_V2_3_LIB                 -----    -----      02E8H    0003H
  +--> ?PR?KEY_SCAN?KEY_V2_3
  +--> ?CO?KEY_V2_3
  +--> ?PR?_KEY_UP_DEAL?KEY_V2_3_LIB
  +--> ?PR?_KEY_TIME_COUNT?KEY_V2_3

?PR?_HAND_GESTURE_SCAN?HANDGESTURE               -----    -----      02E8H    0003H
  +--> ?PR?HAND_SCAN?HANDGESTURE
  +--> ?PR?_HAND_TIME_COUNT?HANDGESTURE

?PR?HAND_SCAN?HANDGESTURE                        -----    -----      -----    -----
  +--> ?PR?_U16_DN?MISC
  +--> ?PR?_U8_UP?MISC
  +--> ?PR?_U16_UP?MISC

?PR?PRODUCT_TASK?MAIN                            -----    -----      -----    -----
  +--> ?PR?SYSTEM_TASKS?SYSTEM

?PR?SYSTEM_TASKS?SYSTEM                          -----    -----      -----    -----
  +--> ?PR?TOGGLE_TASK?SYSTEM
  +--> ?PR?POWER_OFF_TASK_FUNCTION?SYSTEM
  +--> ?PR?SETTING_TASK_FUNCTION?SYSTEM
  +--> ?PR?RUN_TASK_FUNCTION?SYSTEM
  +--> ?PR?ERROR_TASK_FUNCTION?SYSTEM

?PR?TOGGLE_TASK?SYSTEM                           -----    -----      -----    -----
BL51 BANKED LINKER/LOCATER V6.22                                                      08/25/2022  14:01:04  PAGE 9


  +--> ?PR?TM16XX_SHOW_COLON?TM16XX

?PR?POWER_OFF_TASK_FUNCTION?SYSTEM               -----    -----      02E8H    0002H
  +--> ?PR?CLEAR_ALL_OUTPUT?OUTPUTS
  +--> ?PR?_U16_DN?MISC

?PR?SETTING_TASK_FUNCTION?SYSTEM                 -----    -----      02E8H    0002H
  +--> ?PR?TM16XX_CLSER?TM16XX
  +--> ?PR?_LIM_MIN_8?MISC
  +--> ?PR?_LIM_MAX_8?MISC
  +--> ?PR?_TM16XX_SHOW_3_NUM?TM16XX
  +--> ?PR?_TM16XX_SHOW_STALL?TM16XX

?PR?_TM16XX_SHOW_3_NUM?TM16XX                    -----    -----      -----    -----
  +--> ?CO?TM16XX

?PR?UPDATE_ALL_OUTPUT?OUTPUTS                    -----    -----      -----    -----
  +--> ?PR?DISPLAY_DRIVE?DISPLAY
  +--> ?PR?SEND_PANEL_COMM?PROTOCOL

?PR?DISPLAY_DRIVE?DISPLAY                        -----    -----      -----    -----
  +--> ?PR?TM16XX_DRIVE?TM16XX

?PR?TM16XX_DRIVE?TM16XX                          -----    -----      -----    -----
  +--> ?PR?_SEND_BYTE?TM16XX

?PR?SEND_PANEL_COMM?PROTOCOL                     -----    -----      02E8H    0002H
  +--> ?PR?_CRC16_CAL?MISC
  +--> ?PR?_UART_SEND_BYTE?UART



SYMBOL TABLE OF MODULE:  .\Objects\MB022_1.0 (INPUTS)

  VALUE           TYPE          NAME
  ----------------------------------

  -------         MODULE        INPUTS
  C:0000H         SYMBOL        _ICE_DUMMY_
  D:0080H         PUBLIC        P0
  D:0090H         PUBLIC        P1
  D:00A0H         PUBLIC        P2
  D:00B0H         PUBLIC        P3
  D:00C0H         PUBLIC        P4
  D:0080H         PUBLIC        P5
  C:5130H         PUBLIC        update_all_inputs
  -------         PROC          UPDATE_ALL_INPUTS
  C:5130H         LINE#         4
  C:5130H         LINE#         5
  C:5130H         LINE#         6
  C:5133H         LINE#         7
  C:5146H         LINE#         8
  C:514FH         LINE#         9
  -------         ENDPROC       UPDATE_ALL_INPUTS
  -------         ENDMOD        INPUTS

  -------         MODULE        INTERRUPT_S
BL51 BANKED LINKER/LOCATER V6.22                                                      08/25/2022  14:01:04  PAGE 10


  C:0000H         SYMBOL        _ICE_DUMMY_
  D:0080H         PUBLIC        P0
  D:0090H         PUBLIC        P1
  D:00A0H         PUBLIC        P2
  D:00B0H         PUBLIC        P3
  C:004EH         PUBLIC        Timer3_INT
  D:00C0H         PUBLIC        P4
  C:49A8H         PUBLIC        Timer4_INT
  D:0080H         PUBLIC        P5
  C:4DD1H         PUBLIC        Timer5_INT
  X:036BH         PUBLIC        time_10ms_ct
  B:0080H.3       PUBLIC        P5_3
  B:0023H.0       PUBLIC        run_sec_f
  C:4A6FH         PUBLIC        UART2_INT
  D:0086H         PUBLIC        INSCON
  B:0090H.0       PUBLIC        RI2
  B:0090H.1       PUBLIC        TI2
  -------         PROC          TIMER3_INT
  -------         DO            
  X:0368H         SYMBOL        t_1s_ct
  -------         ENDDO         
  C:004EH         LINE#         9
  C:005BH         LINE#         12
  C:005DH         LINE#         13
  C:0060H         LINE#         14
  C:0062H         LINE#         15
  C:0065H         LINE#         16
  C:0072H         LINE#         17
  C:0072H         LINE#         18
  C:0074H         LINE#         19
  C:0076H         LINE#         20
  C:0076H         LINE#         23
  C:0078H         LINE#         24
  -------         ENDPROC       TIMER3_INT
  -------         PROC          TIMER4_INT
  -------         DO            
  X:0369H         SYMBOL        t10ms_ct
  X:036AH         SYMBOL        t1ms_ct
  -------         ENDDO         
  C:49A8H         LINE#         27
  C:49C5H         LINE#         31
  C:49C7H         LINE#         32
  C:49CAH         LINE#         33
  C:49D7H         LINE#         34
  C:49D7H         LINE#         35
  C:49D9H         LINE#         36
  C:49DBH         LINE#         37
  C:49DBH         LINE#         39
  C:49E1H         LINE#         40
  C:49E7H         LINE#         41
  C:49E7H         LINE#         42
  C:49E9H         LINE#         44
  C:49F2H         LINE#         45
  C:49F2H         LINE#         47
  C:49F5H         LINE#         48
  C:49F7H         LINE#         49
  -------         ENDPROC       TIMER4_INT
BL51 BANKED LINKER/LOCATER V6.22                                                      08/25/2022  14:01:04  PAGE 11


  -------         PROC          TIMER5_INT
  C:4DD1H         LINE#         53
  C:4DEEH         LINE#         55
  C:4DF0H         LINE#         57
  C:4DF3H         LINE#         59
  C:4DF5H         LINE#         60
  -------         ENDPROC       TIMER5_INT
  -------         PROC          UART2_INT
  C:4A6FH         LINE#         63
  C:4A8CH         LINE#         65
  C:4A8EH         LINE#         66
  C:4A91H         LINE#         68
  C:4A94H         LINE#         69
  C:4A94H         LINE#         70
  C:4A96H         LINE#         71
  C:4A9FH         LINE#         72
  C:4A9FH         LINE#         74
  C:4AA2H         LINE#         75
  C:4AA2H         LINE#         76
  C:4AA4H         LINE#         77
  C:4AADH         LINE#         78
  C:4AADH         LINE#         80
  C:4AAFH         LINE#         81
  -------         ENDPROC       UART2_INT
  -------         ENDMOD        INTERRUPT_S

  -------         MODULE        MCU
  C:0000H         SYMBOL        _ICE_DUMMY_
  D:0080H         PUBLIC        P0
  D:0090H         PUBLIC        P1
  D:00A0H         PUBLIC        P2
  D:00B0H         PUBLIC        P3
  D:00E2H         PUBLIC        UART0CR
  D:00C0H         PUBLIC        P4
  D:00E3H         PUBLIC        UART1CR
  D:0080H         PUBLIC        P5
  B:00A8H.7       PUBLIC        EA
  D:00D9H         PUBLIC        PWM0CON
  D:00C1H         PUBLIC        PWM1CON
  D:00E6H         PUBLIC        PWMCR
  D:00A9H         PUBLIC        IEN1
  D:00AAH         PUBLIC        IEN2
  D:00E1H         PUBLIC        P0CR
  D:00E2H         PUBLIC        P1CR
  D:00E3H         PUBLIC        P2CR
  D:00E4H         PUBLIC        P3CR
  D:00E5H         PUBLIC        P4CR
  D:00E1H         PUBLIC        P5CR
  D:0096H         PUBLIC        SFINE2
  D:00DDH         PUBLIC        PWM0DH
  D:00C5H         PUBLIC        PWM1DH
  D:00DCH         PUBLIC        PWM0DL
  D:00C4H         PUBLIC        PWM1DL
  D:0095H         PUBLIC        SBRTH2
  D:00B1H         PUBLIC        RSTSTAT
  C:5468H         PUBLIC        clear_wdt
  D:0094H         PUBLIC        SBRTL2
BL51 BANKED LINKER/LOCATER V6.22                                                      08/25/2022  14:01:04  PAGE 12


  D:00B2H         PUBLIC        CLKCON
  D:00DBH         PUBLIC        PWM0PH
  D:00C3H         PUBLIC        PWM1PH
  D:00DAH         PUBLIC        PWM0PL
  D:00C2H         PUBLIC        PWM1PL
  B:00A8H.5       PUBLIC        ET3
  D:0086H         PUBLIC        INSCON
  B:00A8H.3       PUBLIC        ET5
  D:008DH         PUBLIC        TH3
  D:00CDH         PUBLIC        TH4
  D:00CFH         PUBLIC        TH5
  D:008CH         PUBLIC        TL3
  D:00CCH         PUBLIC        TL4
  D:00CEH         PUBLIC        TL5
  B:0088H.2       PUBLIC        TR3
  B:00C8H.1       PUBLIC        TR4
  B:00C0H.1       PUBLIC        TR5
  C:3F18H         PUBLIC        mcu_init
  D:0090H         PUBLIC        SCON2
  D:00E9H         PUBLIC        P0PCR
  D:00EAH         PUBLIC        P1PCR
  D:0088H         PUBLIC        T3CON
  D:00EBH         PUBLIC        P2PCR
  D:00ECH         PUBLIC        P3PCR
  D:00EDH         PUBLIC        P4PCR
  D:00E9H         PUBLIC        P5PCR
  C:52B1H         PUBLIC        start_interrupts
  -------         PROC          CLEAR_WDT
  -------         DO            
  X:02E8H         SYMBOL        val
  -------         ENDDO         
  C:5468H         LINE#         5
  C:5468H         LINE#         6
  C:5468H         LINE#         7
  C:546EH         LINE#         8
  C:5471H         LINE#         9
  -------         ENDPROC       CLEAR_WDT
  -------         PROC          MCU_INIT
  C:3F18H         LINE#         19
  C:3F18H         LINE#         20
  C:3F18H         LINE#         21
  C:3F1BH         LINE#         26
  C:3F1EH         LINE#         27
  C:3F21H         LINE#         28
  C:3F24H         LINE#         30
  C:3F27H         LINE#         31
  C:3F29H         LINE#         32
  C:3F2CH         LINE#         34
  C:3F2EH         LINE#         35
  C:3F31H         LINE#         36
  C:3F33H         LINE#         38
  C:3F35H         LINE#         39
  C:3F38H         LINE#         40
  C:3F3AH         LINE#         42
  C:3F3DH         LINE#         43
  C:3F40H         LINE#         44
  C:3F43H         LINE#         46
BL51 BANKED LINKER/LOCATER V6.22                                                      08/25/2022  14:01:04  PAGE 13


  C:3F46H         LINE#         47
  C:3F48H         LINE#         48
  C:3F4BH         LINE#         49
  C:3F4DH         LINE#         52
  C:3F4FH         LINE#         53
  C:3F51H         LINE#         55
  C:3F54H         LINE#         66
  C:3F57H         LINE#         67
  C:3F5DH         LINE#         68
  C:3F60H         LINE#         75
  C:3F63H         LINE#         76
  C:3F66H         LINE#         78
  C:3F69H         LINE#         79
  C:3F6CH         LINE#         80
  C:3F6FH         LINE#         82
  C:3F71H         LINE#         86
  C:3F74H         LINE#         88
  C:3F77H         LINE#         89
  C:3F7AH         LINE#         90
  C:3F7DH         LINE#         92
  C:3F80H         LINE#         95
  C:3F83H         LINE#         96
  C:3F86H         LINE#         97
  C:3F89H         LINE#         99
  C:3F8CH         LINE#         101
  C:3F8EH         LINE#         104
  C:3F91H         LINE#         105
  C:3F94H         LINE#         106
  C:3F97H         LINE#         110
  C:3F9AH         LINE#         111
  C:3F9DH         LINE#         112
  C:3FA0H         LINE#         113
  C:3FA2H         LINE#         114
  C:3FA5H         LINE#         117
  C:3FA8H         LINE#         118
  C:3FABH         LINE#         119
  C:3FADH         LINE#         120
  C:3FB0H         LINE#         121
  C:3FB2H         LINE#         122
  C:3FB5H         LINE#         123
  C:3FB8H         LINE#         163
  C:3FBBH         LINE#         165
  C:3FBEH         LINE#         166
  C:3FC1H         LINE#         167
  C:3FC4H         LINE#         168
  C:3FC7H         LINE#         169
  C:3FCAH         LINE#         171
  C:3FCDH         LINE#         173
  C:3FD0H         LINE#         183
  -------         ENDPROC       MCU_INIT
  -------         PROC          START_INTERRUPTS
  C:52B1H         LINE#         185
  C:52B1H         LINE#         186
  C:52B1H         LINE#         196
  C:52B3H         LINE#         198
  C:52B6H         LINE#         199
  C:52B8H         LINE#         200
BL51 BANKED LINKER/LOCATER V6.22                                                      08/25/2022  14:01:04  PAGE 14


  C:52BAH         LINE#         201
  C:52BCH         LINE#         202
  C:52BFH         LINE#         203
  C:52C2H         LINE#         204
  C:52C5H         LINE#         206
  -------         ENDPROC       START_INTERRUPTS
  -------         ENDMOD        MCU

  -------         MODULE        OUTPUTS
  C:0000H         SYMBOL        _ICE_DUMMY_
  D:0080H         PUBLIC        P0
  D:0090H         PUBLIC        P1
  D:00A0H         PUBLIC        P2
  D:00B0H         PUBLIC        P3
  D:00C0H         PUBLIC        P4
  D:0080H         PUBLIC        P5
  C:5486H         PUBLIC        update_all_output
  C:549AH         PUBLIC        clear_all_output
  -------         PROC          CLEAR_ALL_OUTPUT
  C:549AH         LINE#         16
  C:549AH         LINE#         17
  C:549AH         LINE#         18
  C:549DH         LINE#         19
  -------         ENDPROC       CLEAR_ALL_OUTPUT
  -------         PROC          UPDATE_ALL_OUTPUT
  C:5486H         LINE#         24
  C:5486H         LINE#         25
  C:5486H         LINE#         26
  C:5489H         LINE#         27
  C:548CH         LINE#         28
  -------         ENDPROC       UPDATE_ALL_OUTPUT
  -------         ENDMOD        OUTPUTS

  -------         MODULE        GESTURE
  C:0000H         SYMBOL        _ICE_DUMMY_
  D:0080H         PUBLIC        P0
  D:0090H         PUBLIC        P1
  D:00A0H         PUBLIC        P2
  D:00B0H         PUBLIC        P3
  D:00C0H         PUBLIC        P4
  D:0080H         PUBLIC        P5
  D:00D9H         PUBLIC        PWM0CON
  D:00C1H         PUBLIC        PWM1CON
  X:0359H         PUBLIC        gesture_right_count
  C:5014H         PUBLIC        gesture_ctrl
  X:035BH         PUBLIC        gesture_left_count
  D:0086H         PUBLIC        INSCON
  C:000EH         PUBLIC        gesture_pwm_off
  C:001EH         PUBLIC        gesture_pwm_on
  -------         PROC          GESTURE_PWM_OFF
  C:000EH         LINE#         5
  C:000EH         LINE#         6
  C:000EH         LINE#         7
  C:0011H         LINE#         9
  C:0014H         LINE#         10
  C:0017H         LINE#         11
  C:001AH         LINE#         12
BL51 BANKED LINKER/LOCATER V6.22                                                      08/25/2022  14:01:04  PAGE 15


  -------         ENDPROC       GESTURE_PWM_OFF
  -------         PROC          GESTURE_PWM_ON
  C:001EH         LINE#         14
  C:001EH         LINE#         15
  C:001EH         LINE#         16
  C:0021H         LINE#         18
  C:0024H         LINE#         19
  C:0027H         LINE#         20
  C:002AH         LINE#         21
  -------         ENDPROC       GESTURE_PWM_ON
  -------         PROC          GESTURE_CTRL
  -------         DO            
  X:0357H         SYMBOL        gesture_time
  X:0358H         SYMBOL        gesture_off_time
  -------         ENDDO         
  C:5014H         LINE#         25
  C:5014H         LINE#         26
  C:5014H         LINE#         30
  C:501AH         LINE#         31
  C:501AH         LINE#         32
  C:501CH         LINE#         33
  C:5027H         LINE#         34
  C:5027H         LINE#         35
  C:502AH         LINE#         36
  C:502BH         LINE#         38
  C:502BH         LINE#         39
  C:502EH         LINE#         40
  C:502EH         LINE#         41
  C:502FH         LINE#         43
  C:502FH         LINE#         44
  C:5035H         LINE#         45
  C:5038H         LINE#         46
  C:5038H         LINE#         47
  -------         ENDPROC       GESTURE_CTRL
  -------         ENDMOD        GESTURE

  -------         MODULE        DISPLAY
  C:0000H         SYMBOL        _ICE_DUMMY_
  C:54B0H         PUBLIC        sh79f328_led_init
  D:0080H         PUBLIC        P0
  D:0090H         PUBLIC        P1
  D:00A0H         PUBLIC        P2
  D:00B0H         PUBLIC        P3
  D:00C0H         PUBLIC        P4
  D:0080H         PUBLIC        P5
  B:00A0H.2       PUBLIC        P2_2
  B:00B0H.2       PUBLIC        P3_2
  C:0003H         PUBLIC        display_all
  B:00A0H.4       PUBLIC        P2_4
  B:00B0H.3       PUBLIC        P3_3
  B:00A0H.5       PUBLIC        P2_5
  B:0080H.2       PUBLIC        P5_2
  B:00B0H.6       PUBLIC        P3_6
  B:00B0H.7       PUBLIC        P3_7
  I:001EH         PUBLIC        leds
  C:54AEH         PUBLIC        dis_level_light
  D:0086H         PUBLIC        INSCON
BL51 BANKED LINKER/LOCATER V6.22                                                      08/25/2022  14:01:04  PAGE 16


  C:5417H         PUBLIC        display_clear
  C:004AH         PUBLIC        dis_digital_screen
  C:54AFH         PUBLIC        wheel_display
  C:4C71H         PUBLIC        display_drive
  -------         PROC          DISPLAY_ALL
  C:0003H         LINE#         17
  C:0003H         LINE#         18
  C:0003H         LINE#         19
  C:0006H         LINE#         20
  C:000AH         LINE#         21
  -------         ENDPROC       DISPLAY_ALL
  -------         PROC          DISPLAY_CLEAR
  C:5417H         LINE#         23
  C:5417H         LINE#         24
  C:5417H         LINE#         25
  C:541AH         LINE#         26
  C:541EH         LINE#         27
  C:5422H         LINE#         28
  -------         ENDPROC       DISPLAY_CLEAR
  -------         PROC          DIS_DIGITAL_SCREEN
  C:004AH         LINE#         30
  C:004AH         LINE#         31
  C:004AH         LINE#         34
  -------         ENDPROC       DIS_DIGITAL_SCREEN
  -------         PROC          DIS_LEVEL_LIGHT
  C:54AEH         LINE#         36
  C:54AEH         LINE#         37
  C:54AEH         LINE#         39
  -------         ENDPROC       DIS_LEVEL_LIGHT
  -------         PROC          WHEEL_DISPLAY
  C:54AFH         LINE#         41
  C:54AFH         LINE#         42
  C:54AFH         LINE#         44
  -------         ENDPROC       WHEEL_DISPLAY
  -------         PROC          DISPLAY_DRIVE
  C:4C71H         LINE#         46
  C:4C71H         LINE#         47
  C:4C71H         LINE#         48
  C:4C74H         LINE#         49
  C:4C7BH         LINE#         50
  C:4C81H         LINE#         51
  C:4C8AH         LINE#         52
  C:4C93H         LINE#         53
  C:4C9BH         LINE#         54
  C:4CA3H         LINE#         55
  C:4CADH         LINE#         56
  C:4CB0H         LINE#         57
  C:4CBAH         LINE#         58
  C:4CBDH         LINE#         59
  -------         ENDPROC       DISPLAY_DRIVE
  -------         PROC          SH79F328_LED_INIT
  C:54B0H         LINE#         70
  C:54B0H         LINE#         71
  C:54B0H         LINE#         81
  -------         ENDPROC       SH79F328_LED_INIT
  -------         ENDMOD        DISPLAY

BL51 BANKED LINKER/LOCATER V6.22                                                      08/25/2022  14:01:04  PAGE 17


  -------         MODULE        MAIN
  C:0000H         SYMBOL        _ICE_DUMMY_
  D:0080H         PUBLIC        P0
  D:0090H         PUBLIC        P1
  D:00A0H         PUBLIC        P2
  D:00B0H         PUBLIC        P3
  D:00C0H         PUBLIC        P4
  D:0080H         PUBLIC        P5
  B:00A8H.7       PUBLIC        EA
  X:0370H         PUBLIC        hand_switch
  C:549EH         PUBLIC        product_task
  C:493CH         PUBLIC        main
  X:0371H         PUBLIC        hand_useless_tmr
  -------         PROC          MAIN
  C:493CH         LINE#         5
  C:493CH         LINE#         6
  C:493CH         LINE#         7
  C:493EH         LINE#         8
  C:4941H         LINE#         10
  C:494CH         LINE#         11
  C:494FH         LINE#         13
  C:4952H         LINE#         14
  C:4955H         LINE#         15
  C:4958H         LINE#         16
  C:4958H         LINE#         17
  C:4958H         LINE#         18
  C:495BH         LINE#         19
  C:495EH         LINE#         20
  C:495EH         LINE#         21
  C:4960H         LINE#         22
  C:4963H         LINE#         23
  C:496CH         LINE#         24
  C:496FH         LINE#         25
  C:4972H         LINE#         26
  C:497BH         LINE#         27
  C:497EH         LINE#         28
  C:4984H         LINE#         29
  C:4984H         LINE#         30
  C:498DH         LINE#         31
  C:498DH         LINE#         32
  C:4993H         LINE#         33
  C:4993H         LINE#         34
  C:4995H         LINE#         35
  C:4999H         LINE#         36
  C:499CH         LINE#         37
  C:499DH         LINE#         38
  C:499FH         LINE#         40
  C:499FH         LINE#         41
  C:49A2H         LINE#         42
  C:49A2H         LINE#         43
  C:49A5H         LINE#         45
  C:49A5H         LINE#         46
  -------         ENDPROC       MAIN
  -------         PROC          PRODUCT_TASK
  C:549EH         LINE#         49
  C:549EH         LINE#         50
  C:549EH         LINE#         51
BL51 BANKED LINKER/LOCATER V6.22                                                      08/25/2022  14:01:04  PAGE 18


  C:54A1H         LINE#         52
  -------         ENDPROC       PRODUCT_TASK
  -------         ENDMOD        MAIN

  -------         MODULE        SYSTEM
  C:0000H         SYMBOL        _ICE_DUMMY_
  D:0080H         PUBLIC        P0
  D:0090H         PUBLIC        P1
  D:00A0H         PUBLIC        P2
  D:00B0H         PUBLIC        P3
  D:00C0H         PUBLIC        P4
  D:0080H         PUBLIC        P5
  X:02FFH         PUBLIC        robam_delay
  X:0301H         PUBLIC        pushrod_state
  C:54B2H         SYMBOL        error_task_function
  X:0302H         PUBLIC        robam_gear
  X:0303H         PUBLIC        robam_state
  C:4782H         SYMBOL        toggle_task
  X:0304H         PUBLIC        Key_Flag_Sys
  X:030CH         PUBLIC        system_state
  C:54B3H         PUBLIC        reset_para_value
  C:29DAH         SYMBOL        power_off_task_function
  C:4F4AH         PUBLIC        system_tasks
  C:54B1H         SYMBOL        run_task_function
  C:4C23H         PUBLIC        system_init
  X:030DH         PUBLIC        pon_2s
  X:030EH         PUBLIC        pon_3s
  X:0310H         PUBLIC        buzz_mode
  C:1E79H         SYMBOL        setting_task_function
  X:0311H         PUBLIC        add_50hour_up
  -------         PROC          POWER_OFF_TASK_FUNCTION
  -------         DO            
  X:02FEH         SYMBOL        execute_one
  X:02E8H         SYMBOL        hv
  X:02E9H         SYMBOL        kv
  -------         ENDDO         
  C:29DAH         LINE#         14
  C:29DAH         LINE#         15
  C:29DAH         LINE#         17
  C:29E2H         LINE#         18
  C:29E7H         LINE#         20
  C:29EDH         LINE#         21
  C:29EDH         LINE#         22
  C:29F0H         LINE#         23
  C:29F5H         LINE#         24
  C:29F9H         LINE#         25
  C:29F9H         LINE#         27
  C:2A0BH         LINE#         28
  C:2A0BH         LINE#         29
  C:2A0FH         LINE#         30
  C:2A13H         LINE#         32
  C:2A31H         LINE#         33
  C:2A31H         LINE#         34
  C:2A37H         LINE#         35
  C:2A3DH         LINE#         36
  C:2A41H         LINE#         37
  C:2A44H         LINE#         39
BL51 BANKED LINKER/LOCATER V6.22                                                      08/25/2022  14:01:04  PAGE 19


  C:2A4EH         LINE#         40
  C:2A4EH         LINE#         41
  C:2A54H         LINE#         42
  C:2A57H         LINE#         43
  C:2A5AH         LINE#         45
  C:2A68H         LINE#         46
  C:2A68H         LINE#         47
  C:2A6EH         LINE#         48
  C:2A70H         LINE#         49
  C:2A73H         LINE#         51
  C:2A82H         LINE#         52
  C:2A82H         LINE#         53
  C:2A87H         LINE#         54
  C:2A8BH         LINE#         55
  C:2A8DH         LINE#         56
  C:2A90H         LINE#         58
  C:2A9BH         LINE#         59
  C:2A9BH         LINE#         60
  C:2AA0H         LINE#         61
  C:2AA5H         LINE#         62
  C:2AADH         LINE#         63
  C:2AB0H         LINE#         65
  C:2ABEH         LINE#         66
  C:2ABEH         LINE#         67
  C:2AC4H         LINE#         68
  C:2AC8H         LINE#         69
  C:2AD0H         LINE#         70
  C:2AD3H         LINE#         72
  C:2AE2H         LINE#         73
  C:2AE2H         LINE#         74
  C:2AE5H         LINE#         75
  C:2AE7H         LINE#         77
  C:2AF2H         LINE#         78
  C:2AF2H         LINE#         79
  C:2AF4H         LINE#         80
  C:2AFAH         LINE#         81
  C:2AFCH         LINE#         83
  C:2B0AH         LINE#         84
  C:2B0AH         LINE#         85
  C:2B13H         LINE#         86
  C:2B13H         LINE#         87
  C:2B15H         LINE#         88
  C:2B15H         LINE#         89
  C:2B17H         LINE#         91
  C:2B26H         LINE#         92
  C:2B26H         LINE#         94
  C:2B2FH         LINE#         95
  C:2B2FH         LINE#         96
  C:2B31H         LINE#         97
  C:2B31H         LINE#         98
  C:2B33H         LINE#         100
  C:2B3EH         LINE#         101
  C:2B3EH         LINE#         102
  C:2B47H         LINE#         103
  C:2B47H         LINE#         104
  C:2B49H         LINE#         105
  C:2B49H         LINE#         106
BL51 BANKED LINKER/LOCATER V6.22                                                      08/25/2022  14:01:04  PAGE 20


  C:2B4BH         LINE#         108
  C:2B59H         LINE#         109
  C:2B59H         LINE#         110
  C:2B62H         LINE#         111
  C:2B62H         LINE#         112
  C:2B64H         LINE#         113
  C:2B64H         LINE#         114
  C:2B64H         LINE#         115
  C:2B64H         LINE#         117
  C:2B6BH         LINE#         118
  C:2B6BH         LINE#         119
  C:2B6CH         LINE#         121
  C:2B7AH         LINE#         122
  C:2B7AH         LINE#         123
  C:2B83H         LINE#         124
  C:2B89H         LINE#         125
  C:2B8FH         LINE#         126
  C:2B91H         LINE#         128
  C:2B9BH         LINE#         129
  C:2B9BH         LINE#         130
  C:2B9DH         LINE#         131
  C:2BA3H         LINE#         132
  C:2BA5H         LINE#         134
  C:2BC8H         LINE#         135
  C:2BC8H         LINE#         136
  C:2BD2H         LINE#         137
  C:2BD8H         LINE#         138
  C:2BD8H         LINE#         139
  C:2BD8H         LINE#         141
  C:2BE5H         LINE#         142
  C:2BE5H         LINE#         143
  C:2BEEH         LINE#         144
  C:2BEEH         LINE#         146
  C:2BFFH         LINE#         147
  C:2BFFH         LINE#         148
  C:2C03H         LINE#         149
  C:2C07H         LINE#         150
  C:2C09H         LINE#         151
  C:2C0FH         LINE#         152
  C:2C12H         LINE#         153
  C:2C15H         LINE#         154
  C:2C15H         LINE#         156
  -------         ENDPROC       POWER_OFF_TASK_FUNCTION
  -------         PROC          SETTING_TASK_FUNCTION
  -------         DO            
  X:02E8H         SYMBOL        hv
  X:02E9H         SYMBOL        kv
  -------         ENDDO         
  C:1E79H         LINE#         158
  C:1E79H         LINE#         159
  C:1E79H         LINE#         160
  C:1E81H         LINE#         161
  C:1E86H         LINE#         163
  C:1E8CH         LINE#         164
  C:1E8CH         LINE#         165
  C:1E92H         LINE#         166
  C:1E95H         LINE#         167
BL51 BANKED LINKER/LOCATER V6.22                                                      08/25/2022  14:01:04  PAGE 21


  C:1E98H         LINE#         168
  C:1E9EH         LINE#         169
  C:1EA4H         LINE#         170
  C:1EA7H         LINE#         171
  C:1EABH         LINE#         172
  C:1EADH         LINE#         173
  C:1EB2H         LINE#         174
  C:1EB2H         LINE#         176
  C:1EC4H         LINE#         177
  C:1EC4H         LINE#         178
  C:1EC8H         LINE#         179
  C:1ECCH         LINE#         182
  C:1EDBH         LINE#         183
  C:1EDBH         LINE#         184
  C:1EE4H         LINE#         185
  C:1EE8H         LINE#         186
  C:1EEBH         LINE#         187
  C:1EF1H         LINE#         188
  C:1EF7H         LINE#         189
  C:1EFAH         LINE#         191
  C:1F0DH         LINE#         192
  C:1F0DH         LINE#         193
  C:1F12H         LINE#         194
  C:1F16H         LINE#         195
  C:1F1AH         LINE#         196
  C:1F1EH         LINE#         197
  C:1F22H         LINE#         198
  C:1F24H         LINE#         199
  C:1F27H         LINE#         201
  C:1F36H         LINE#         202
  C:1F36H         LINE#         203
  C:1F3CH         LINE#         204
  C:1F40H         LINE#         205
  C:1F42H         LINE#         206
  C:1F45H         LINE#         211
  C:1F58H         LINE#         212
  C:1F58H         LINE#         213
  C:1F5EH         LINE#         214
  C:1F69H         LINE#         215
  C:1F6DH         LINE#         216
  C:1F6FH         LINE#         217
  C:1F72H         LINE#         219
  C:1F88H         LINE#         220
  C:1F88H         LINE#         221
  C:1F8EH         LINE#         222
  C:1F99H         LINE#         223
  C:1F9DH         LINE#         224
  C:1F9FH         LINE#         225
  C:1FA2H         LINE#         229
  C:1FB8H         LINE#         230
  C:1FB8H         LINE#         231
  C:1FC6H         LINE#         232
  C:1FCAH         LINE#         233
  C:1FCDH         LINE#         234
  C:1FD9H         LINE#         235
  C:1FDCH         LINE#         237
  C:1FF3H         LINE#         238
BL51 BANKED LINKER/LOCATER V6.22                                                      08/25/2022  14:01:04  PAGE 22


  C:1FF3H         LINE#         239
  C:2001H         LINE#         240
  C:2005H         LINE#         241
  C:2008H         LINE#         242
  C:2014H         LINE#         243
  C:2016H         LINE#         245
  C:2020H         LINE#         246
  C:2020H         LINE#         247
  C:2026H         LINE#         248
  C:202DH         LINE#         249
  C:2031H         LINE#         250
  C:2034H         LINE#         251
  C:203AH         LINE#         252
  C:2040H         LINE#         253
  C:2042H         LINE#         254
  C:2050H         LINE#         255
  C:2050H         LINE#         256
  C:2052H         LINE#         257
  C:2055H         LINE#         258
  C:2057H         LINE#         259
  C:205DH         LINE#         260
  C:2063H         LINE#         261
  C:2065H         LINE#         263
  C:2073H         LINE#         264
  C:2073H         LINE#         265
  C:2079H         LINE#         266
  C:207CH         LINE#         267
  C:207EH         LINE#         268
  C:2089H         LINE#         269
  C:2089H         LINE#         270
  C:208FH         LINE#         271
  C:2091H         LINE#         272
  C:2091H         LINE#         274
  C:2091H         LINE#         276
  C:2098H         LINE#         277
  C:2098H         LINE#         278
  C:2099H         LINE#         279
  C:20A0H         LINE#         280
  C:20A0H         LINE#         281
  C:20A2H         LINE#         282
  C:20A5H         LINE#         283
  C:20A7H         LINE#         284
  C:20ADH         LINE#         286
  C:20B3H         LINE#         287
  C:20B5H         LINE#         288
  C:20BCH         LINE#         289
  C:20BCH         LINE#         290
  C:20C1H         LINE#         291
  C:20C5H         LINE#         292
  C:20C9H         LINE#         293
  C:20CBH         LINE#         294
  C:20CBH         LINE#         295
  C:20CBH         LINE#         297
  C:20D1H         LINE#         298
  C:20D1H         LINE#         299
  C:20D3H         LINE#         300
  C:20F6H         LINE#         301
BL51 BANKED LINKER/LOCATER V6.22                                                      08/25/2022  14:01:04  PAGE 23


  C:20F6H         LINE#         302
  C:2100H         LINE#         303
  C:2106H         LINE#         304
  C:2106H         LINE#         305
  C:2106H         LINE#         306
  C:2137H         LINE#         307
  C:2137H         LINE#         308
  C:213FH         LINE#         309
  C:2147H         LINE#         310
  C:214FH         LINE#         311
  C:2157H         LINE#         312
  C:215FH         LINE#         313
  C:2167H         LINE#         314
  C:216FH         LINE#         315
  C:2175H         LINE#         316
  C:2175H         LINE#         318
  C:217EH         LINE#         319
  C:217EH         LINE#         320
  C:2186H         LINE#         321
  C:2186H         LINE#         322
  C:218EH         LINE#         323
  -------         ENDPROC       SETTING_TASK_FUNCTION
  -------         PROC          RUN_TASK_FUNCTION
  C:54B1H         LINE#         325
  C:54B1H         LINE#         326
  C:54B1H         LINE#         328
  -------         ENDPROC       RUN_TASK_FUNCTION
  -------         PROC          ERROR_TASK_FUNCTION
  C:54B2H         LINE#         329
  C:54B2H         LINE#         330
  C:54B2H         LINE#         332
  -------         ENDPROC       ERROR_TASK_FUNCTION
  -------         PROC          TOGGLE_TASK
  C:4782H         LINE#         333
  C:4782H         LINE#         334
  C:4782H         LINE#         335
  C:4788H         LINE#         336
  C:4788H         LINE#         337
  C:478EH         LINE#         338
  C:478EH         LINE#         339
  C:4791H         LINE#         340
  C:4791H         LINE#         341
  C:47ADH         LINE#         342
  C:47ADH         LINE#         343
  C:47B9H         LINE#         344
  C:47BFH         LINE#         345
  C:47BFH         LINE#         346
  C:47C6H         LINE#         347
  C:47C6H         LINE#         348
  C:47D2H         LINE#         349
  C:47D8H         LINE#         350
  C:47D8H         LINE#         351
  C:47DFH         LINE#         352
  C:47DFH         LINE#         353
  C:47EAH         LINE#         354
  C:47F0H         LINE#         355
  C:47F0H         LINE#         356
BL51 BANKED LINKER/LOCATER V6.22                                                      08/25/2022  14:01:04  PAGE 24


  C:47F0H         LINE#         357
  -------         ENDPROC       TOGGLE_TASK
  -------         PROC          SYSTEM_TASKS
  C:4F4AH         LINE#         363
  C:4F4AH         LINE#         364
  C:4F4AH         LINE#         365
  C:4F4DH         LINE#         366
  C:4F5EH         LINE#         367
  C:4F5EH         LINE#         368
  C:4F5EH         LINE#         369
  C:4F61H         LINE#         370
  C:4F62H         LINE#         372
  C:4F62H         LINE#         374
  C:4F65H         LINE#         375
  C:4F66H         LINE#         377
  C:4F66H         LINE#         378
  C:4F69H         LINE#         379
  C:4F6AH         LINE#         381
  C:4F6AH         LINE#         382
  C:4F6DH         LINE#         383
  C:4F6EH         LINE#         385
  C:4F6EH         LINE#         386
  C:4F73H         LINE#         387
  C:4F73H         LINE#         390
  -------         ENDPROC       SYSTEM_TASKS
  -------         PROC          RESET_PARA_VALUE
  C:54B3H         LINE#         397
  C:54B3H         LINE#         398
  C:54B3H         LINE#         400
  -------         ENDPROC       RESET_PARA_VALUE
  -------         PROC          SYSTEM_INIT
  C:4C23H         LINE#         402
  C:4C23H         LINE#         403
  C:4C23H         LINE#         404
  C:4C28H         LINE#         405
  C:4C2EH         LINE#         406
  C:4C31H         LINE#         407
  C:4C34H         LINE#         408
  C:4C3DH         LINE#         409
  C:4C46H         LINE#         410
  C:4C49H         LINE#         411
  C:4C4FH         LINE#         412
  C:4C57H         LINE#         413
  C:4C5BH         LINE#         414
  C:4C5EH         LINE#         415
  C:4C62H         LINE#         416
  C:4C64H         LINE#         417
  C:4C66H         LINE#         418
  C:4C68H         LINE#         419
  C:4C6AH         LINE#         420
  C:4C6CH         LINE#         421
  C:4C6EH         LINE#         422
  C:4C70H         LINE#         423
  -------         ENDPROC       SYSTEM_INIT
  -------         ENDMOD        SYSTEM

  -------         MODULE        APP_TIMER
BL51 BANKED LINKER/LOCATER V6.22                                                      08/25/2022  14:01:04  PAGE 25


  C:0000H         SYMBOL        _ICE_DUMMY_
  D:0080H         PUBLIC        P0
  B:0022H.0       PUBLIC        half_sec_f
  D:0090H         PUBLIC        P1
  D:00A0H         PUBLIC        P2
  D:00B0H         PUBLIC        P3
  D:00C0H         PUBLIC        P4
  D:0080H         PUBLIC        P5
  B:0022H.1       PUBLIC        base_10ms_f
  I:000AH         PUBLIC        clock
  I:000DH         PUBLIC        Down_Tmer
  C:52C6H         PUBLIC        _clock_init
  B:0022H.2       PUBLIC        rtc_sec_f
  C:5447H         PUBLIC        _delay_10us
  C:47F1H         PUBLIC        TimerNms_count
  C:4511H         PUBLIC        robam_task_ctrl
  I:0015H         PUBLIC        cycle_tmr
  I:0019H         PUBLIC        system_tmrs
  C:3FD1H         PUBLIC        Down_Clock
  C:4E10H         PUBLIC        _Clock
  B:0022H.3       PUBLIC        sec_flash_f
  -------         PROC          _DELAY_10US
  D:0006H         SYMBOL        i
  C:5447H         LINE#         42
  C:5447H         LINE#         43
  C:5447H         LINE#         44
  C:5451H         LINE#         45
  -------         ENDPROC       _DELAY_10US
  -------         PROC          ROBAM_TASK_CTRL
  -------         DO            
  X:0373H         SYMBOL        add_15min_up
  -------         ENDDO         
  C:4511H         LINE#         47
  C:4511H         LINE#         48
  C:4511H         LINE#         50
  C:4517H         LINE#         51
  C:4517H         LINE#         52
  C:451DH         LINE#         53
  C:451DH         LINE#         54
  C:4542H         LINE#         55
  C:4550H         LINE#         56
  C:4550H         LINE#         58
  C:456CH         LINE#         59
  C:456CH         LINE#         60
  C:4572H         LINE#         61
  C:457CH         LINE#         62
  C:457CH         LINE#         64
  C:458BH         LINE#         65
  C:458BH         LINE#         66
  C:458FH         LINE#         67
  C:4592H         LINE#         68
  C:4592H         LINE#         69
  C:4592H         LINE#         70
  -------         ENDPROC       ROBAM_TASK_CTRL
  -------         PROC          DOWN_CLOCK
  C:3FD1H         LINE#         77
  C:3FD1H         LINE#         78
BL51 BANKED LINKER/LOCATER V6.22                                                      08/25/2022  14:01:04  PAGE 26


  C:3FD1H         LINE#         79
  C:3FD6H         LINE#         80
  C:3FD6H         LINE#         81
  C:3FDFH         LINE#         82
  C:3FDFH         LINE#         83
  C:3FF1H         LINE#         84
  C:4003H         LINE#         85
  C:4017H         LINE#         86
  C:402BH         LINE#         87
  C:4032H         LINE#         88
  C:4032H         LINE#         89
  C:4035H         LINE#         90
  C:4037H         LINE#         91
  C:403AH         LINE#         92
  C:403CH         LINE#         94
  C:403CH         LINE#         95
  C:4040H         LINE#         96
  C:4048H         LINE#         97
  C:4048H         LINE#         98
  C:4048H         LINE#         99
  C:404AH         LINE#         101
  C:404AH         LINE#         102
  C:4062H         LINE#         103
  C:4062H         LINE#         104
  C:4067H         LINE#         105
  C:4067H         LINE#         106
  C:4072H         LINE#         107
  C:4072H         LINE#         109
  -------         ENDPROC       DOWN_CLOCK
  -------         PROC          _CLOCK
  D:0001H         SYMBOL        clock
  C:4E10H         LINE#         117
  C:4E10H         LINE#         118
  C:4E10H         LINE#         119
  C:4E16H         LINE#         120
  C:4E16H         LINE#         121
  C:4E23H         LINE#         122
  C:4E23H         LINE#         123
  C:4E2AH         LINE#         125
  C:4E37H         LINE#         126
  C:4E37H         LINE#         127
  C:4E3EH         LINE#         129
  C:4E48H         LINE#         130
  C:4E48H         LINE#         131
  C:4E4CH         LINE#         132
  C:4E4CH         LINE#         133
  C:4E4CH         LINE#         134
  C:4E4CH         LINE#         135
  C:4E4CH         LINE#         137
  -------         ENDPROC       _CLOCK
  -------         PROC          _CLOCK_INIT
  D:0001H         SYMBOL        clock
  C:52C6H         LINE#         145
  C:52C6H         LINE#         146
  C:52C6H         LINE#         147
  C:52CBH         LINE#         148
  C:52D3H         LINE#         149
BL51 BANKED LINKER/LOCATER V6.22                                                      08/25/2022  14:01:04  PAGE 27


  C:52DAH         LINE#         150
  -------         ENDPROC       _CLOCK_INIT
  -------         PROC          TIMERNMS_COUNT
  -------         DO            
  X:0375H         SYMBOL        nms_ct
  -------         ENDDO         
  C:47F1H         LINE#         158
  C:47F1H         LINE#         159
  C:47F1H         LINE#         162
  C:480BH         LINE#         164
  C:480FH         LINE#         166
  C:481AH         LINE#         167
  C:481CH         LINE#         169
  C:4824H         LINE#         170
  C:482AH         LINE#         172
  C:4833H         LINE#         173
  C:4839H         LINE#         175
  C:4843H         LINE#         176
  C:4843H         LINE#         177
  C:4849H         LINE#         178
  C:484EH         LINE#         179
  C:484EH         LINE#         181
  C:4854H         LINE#         182
  C:4854H         LINE#         183
  C:485AH         LINE#         184
  C:485FH         LINE#         185
  C:485FH         LINE#         202
  -------         ENDPROC       TIMERNMS_COUNT
  -------         ENDMOD        APP_TIMER

  -------         MODULE        BUZZER
  C:0000H         SYMBOL        _ICE_DUMMY_
  D:0080H         PUBLIC        P0
  D:0090H         PUBLIC        P1
  D:00A0H         PUBLIC        P2
  D:00B0H         PUBLIC        P3
  D:00C0H         PUBLIC        P4
  D:0080H         PUBLIC        P5
  D:00D9H         PUBLIC        PWM0CON
  X:034CH         SYMBOL        pTone
  B:00B0H.5       PUBLIC        P3_5
  B:00B0H.6       PUBLIC        P3_6
  D:00DDH         PUBLIC        PWM0DH
  D:00DCH         PUBLIC        PWM0DL
  D:00DBH         PUBLIC        PWM0PH
  D:00DAH         PUBLIC        PWM0PL
  C:4487H         PUBLIC        Tone1
  C:44A5H         PUBLIC        Tone2
  C:44BDH         PUBLIC        Tone3
  C:44D5H         PUBLIC        Tone4
  C:44E1H         PUBLIC        Tone5
  C:44EDH         PUBLIC        Tone6
  C:44FFH         PUBLIC        tone_tbl
  C:4F74H         PUBLIC        _music_buzz_start
  C:5423H         PUBLIC        music_buzz_init
  C:3D99H         PUBLIC        music_buzz_ctrl
  X:034EH         PUBLIC        buzz_step
BL51 BANKED LINKER/LOCATER V6.22                                                      08/25/2022  14:01:04  PAGE 28


  C:523DH         PUBLIC        _music_buzz_SetFreq
  C:5472H         PUBLIC        music_buzz_FrqOff
  -------         PROC          MUSIC_BUZZ_FRQOFF
  C:5472H         LINE#         25
  C:5472H         LINE#         26
  C:5472H         LINE#         27
  C:5474H         LINE#         29
  C:5477H         LINE#         30
  C:5479H         LINE#         31
  C:547BH         LINE#         32
  -------         ENDPROC       MUSIC_BUZZ_FRQOFF
  -------         PROC          _MUSIC_BUZZ_SETFREQ
  D:0004H         SYMBOL        f
  C:523DH         LINE#         42
  C:5241H         LINE#         43
  C:5241H         LINE#         44
  C:5244H         LINE#         45
  C:5247H         LINE#         46
  C:524FH         LINE#         47
  C:5252H         LINE#         49
  C:5255H         LINE#         50
  -------         ENDPROC       _MUSIC_BUZZ_SETFREQ
  -------         PROC          _MUSIC_BUZZ_START
  D:0007H         SYMBOL        type
  C:4F74H         LINE#         109
  C:4F74H         LINE#         110
  C:4F74H         LINE#         111
  C:4F7AH         LINE#         113
  C:4F9AH         LINE#         115
  C:4F9DH         LINE#         116
  -------         ENDPROC       _MUSIC_BUZZ_START
  -------         PROC          MUSIC_BUZZ_CTRL
  -------         DO            
  X:0346H         SYMBOL        Tone
  -------         ENDDO         
  C:3D99H         LINE#         124
  C:3D99H         LINE#         125
  C:3D99H         LINE#         128
  C:3DA6H         LINE#         129
  C:3DA6H         LINE#         130
  C:3DA6H         LINE#         131
  C:3DBFH         LINE#         134
  C:3DD5H         LINE#         135
  C:3DD5H         LINE#         136
  C:3DDBH         LINE#         137
  C:3DDCH         LINE#         138
  C:3DDCH         LINE#         140
  C:3DF0H         LINE#         141
  C:3E0BH         LINE#         143
  C:3E11H         LINE#         144
  C:3E12H         LINE#         146
  C:3E12H         LINE#         147
  C:3E1CH         LINE#         148
  C:3E1CH         LINE#         149
  C:3E2AH         LINE#         150
  C:3E3FH         LINE#         151
  C:3E3FH         LINE#         152
BL51 BANKED LINKER/LOCATER V6.22                                                      08/25/2022  14:01:04  PAGE 29


  C:3E41H         LINE#         153
  C:3E42H         LINE#         155
  C:3E42H         LINE#         156
  C:3E44H         LINE#         157
  C:3E44H         LINE#         158
  C:3E45H         LINE#         160
  C:3E45H         LINE#         161
  C:3E53H         LINE#         162
  C:3E58H         LINE#         163
  C:3E58H         LINE#         164
  C:3E59H         LINE#         166
  C:3E59H         LINE#         167
  C:3E5BH         LINE#         168
  C:3E5EH         LINE#         169
  C:3E5EH         LINE#         170
  C:3E5EH         LINE#         171
  -------         ENDPROC       MUSIC_BUZZ_CTRL
  -------         PROC          MUSIC_BUZZ_INIT
  C:5423H         LINE#         179
  C:5423H         LINE#         180
  C:5423H         LINE#         181
  C:5425H         LINE#         182
  C:5428H         LINE#         183
  C:542EH         LINE#         184
  -------         ENDPROC       MUSIC_BUZZ_INIT
  -------         ENDMOD        BUZZER

  -------         MODULE        KEY_V2_3
  C:0000H         SYMBOL        _ICE_DUMMY_
  D:0080H         PUBLIC        P0
  D:0090H         PUBLIC        P1
  D:00A0H         PUBLIC        P2
  D:00B0H         PUBLIC        P3
  D:00C0H         PUBLIC        P4
  D:0080H         PUBLIC        P5
  C:54B4H         PUBLIC        get_scan_value
  I:001AH         PUBLIC        kb
  C:54B5H         PUBLIC        Down_ct
  X:0376H         PUBLIC        scan_key
  C:424EH         PUBLIC        key_scan
  C:42DFH         PUBLIC        _key_time_count
  -------         PROC          GET_SCAN_VALUE
  C:54B4H         LINE#         25
  C:54B4H         LINE#         26
  C:54B4H         LINE#         47
  -------         ENDPROC       GET_SCAN_VALUE
  -------         PROC          KEY_SCAN
  -------         DO            
  D:0006H         SYMBOL        keyscanval
  -------         ENDDO         
  C:424EH         LINE#         54
  C:424EH         LINE#         55
  C:424EH         LINE#         56
  C:4251H         LINE#         58
  C:4259H         LINE#         60
  C:425FH         LINE#         61
  C:425FH         LINE#         62
BL51 BANKED LINKER/LOCATER V6.22                                                      08/25/2022  14:01:04  PAGE 30


  C:42A9H         LINE#         63
  C:42A9H         LINE#         64
  C:42ACH         LINE#         65
  C:42AFH         LINE#         66
  C:42B2H         LINE#         67
  C:42B5H         LINE#         68
  C:42B8H         LINE#         69
  C:42BBH         LINE#         70
  C:42BEH         LINE#         71
  C:42C1H         LINE#         72
  C:42C4H         LINE#         73
  C:42C7H         LINE#         74
  C:42CAH         LINE#         75
  C:42CDH         LINE#         76
  C:42D0H         LINE#         77
  C:42D3H         LINE#         78
  C:42D6H         LINE#         79
  C:42D9H         LINE#         80
  C:42D9H         LINE#         81
  C:42DCH         LINE#         82
  C:42DCH         LINE#         83
  C:42DCH         LINE#         85
  C:42DEH         LINE#         86
  -------         ENDPROC       KEY_SCAN
  -------         PROC          _KEY_TIME_COUNT
  D:0001H         SYMBOL        kb
  C:42DFH         LINE#         94
  C:42DFH         LINE#         95
  C:42DFH         LINE#         96
  C:42E7H         LINE#         97
  C:42F2H         LINE#         98
  C:42FCH         LINE#         100
  C:4303H         LINE#         102
  C:430AH         LINE#         103
  C:4329H         LINE#         104
  C:4329H         LINE#         105
  C:4329H         LINE#         106
  C:4331H         LINE#         107
  C:4332H         LINE#         109
  C:4332H         LINE#         110
  C:433AH         LINE#         111
  C:433BH         LINE#         113
  C:433BH         LINE#         114
  C:4343H         LINE#         115
  C:4344H         LINE#         117
  C:4344H         LINE#         118
  C:434CH         LINE#         119
  C:434DH         LINE#         121
  C:434DH         LINE#         122
  C:4355H         LINE#         123
  C:4356H         LINE#         125
  C:4356H         LINE#         126
  C:435EH         LINE#         127
  C:435FH         LINE#         129
  C:435FH         LINE#         130
  C:4365H         LINE#         131
  C:436DH         LINE#         132
BL51 BANKED LINKER/LOCATER V6.22                                                      08/25/2022  14:01:04  PAGE 31


  C:436DH         LINE#         133
  -------         ENDPROC       _KEY_TIME_COUNT
  -------         ENDMOD        KEY_V2_3

  -------         MODULE        KEY_V2_3_LIB
  C:0000H         SYMBOL        _ICE_DUMMY_
  D:0080H         PUBLIC        P0
  D:0090H         PUBLIC        P1
  D:00A0H         PUBLIC        P2
  D:00B0H         PUBLIC        P3
  D:00C0H         PUBLIC        P4
  D:0080H         PUBLIC        P5
  C:5039H         SYMBOL        _key_up_deal
  X:036FH         SYMBOL        scan_state
  C:5150H         PUBLIC        _key_board_waitup
  C:30FBH         PUBLIC        _key_board_scan
  C:516FH         PUBLIC        _key_board_init
  -------         PROC          _KEY_BOARD_INIT
  D:0001H         SYMBOL        kb
  C:516FH         LINE#         27
  C:516FH         LINE#         28
  C:516FH         LINE#         29
  C:5176H         LINE#         30
  C:517DH         LINE#         31
  C:5184H         LINE#         32
  C:5188H         LINE#         34
  C:518CH         LINE#         35
  -------         ENDPROC       _KEY_BOARD_INIT
  -------         PROC          _KEY_UP_DEAL
  D:0001H         SYMBOL        kb
  C:5039H         LINE#         43
  C:5039H         LINE#         44
  C:5039H         LINE#         45
  C:5044H         LINE#         46
  C:504EH         LINE#         48
  C:5056H         LINE#         50
  C:505DH         LINE#         51
  -------         ENDPROC       _KEY_UP_DEAL
  -------         PROC          _KEY_BOARD_SCAN
  X:02E8H         SYMBOL        kb
  -------         DO            
  X:036CH         SYMBOL        old_scan_v
  X:036DH         SYMBOL        old_key_v
  X:036EH         SYMBOL        scan_ct
  D:0007H         SYMBOL        scanvaltmp
  C:3162H         SYMBOL        nokey
  -------         ENDDO         
  C:30FBH         LINE#         60
  C:3106H         LINE#         61
  C:3106H         LINE#         68
  C:3109H         LINE#         70
  C:3110H         LINE#         71
  C:3110H         LINE#         72
  C:3112H         LINE#         73
  C:3117H         LINE#         74
  C:3119H         LINE#         75
  C:3119H         LINE#         77
BL51 BANKED LINKER/LOCATER V6.22                                                      08/25/2022  14:01:04  PAGE 32


  C:3129H         LINE#         78
  C:312BH         LINE#         79
  C:3130H         LINE#         81
  C:3138H         LINE#         82
  C:3138H         LINE#         83
  C:313DH         LINE#         84
  C:3147H         LINE#         85
  C:3147H         LINE#         86
  C:314AH         LINE#         87
  C:314EH         LINE#         89
  C:3150H         LINE#         90
  C:3150H         LINE#         92
  C:3154H         LINE#         93
  C:3154H         LINE#         96
  C:3159H         LINE#         97
  C:3159H         LINE#         99
  C:3162H         LINE#         100
  C:3162H         LINE#         101
  C:3162H         LINE#         102
  C:3171H         LINE#         103
  C:3183H         LINE#         104
  C:318AH         LINE#         105
  C:3191H         LINE#         106
  C:3193H         LINE#         107
  C:3193H         LINE#         109
  C:3197H         LINE#         110
  C:3197H         LINE#         111
  C:319DH         LINE#         112
  C:31A2H         LINE#         113
  C:31A4H         LINE#         114
  C:31A4H         LINE#         116
  C:31A7H         LINE#         117
  C:31A7H         LINE#         118
  C:31BBH         LINE#         119
  C:31C0H         LINE#         120
  C:31CEH         LINE#         121
  C:31D0H         LINE#         122
  C:31D0H         LINE#         124
  C:31D8H         LINE#         125
  C:31D8H         LINE#         127
  C:31DBH         LINE#         128
  C:31DBH         LINE#         129
  C:31ECH         LINE#         130
  C:31FAH         LINE#         131
  C:31FCH         LINE#         133
  C:31FCH         LINE#         138
  C:3210H         LINE#         139
  C:3215H         LINE#         140
  C:3223H         LINE#         144
  C:3223H         LINE#         151
  C:3225H         LINE#         153
  C:3225H         LINE#         154
  C:3233H         LINE#         155
  C:3233H         LINE#         157
  C:3234H         LINE#         158
  -------         ENDPROC       _KEY_BOARD_SCAN
  -------         PROC          _KEY_BOARD_WAITUP
BL51 BANKED LINKER/LOCATER V6.22                                                      08/25/2022  14:01:04  PAGE 33


  D:0001H         SYMBOL        kb
  C:5150H         LINE#         166
  C:5150H         LINE#         167
  C:5150H         LINE#         169
  C:5156H         LINE#         171
  C:515AH         LINE#         172
  C:5160H         LINE#         173
  C:5167H         LINE#         174
  C:516EH         LINE#         175
  -------         ENDPROC       _KEY_BOARD_WAITUP
  -------         ENDMOD        KEY_V2_3_LIB

  -------         MODULE        MISC
  C:0000H         SYMBOL        _ICE_DUMMY_
  C:538AH         PUBLIC        _write_u16_int51
  C:002EH         PUBLIC        _inc_data_16
  D:0080H         PUBLIC        P0
  D:0090H         PUBLIC        P1
  C:531AH         PUBLIC        _lim_min_8
  D:00A0H         PUBLIC        P2
  D:00B0H         PUBLIC        P3
  C:53DCH         PUBLIC        _lim_max_8
  D:00C0H         PUBLIC        P4
  D:0080H         PUBLIC        P5
  C:218FH         PUBLIC        crc16_table
  C:53EBH         PUBLIC        _u16_dn
  C:3688H         PUBLIC        _bubble_sort
  C:41B2H         PUBLIC        _simple_itoa
  C:50A7H         PUBLIC        _get_pin_state2
  C:532EH         PUBLIC        _u16_up
  C:5285H         PUBLIC        _lim_min_16
  C:4E4DH         PUBLIC        _verify_check_sum
  C:4691H         PUBLIC        _crc16_cal
  C:526FH         PUBLIC        _lim_max_16
  C:53ACH         PUBLIC        _dec_data_8
  C:5379H         PUBLIC        _inc_data_8
  C:4BD2H         PUBLIC        _get_check_sum
[...]
  C:0660H         LINE#         343
  C:06A5H         LINE#         345
  C:06DCH         LINE#         347
  C:0726H         LINE#         348
  C:0726H         LINE#         349
  C:072EH         LINE#         350
  C:072EH         LINE#         351
  C:0730H         LINE#         352
  C:0730H         LINE#         353
  C:0732H         LINE#         354
  C:0732H         LINE#         355
  C:078EH         LINE#         356
  C:078EH         LINE#         357
  C:0796H         LINE#         358
  C:0796H         LINE#         359
BL51 BANKED LINKER/LOCATER V6.22                                                      08/25/2022  14:01:04  PAGE 75


  C:0798H         LINE#         360
  C:0798H         LINE#         361
  C:079AH         LINE#         362
  C:079AH         LINE#         363
  C:07A0H         LINE#         364
  C:07A0H         LINE#         365
  C:07DAH         LINE#         366
  C:07FFH         LINE#         367
  C:0844H         LINE#         368
  C:0844H         LINE#         369
  C:084CH         LINE#         370
  C:084CH         LINE#         371
  C:084EH         LINE#         372
  C:084EH         LINE#         373
  C:0850H         LINE#         374
  C:0857H         LINE#         375
  C:085CH         LINE#         376
  C:085CH         LINE#         377
  C:085CH         LINE#         378
  C:0897H         LINE#         379
  C:08AFH         LINE#         381
  C:08E5H         LINE#         382
  C:08E5H         LINE#         383
  C:08FCH         LINE#         384
  C:090EH         LINE#         385
  C:0913H         LINE#         386
  C:0959H         LINE#         387
  C:0986H         LINE#         388
  C:0986H         LINE#         389
  C:099DH         LINE#         390
  C:09AFH         LINE#         392
  C:09BFH         LINE#         393
  C:09BFH         LINE#         396
  C:09C9H         LINE#         397
  C:09C9H         LINE#         399
  C:09E3H         LINE#         400
  C:09E3H         LINE#         401
  C:0A6DH         LINE#         402
  C:0A6DH         LINE#         403
  C:0A6DH         LINE#         404
  C:0A6FH         LINE#         406
  C:0A6FH         LINE#         407
  C:0A74H         LINE#         408
  C:0A74H         LINE#         409
  C:0A77H         LINE#         411
  C:0A77H         LINE#         412
  C:0A77H         LINE#         413
  C:0A77H         LINE#         414
  C:0A79H         LINE#         417
  C:0A79H         LINE#         418
  C:0A7CH         LINE#         419
  C:0A7CH         LINE#         420
  C:0A7FH         LINE#         422
  C:0A7FH         LINE#         423
  C:0A84H         LINE#         424
  C:0A84H         LINE#         425
  C:0A87H         LINE#         427
BL51 BANKED LINKER/LOCATER V6.22                                                      08/25/2022  14:01:04  PAGE 76


  C:0A87H         LINE#         428
  C:0A8CH         LINE#         429
  C:0AA3H         LINE#         431
  C:0ACCH         LINE#         432
  C:0ACCH         LINE#         433
  C:0ADEH         LINE#         434
  C:0ADEH         LINE#         436
  C:0AFAH         LINE#         437
  C:0AFAH         LINE#         438
  C:0B02H         LINE#         439
  C:0B02H         LINE#         440
  C:0B1BH         LINE#         441
  C:0B1BH         LINE#         442
  C:0B2AH         LINE#         443
  C:0B2AH         LINE#         444
  C:0B74H         LINE#         445
  C:0B74H         LINE#         446
  C:0B90H         LINE#         447
  C:0B90H         LINE#         448
  C:0B9BH         LINE#         449
  C:0B9BH         LINE#         451
  C:0C07H         LINE#         452
  C:0C07H         LINE#         453
  C:0C07H         LINE#         454
  C:0C09H         LINE#         456
  C:0C09H         LINE#         457
  C:0C1FH         LINE#         458
  C:0C1FH         LINE#         459
  C:0C22H         LINE#         461
  C:0C22H         LINE#         462
  C:0C2FH         LINE#         463
  C:0C2FH         LINE#         465
  C:0C2FH         LINE#         466
  C:0C32H         LINE#         468
  C:0C32H         LINE#         469
  C:0C49H         LINE#         470
  C:0C8EH         LINE#         471
  C:0C93H         LINE#         472
  C:0CA5H         LINE#         474
  C:0CDAH         LINE#         475
  C:0CDAH         LINE#         476
  C:0CDFH         LINE#         477
  C:0D66H         LINE#         478
  C:0D66H         LINE#         479
  C:0D7DH         LINE#         480
  C:0D80H         LINE#         482
  C:0D80H         LINE#         483
  C:0D97H         LINE#         484
  C:0DA2H         LINE#         485
  C:0DA2H         LINE#         486
  C:0DF8H         LINE#         487
  C:0DF8H         LINE#         488
  C:0DF8H         LINE#         489
  C:0DFBH         LINE#         491
  C:0DFBH         LINE#         492
  C:0E12H         LINE#         493
  C:0E23H         LINE#         495
BL51 BANKED LINKER/LOCATER V6.22                                                      08/25/2022  14:01:04  PAGE 77


  C:0E6DH         LINE#         496
  C:0E6DH         LINE#         498
  C:0E7FH         LINE#         499
  C:0E8CH         LINE#         500
  C:0E8CH         LINE#         501
  C:0E94H         LINE#         502
  C:0E94H         LINE#         503
  C:0EF3H         LINE#         504
  C:0EF3H         LINE#         505
  C:0EF3H         LINE#         506
  C:0EF5H         LINE#         508
  C:0EF5H         LINE#         509
  C:0EFBH         LINE#         510
  C:0EFBH         LINE#         511
  C:0EFDH         LINE#         513
  C:0EFDH         LINE#         514
  C:0F02H         LINE#         515
  C:0F02H         LINE#         516
  C:0F1DH         LINE#         517
  C:0F1DH         LINE#         518
  C:0F25H         LINE#         519
  C:0F25H         LINE#         520
  C:0F3EH         LINE#         521
  C:0F3EH         LINE#         523
  C:0F4DH         LINE#         524
  C:0F4DH         LINE#         526
  C:0F4DH         LINE#         527
  C:0F4DH         LINE#         528
  C:0F59H         LINE#         529
  C:0F59H         LINE#         530
  C:0F9AH         LINE#         531
  C:0F9AH         LINE#         532
  C:0FB1H         LINE#         533
  C:0FCCH         LINE#         534
  C:0FCCH         LINE#         535
  C:1006H         LINE#         536
  C:1006H         LINE#         537
  C:1006H         LINE#         538
  C:1008H         LINE#         540
  C:1008H         LINE#         541
  C:101EH         LINE#         542
  C:101EH         LINE#         543
  C:101EH         LINE#         544
  C:102FH         LINE#         545
  C:102FH         LINE#         546
  C:1039H         LINE#         547
  C:1056H         LINE#         548
  C:106EH         LINE#         549
  C:1083H         LINE#         550
  C:1085H         LINE#         552
  C:1085H         LINE#         553
  C:108FH         LINE#         554
  C:10A9H         LINE#         555
  C:10C1H         LINE#         556
  C:10DBH         LINE#         557
  C:10DBH         LINE#         558
  C:10E4H         LINE#         559
BL51 BANKED LINKER/LOCATER V6.22                                                      08/25/2022  14:01:04  PAGE 78


  C:10FAH         LINE#         560
  C:10FAH         LINE#         562
  C:1117H         LINE#         563
  C:1117H         LINE#         564
  C:1151H         LINE#         565
  C:1168H         LINE#         566
  C:1168H         LINE#         567
  C:1183H         LINE#         568
  C:1186H         LINE#         569
  C:1186H         LINE#         570
  C:118BH         LINE#         571
  C:118BH         LINE#         572
  C:1199H         LINE#         573
  C:1199H         LINE#         574
  C:11DDH         LINE#         575
  C:11F2H         LINE#         576
  C:11F4H         LINE#         577
  C:11FAH         LINE#         578
  C:11FAH         LINE#         579
  C:1241H         LINE#         580
  C:1241H         LINE#         581
  C:124AH         LINE#         583
  C:1254H         LINE#         584
  C:1254H         LINE#         585
  C:126AH         LINE#         586
  C:126AH         LINE#         588
  C:1274H         LINE#         589
  C:1274H         LINE#         590
  C:1293H         LINE#         591
  C:1293H         LINE#         592
  C:12FCH         LINE#         593
  C:12FCH         LINE#         594
  C:1333H         LINE#         595
  C:1333H         LINE#         596
  C:1335H         LINE#         603
  C:1335H         LINE#         604
  C:1364H         LINE#         605
  C:136AH         LINE#         606
  C:136AH         LINE#         607
  C:136DH         LINE#         609
  C:136DH         LINE#         610
  C:13D0H         LINE#         611
  C:13D0H         LINE#         612
  C:13D6H         LINE#         613
  C:1406H         LINE#         614
  C:1408H         LINE#         616
  C:1408H         LINE#         617
  C:1442H         LINE#         618
  C:1442H         LINE#         619
  C:1442H         LINE#         620
  C:144BH         LINE#         621
  C:144BH         LINE#         623
  C:144BH         LINE#         624
  C:1453H         LINE#         625
  C:1453H         LINE#         626
  C:146FH         LINE#         627
  C:146FH         LINE#         628
BL51 BANKED LINKER/LOCATER V6.22                                                      08/25/2022  14:01:04  PAGE 79


  C:146FH         LINE#         630
  C:148CH         LINE#         631
  C:148CH         LINE#         632
  C:14A2H         LINE#         633
  C:14A2H         LINE#         634
  C:14DCH         LINE#         635
  C:14EEH         LINE#         636
  C:1503H         LINE#         637
  C:1513H         LINE#         638
  C:1516H         LINE#         639
  C:1516H         LINE#         640
  C:1528H         LINE#         641
  C:152FH         LINE#         642
  C:1546H         LINE#         643
  C:1548H         LINE#         645
  C:1548H         LINE#         646
  C:155AH         LINE#         647
  C:1561H         LINE#         648
  C:1578H         LINE#         649
  C:1578H         LINE#         650
  C:1581H         LINE#         651
  C:158BH         LINE#         652
  C:158BH         LINE#         653
  C:159BH         LINE#         654
  C:159BH         LINE#         655
  C:15B0H         LINE#         656
  C:15B0H         LINE#         657
  C:15B3H         LINE#         658
  C:15B3H         LINE#         659
  C:15BAH         LINE#         660
  C:15F4H         LINE#         661
  C:15F4H         LINE#         662
  C:1606H         LINE#         663
  C:161BH         LINE#         664
  C:162BH         LINE#         665
  C:163BH         LINE#         666
  C:163BH         LINE#         667
  C:1645H         LINE#         668
  C:1657H         LINE#         669
  C:1659H         LINE#         671
  C:1659H         LINE#         672
  C:1663H         LINE#         673
  C:1675H         LINE#         674
  C:1675H         LINE#         675
  C:167EH         LINE#         676
  C:1688H         LINE#         677
  C:1688H         LINE#         679
  C:1692H         LINE#         680
  C:1692H         LINE#         681
  C:16A8H         LINE#         682
  C:16A8H         LINE#         683
  C:16ABH         LINE#         684
  C:16D8H         LINE#         685
  C:16DEH         LINE#         686
  C:1710H         LINE#         687
  C:1716H         LINE#         688
  C:171DH         LINE#         689
BL51 BANKED LINKER/LOCATER V6.22                                                      08/25/2022  14:01:04  PAGE 80


  C:171DH         LINE#         690
  C:1733H         LINE#         691
  C:1733H         LINE#         692
  C:1738H         LINE#         693
  C:1738H         LINE#         694
  C:175FH         LINE#         695
  C:175FH         LINE#         696
  C:175FH         LINE#         697
  C:175FH         LINE#         698
  C:175FH         LINE#         699
  C:175FH         LINE#         700
  C:1761H         LINE#         701
  C:1769H         LINE#         702
  C:1769H         LINE#         703
  C:178DH         LINE#         704
  C:178DH         LINE#         705
  C:17B3H         LINE#         706
  C:17D9H         LINE#         707
  C:17DAH         LINE#         708
  C:17DAH         LINE#         709
  C:17DCH         LINE#         711
  C:17DCH         LINE#         712
  C:17EFH         LINE#         713
  C:17EFH         LINE#         714
  C:17F8H         LINE#         715
  C:17F8H         LINE#         719
  C:1803H         LINE#         720
  C:1803H         LINE#         721
  C:1809H         LINE#         722
  C:1809H         LINE#         723
  C:180CH         LINE#         724
  C:180CH         LINE#         725
  C:1814H         LINE#         726
  C:1814H         LINE#         727
  C:1816H         LINE#         728
  C:1816H         LINE#         729
  C:1818H         LINE#         730
  C:181BH         LINE#         732
  C:181BH         LINE#         733
  C:1830H         LINE#         734
  C:1830H         LINE#         735
  C:186AH         LINE#         736
  C:187CH         LINE#         737
  C:1891H         LINE#         738
  C:18A1H         LINE#         739
  C:18B1H         LINE#         740
  C:18B1H         LINE#         741
  C:18BBH         LINE#         742
  C:18CDH         LINE#         743
  C:18CFH         LINE#         745
  C:18CFH         LINE#         746
  C:18D9H         LINE#         747
  C:18EBH         LINE#         748
  C:18EBH         LINE#         749
  C:18F4H         LINE#         750
  C:18FEH         LINE#         751
  C:18FEH         LINE#         752
BL51 BANKED LINKER/LOCATER V6.22                                                      08/25/2022  14:01:04  PAGE 81


  C:18FEH         LINE#         753
  C:18FEH         LINE#         755
  C:1904H         LINE#         757
  C:1908H         LINE#         758
  C:1908H         LINE#         759
  C:190AH         LINE#         760
  C:1912H         LINE#         761
  C:1912H         LINE#         762
  C:1914H         LINE#         763
  C:1914H         LINE#         764
  C:1914H         LINE#         766
  C:191CH         LINE#         767
  C:191CH         LINE#         768
  C:1920H         LINE#         769
  C:1920H         LINE#         770
  C:192BH         LINE#         771
  C:192BH         LINE#         772
  C:192CH         LINE#         773
  C:192CH         LINE#         774
  C:192FH         LINE#         775
  C:192FH         LINE#         776
  C:1931H         LINE#         777
  C:1931H         LINE#         778
  C:1939H         LINE#         779
  C:1939H         LINE#         780
  C:193DH         LINE#         781
  C:1940H         LINE#         782
  C:1940H         LINE#         783
  -------         ENDPROC       KEY_JUDGE
  -------         PROC          TOUCHKEYINIT
  -------         DO            
  D:0003H         SYMBOL        i
  -------         ENDDO         
  C:3785H         LINE#         787
  C:3785H         LINE#         788
  C:3785H         LINE#         791
  C:3788H         LINE#         792
  C:378BH         LINE#         793
  C:378DH         LINE#         795
  C:3791H         LINE#         797
  C:379FH         LINE#         798
  C:379FH         LINE#         799
  C:37AFH         LINE#         800
  C:37BBH         LINE#         801
  C:37C7H         LINE#         802
  C:37D3H         LINE#         803
  C:37DDH         LINE#         804
  C:37E9H         LINE#         805
  C:37EBH         LINE#         808
  C:37FBH         LINE#         809
  C:3807H         LINE#         810
  C:3813H         LINE#         811
  C:381FH         LINE#         812
  C:3829H         LINE#         813
  C:3835H         LINE#         814
  C:3837H         LINE#         817
  C:3843H         LINE#         819
BL51 BANKED LINKER/LOCATER V6.22                                                      08/25/2022  14:01:04  PAGE 82


  C:3850H         LINE#         820
  C:385DH         LINE#         822
  C:386DH         LINE#         823
  C:3871H         LINE#         824
  -------         ENDPROC       TOUCHKEYINIT
  -------         ENDMOD        SINO_TOUCHKEY

  -------         MODULE        ?C?COPY
  C:1A11H         PUBLIC        ?C?COPY
  -------         ENDMOD        ?C?COPY

  -------         MODULE        ?C?CLDPTR
  C:1A37H         PUBLIC        ?C?CLDPTR
  -------         ENDMOD        ?C?CLDPTR

  -------         MODULE        ?C?CLDIPTR
  C:1A50H         PUBLIC        ?C?CLDIPTR
  -------         ENDMOD        ?C?CLDIPTR

  -------         MODULE        ?C?CLDOPTR
  C:1A74H         PUBLIC        ?C?CLDOPTR
  -------         ENDMOD        ?C?CLDOPTR

  -------         MODULE        ?C?CILDPTR
  C:1AA1H         PUBLIC        ?C?CILDPTR
  -------         ENDMOD        ?C?CILDPTR

  -------         MODULE        ?C?CILDOPTR
  C:1AC3H         PUBLIC        ?C?CILDOPTR
  -------         ENDMOD        ?C?CILDOPTR

  -------         MODULE        ?C?CSTPTR
  C:1AF6H         PUBLIC        ?C?CSTPTR
  -------         ENDMOD        ?C?CSTPTR

  -------         MODULE        ?C?CSTOPTR
  C:1B08H         PUBLIC        ?C?CSTOPTR
  -------         ENDMOD        ?C?CSTOPTR

  -------         MODULE        ?C?IMUL
  C:1B2AH         PUBLIC        ?C?IMUL
  -------         ENDMOD        ?C?IMUL

  -------         MODULE        ?C?UIDIV
  C:1B3CH         PUBLIC        ?C?UIDIV
  -------         ENDMOD        ?C?UIDIV

  -------         MODULE        ?C?IILDX
  C:1B91H         PUBLIC        ?C?IILDX
  -------         ENDMOD        ?C?IILDX

  -------         MODULE        ?C?ILDIX
  C:1BA7H         PUBLIC        ?C?ILDIX
  -------         ENDMOD        ?C?ILDIX

  -------         MODULE        ?C?ILDPTR
  C:1BBDH         PUBLIC        ?C?ILDPTR
BL51 BANKED LINKER/LOCATER V6.22                                                      08/25/2022  14:01:04  PAGE 83


  -------         ENDMOD        ?C?ILDPTR

  -------         MODULE        ?C?ILDOPTR
  C:1BE8H         PUBLIC        ?C?ILDOPTR
  -------         ENDMOD        ?C?ILDOPTR

  -------         MODULE        ?C?IILDPTR
  C:1C20H         PUBLIC        ?C?IILDPTR
  -------         ENDMOD        ?C?IILDPTR

  -------         MODULE        ?C?IILDOPTR
  C:1C58H         PUBLIC        ?C?IILDOPTR
  -------         ENDMOD        ?C?IILDOPTR

  -------         MODULE        ?C?ISTPTR
  C:1CA5H         PUBLIC        ?C?ISTPTR
  -------         ENDMOD        ?C?ISTPTR

  -------         MODULE        ?C?ISTOPTR
  C:1CC4H         PUBLIC        ?C?ISTOPTR
  -------         ENDMOD        ?C?ISTOPTR

  -------         MODULE        ?C?ULDIV
  C:1D2DH         PUBLIC        ?C?ULDIV
  -------         ENDMOD        ?C?ULDIV

  -------         MODULE        ?C?LNOT
  C:1DBFH         PUBLIC        ?C?LNOT
  -------         ENDMOD        ?C?LNOT

  -------         MODULE        ?C?ULCMP
  C:1DCCH         PUBLIC        ?C?ULCMP
  -------         ENDMOD        ?C?ULCMP

  -------         MODULE        ?C?ULSHR
  C:1DDDH         PUBLIC        ?C?ULSHR
  -------         ENDMOD        ?C?ULSHR

  -------         MODULE        ?C?LSHL
  C:1DF0H         PUBLIC        ?C?LSHL
  -------         ENDMOD        ?C?LSHL

  -------         MODULE        ?C?LSTXDATA
  C:1E03H         PUBLIC        ?C?LSTXDATA
  -------         ENDMOD        ?C?LSTXDATA

  -------         MODULE        ?C?LSTKXDATA
  C:1E0FH         PUBLIC        ?C?LSTKXDATA
  -------         ENDMOD        ?C?LSTKXDATA

  -------         MODULE        ?C?OFFXADD
  C:1E40H         PUBLIC        ?C?OFFXADD
  -------         ENDMOD        ?C?OFFXADD

  -------         MODULE        ?C?ICASE
  C:1E4CH         PUBLIC        ?C?ICASE
  -------         ENDMOD        ?C?ICASE
BL51 BANKED LINKER/LOCATER V6.22                                                      08/25/2022  14:01:04  PAGE 84



  -------         MODULE        ABS
  C:543BH         PUBLIC        _ABS
  -------         ENDMOD        ABS

Program Size: data=36.1 xdata=890 code=21686
LINK/LOCATE RUN COMPLETE.  0 WARNING(S),  0 ERROR(S)
